[INFO ODB-0227] LEF file: /pdk/libs.ref/sky130_fd_sc_hd/techlef/sky130_fd_sc_hd__nom.tlef, created 14 layers, 25 vias
[WARNING ODB-0220] WARNING (LEFPARS-2008): NOWIREEXTENSIONATPIN statement is obsolete in version 5.6 or later.
The NOWIREEXTENSIONATPIN statement will be ignored. See file /pdk/libs.ref/sky130_fd_sc_hd/lef/sky130_ef_sc_hd.lef at line 2.

[INFO ODB-0227] LEF file: /pdk/libs.ref/sky130_fd_sc_hd/lef/sky130_ef_sc_hd.lef, created 8 library cells
[WARNING ODB-0220] WARNING (LEFPARS-2008): NOWIREEXTENSIONATPIN statement is obsolete in version 5.6 or later.
The NOWIREEXTENSIONATPIN statement will be ignored. See file /pdk/libs.ref/sky130_fd_sc_hd/lef/sky130_fd_sc_hd.lef at line 2.

[INFO ODB-0227] LEF file: /pdk/libs.ref/sky130_fd_sc_hd/lef/sky130_fd_sc_hd.lef, created 437 library cells
[INFO ODB-0127] Reading DEF file: /work/crypto_aes.def
[INFO ODB-0128] Design: crypto_aes
[INFO ODB-0094] 		Created 100000 Insts
[INFO ODB-0130]     Created 156 pins.
[INFO ODB-0131]     Created 146986 components and 654371 component-terminals.
[INFO ODB-0132]     Created 2 special nets and 538552 connections.
[INFO ODB-0133]     Created 34175 nets and 115815 connections.
[INFO ODB-0134] Finished DEF file: /work/crypto_aes.def
[INFO] Using clock clk…
[INFO] Setting output delay to: 3
[INFO] Setting input delay to: 3
[INFO] Setting load to: 0.033442
[INFO] Setting clock uncertainty to: 0.25
[INFO] Setting clock transition to: 0.15
[INFO] Setting timing derate to: 5%
ICGT-LATCH HICG_L0_0_latch
max_delay/setup group clk

                                     Required  Actual
Endpoint                               Delay   Delay   Slack
------------------------------------------------------------
HICG_L0_0_latch/D (sky130_fd_sc_hd__dlxtp_1)    9.43    5.73    3.70 (MET)

min_delay/hold group clk

                                     Required  Actual
Endpoint                               Delay   Delay   Slack
------------------------------------------------------------
HICG_L0_0_latch/D (sky130_fd_sc_hd__dlxtp_1)    2.76    4.94    2.18 (MET)

ICGT-LATCH HICG_L0_1_latch
max_delay/setup group clk

                                     Required  Actual
Endpoint                               Delay   Delay   Slack
------------------------------------------------------------
HICG_L0_1_latch/D (sky130_fd_sc_hd__dlxtp_1)    9.01    8.22    0.80 (MET)

min_delay/hold group clk

                                     Required  Actual
Endpoint                               Delay   Delay   Slack
------------------------------------------------------------
HICG_L0_1_latch/D (sky130_fd_sc_hd__dlxtp_1)    2.33    5.56    3.24 (MET)

ICGT-LATCH HICG_L0_2_latch
max_delay/setup group clk

                                     Required  Actual
Endpoint                               Delay   Delay   Slack
------------------------------------------------------------
HICG_L0_2_latch/D (sky130_fd_sc_hd__dlxtp_1)    9.83    8.78    1.05 (MET)

min_delay/hold group clk

                                     Required  Actual
Endpoint                               Delay   Delay   Slack
------------------------------------------------------------
HICG_L0_2_latch/D (sky130_fd_sc_hd__dlxtp_1)    3.19    5.47    2.29 (MET)

ICGT-LATCH HICG_L0_3_latch
max_delay/setup group clk

                                     Required  Actual
Endpoint                               Delay   Delay   Slack
------------------------------------------------------------
HICG_L0_3_latch/D (sky130_fd_sc_hd__dlxtp_1)    9.82    8.78    1.04 (MET)

min_delay/hold group clk

                                     Required  Actual
Endpoint                               Delay   Delay   Slack
------------------------------------------------------------
HICG_L0_3_latch/D (sky130_fd_sc_hd__dlxtp_1)    3.18    5.51    2.33 (MET)

ICGT-LATCH HICG_L0_4_latch
max_delay/setup group clk

                                     Required  Actual
Endpoint                               Delay   Delay   Slack
------------------------------------------------------------
HICG_L0_4_latch/D (sky130_fd_sc_hd__dlxtp_1)    9.01    8.50    0.51 (MET)

min_delay/hold group clk

                                     Required  Actual
Endpoint                               Delay   Delay   Slack
------------------------------------------------------------
HICG_L0_4_latch/D (sky130_fd_sc_hd__dlxtp_1)    2.32    5.52    3.20 (MET)

ICGT-LATCH HICG_L1_5_latch
max_delay/setup group clk

                                     Required  Actual
Endpoint                               Delay   Delay   Slack
------------------------------------------------------------
HICG_L1_5_latch/D (sky130_fd_sc_hd__dlxtp_1)    8.96    7.20    1.76 (MET)

min_delay/hold group clk

                                     Required  Actual
Endpoint                               Delay   Delay   Slack
------------------------------------------------------------
HICG_L1_5_latch/D (sky130_fd_sc_hd__dlxtp_1)    2.24    5.51    3.27 (MET)

