Startpoint: rst_n (input port clocked by clk)
Endpoint: reg_r_data_r[0] (recovery check against rising-edge clock clk)
Path Group: asynchronous
Path Type: max

Fanout     Cap    Slew   Delay    Time   Description
-----------------------------------------------------------------------------
                          0.00    0.00   clock clk (rise edge)
                          0.00    0.00   clock network delay (propagated)
                          3.00    3.00 ^ input external delay
     1    0.01    0.04    0.03    3.03 ^ rst_n (in)
     2    0.06    0.06    0.09    3.12 ^ __inbuf_0/X (sky130_fd_sc_hd__buf_12)
     2    0.12    0.25    0.23    3.34 ^ __drvbuf_90/X (sky130_fd_sc_hd__buf_4)
     4    0.06    0.12    0.20    3.54 ^ rst_n_fobuf68/X (sky130_fd_sc_hd__buf_4)
     5    0.04    0.17    0.19    3.73 ^ __drvfix_2872/X (sky130_fd_sc_hd__buf_2)
     4    0.07    0.14    0.17    3.90 ^ rst_n_fobuf66/X (sky130_fd_sc_hd__buf_4)
     8    0.07    0.27    0.27    4.17 ^ __drvfix_2864/X (sky130_fd_sc_hd__buf_2)
                  0.27    0.00    4.17 ^ reg_r_data_r[0]/RESET_B (sky130_fd_sc_hd__dfrtp_1)
                                  4.17   data arrival time

                         15.00   15.00   clock clk (rise edge)
                          0.00   15.00   clock source latency
     2    0.04    0.14    0.10   15.10 ^ clk (in)
     1    0.08    0.11    0.16   15.26 ^ __drvfix_5357/X (sky130_fd_sc_hd__clkbuf_8)
     3    0.06    0.06    0.14   15.40 ^ clkbuf_3_290/X (sky130_fd_sc_hd__clkbuf_16)
     2    0.12    0.16    0.18   15.58 ^ __drvfix_5359/X (sky130_fd_sc_hd__clkbuf_8)
     8    0.16    0.13    0.19   15.77 ^ clkbuf_2_288/X (sky130_fd_sc_hd__clkbuf_16)
     1    0.00    0.04    0.09   15.87 ^ HICG_L0_0_sky130_fd_sc_hd__sdlclkp_1/X (sky130_fd_sc_hd__and2_1)
     3    0.01    0.10    0.10   15.97 ^ clkbuf_0_253/X (sky130_fd_sc_hd__clkbuf_1)
                  0.10    0.00   15.97 ^ reg_r_data_r[0]/CLK (sky130_fd_sc_hd__dfrtp_1)
                         -0.25   15.72   clock uncertainty
                          0.00   15.72   clock reconvergence pessimism
                          0.11   15.83   library recovery time
                                 15.83   data required time
-----------------------------------------------------------------------------
                                 15.83   data required time
                                 -4.17   data arrival time
-----------------------------------------------------------------------------
                                 11.65   slack (MET)


Startpoint: rst_n (input port clocked by clk)
Endpoint: reg_r_data_r[2] (recovery check against rising-edge clock clk)
Path Group: asynchronous
Path Type: max

Fanout     Cap    Slew   Delay    Time   Description
-----------------------------------------------------------------------------
                          0.00    0.00   clock clk (rise edge)
                          0.00    0.00   clock network delay (propagated)
                          3.00    3.00 ^ input external delay
     1    0.01    0.04    0.03    3.03 ^ rst_n (in)
     2    0.06    0.06    0.09    3.12 ^ __inbuf_0/X (sky130_fd_sc_hd__buf_12)
     2    0.12    0.25    0.23    3.34 ^ __drvbuf_90/X (sky130_fd_sc_hd__buf_4)
     4    0.06    0.12    0.20    3.54 ^ rst_n_fobuf68/X (sky130_fd_sc_hd__buf_4)
     5    0.04    0.17    0.19    3.73 ^ __drvfix_2872/X (sky130_fd_sc_hd__buf_2)
     4    0.07    0.14    0.17    3.90 ^ rst_n_fobuf66/X (sky130_fd_sc_hd__buf_4)
     8    0.07    0.27    0.27    4.17 ^ __drvfix_2864/X (sky130_fd_sc_hd__buf_2)
                  0.27    0.00    4.17 ^ reg_r_data_r[2]/RESET_B (sky130_fd_sc_hd__dfrtp_1)
                                  4.17   data arrival time

                         15.00   15.00   clock clk (rise edge)
                          0.00   15.00   clock source latency
     2    0.04    0.14    0.10   15.10 ^ clk (in)
     1    0.08    0.11    0.16   15.26 ^ __drvfix_5357/X (sky130_fd_sc_hd__clkbuf_8)
     3    0.06    0.06    0.14   15.40 ^ clkbuf_3_290/X (sky130_fd_sc_hd__clkbuf_16)
     2    0.12    0.16    0.18   15.58 ^ __drvfix_5359/X (sky130_fd_sc_hd__clkbuf_8)
     8    0.16    0.13    0.19   15.77 ^ clkbuf_2_288/X (sky130_fd_sc_hd__clkbuf_16)
     1    0.00    0.04    0.09   15.87 ^ HICG_L0_0_sky130_fd_sc_hd__sdlclkp_1/X (sky130_fd_sc_hd__and2_1)
     3    0.01    0.10    0.10   15.97 ^ clkbuf_0_253/X (sky130_fd_sc_hd__clkbuf_1)
                  0.10    0.00   15.97 ^ reg_r_data_r[2]/CLK (sky130_fd_sc_hd__dfrtp_1)
                         -0.25   15.72   clock uncertainty
                          0.00   15.72   clock reconvergence pessimism
                          0.11   15.83   library recovery time
                                 15.83   data required time
-----------------------------------------------------------------------------
                                 15.83   data required time
                                 -4.17   data arrival time
-----------------------------------------------------------------------------
                                 11.65   slack (MET)


Startpoint: rst_n (input port clocked by clk)
Endpoint: reg_data_in_1[4] (recovery check against rising-edge clock clk)
Path Group: asynchronous
Path Type: max

Fanout     Cap    Slew   Delay    Time   Description
-----------------------------------------------------------------------------
                          0.00    0.00   clock clk (rise edge)
                          0.00    0.00   clock network delay (propagated)
                          3.00    3.00 ^ input external delay
     1    0.01    0.04    0.03    3.03 ^ rst_n (in)
     2    0.06    0.06    0.09    3.12 ^ __inbuf_0/X (sky130_fd_sc_hd__buf_12)
     2    0.12    0.25    0.23    3.34 ^ __drvbuf_90/X (sky130_fd_sc_hd__buf_4)
     4    0.07    0.14    0.21    3.56 ^ rst_n_fobuf70/X (sky130_fd_sc_hd__buf_4)
     6    0.06    0.23    0.23    3.79 ^ __drvfix_2878/X (sky130_fd_sc_hd__buf_2)
     4    0.06    0.13    0.18    3.96 ^ rst_n_fobuf58/X (sky130_fd_sc_hd__buf_4)
     8    0.07    0.25    0.24    4.21 ^ __drvfix_2833/X (sky130_fd_sc_hd__buf_2)
                  0.25    0.00    4.21 ^ reg_data_in_1[4]/RESET_B (sky130_fd_sc_hd__dfrtp_4)
                                  4.21   data arrival time

                         15.00   15.00   clock clk (rise edge)
                          0.00   15.00   clock source latency
     2    0.04    0.14    0.10   15.10 ^ clk (in)
     1    0.08    0.11    0.16   15.26 ^ __drvfix_5357/X (sky130_fd_sc_hd__clkbuf_8)
     3    0.06    0.06    0.14   15.40 ^ clkbuf_3_290/X (sky130_fd_sc_hd__clkbuf_16)
     2    0.12    0.16    0.18   15.58 ^ __drvfix_5359/X (sky130_fd_sc_hd__clkbuf_8)
     8    0.16    0.13    0.19   15.77 ^ clkbuf_2_288/X (sky130_fd_sc_hd__clkbuf_16)
     8    0.11    0.10    0.17   15.94 ^ clkbuf_1_266/X (sky130_fd_sc_hd__clkbuf_16)
     8    0.03    0.04    0.11   16.05 ^ clkbuf_0_83/X (sky130_fd_sc_hd__clkbuf_16)
                  0.04    0.00   16.06 ^ reg_data_in_1[4]/CLK (sky130_fd_sc_hd__dfrtp_4)
                         -0.25   15.81   clock uncertainty
                          0.00   15.81   clock reconvergence pessimism
                          0.06   15.87   library recovery time
                                 15.87   data required time
-----------------------------------------------------------------------------
                                 15.87   data required time
                                 -4.21   data arrival time
-----------------------------------------------------------------------------
                                 11.66   slack (MET)


Startpoint: rst_n (input port clocked by clk)
Endpoint: reg_data_in_1[5] (recovery check against rising-edge clock clk)
Path Group: asynchronous
Path Type: max

Fanout     Cap    Slew   Delay    Time   Description
-----------------------------------------------------------------------------
                          0.00    0.00   clock clk (rise edge)
                          0.00    0.00   clock network delay (propagated)
                          3.00    3.00 ^ input external delay
     1    0.01    0.04    0.03    3.03 ^ rst_n (in)
     2    0.06    0.06    0.09    3.12 ^ __inbuf_0/X (sky130_fd_sc_hd__buf_12)
     2    0.12    0.25    0.23    3.34 ^ __drvbuf_90/X (sky130_fd_sc_hd__buf_4)
     4    0.07    0.14    0.21    3.56 ^ rst_n_fobuf70/X (sky130_fd_sc_hd__buf_4)
     6    0.06    0.23    0.23    3.79 ^ __drvfix_2878/X (sky130_fd_sc_hd__buf_2)
     4    0.06    0.13    0.18    3.96 ^ rst_n_fobuf58/X (sky130_fd_sc_hd__buf_4)
     8    0.07    0.25    0.24    4.21 ^ __drvfix_2833/X (sky130_fd_sc_hd__buf_2)
                  0.25    0.00    4.21 ^ reg_data_in_1[5]/RESET_B (sky130_fd_sc_hd__dfrtp_4)
                                  4.21   data arrival time

                         15.00   15.00   clock clk (rise edge)
                          0.00   15.00   clock source latency
     2    0.04    0.14    0.10   15.10 ^ clk (in)
     1    0.08    0.11    0.16   15.26 ^ __drvfix_5357/X (sky130_fd_sc_hd__clkbuf_8)
     3    0.06    0.06    0.14   15.40 ^ clkbuf_3_290/X (sky130_fd_sc_hd__clkbuf_16)
     2    0.12    0.16    0.18   15.58 ^ __drvfix_5359/X (sky130_fd_sc_hd__clkbuf_8)
     8    0.16    0.13    0.19   15.77 ^ clkbuf_2_288/X (sky130_fd_sc_hd__clkbuf_16)
     8    0.11    0.10    0.17   15.94 ^ clkbuf_1_266/X (sky130_fd_sc_hd__clkbuf_16)
     8    0.03    0.04    0.11   16.05 ^ clkbuf_0_83/X (sky130_fd_sc_hd__clkbuf_16)
                  0.04    0.00   16.06 ^ reg_data_in_1[5]/CLK (sky130_fd_sc_hd__dfrtp_4)
                         -0.25   15.81   clock uncertainty
                          0.00   15.81   clock reconvergence pessimism
                          0.06   15.87   library recovery time
                                 15.87   data required time
-----------------------------------------------------------------------------
                                 15.87   data required time
                                 -4.21   data arrival time
-----------------------------------------------------------------------------
                                 11.66   slack (MET)


Startpoint: rst_n (input port clocked by clk)
Endpoint: reg_data_in_1[2] (recovery check against rising-edge clock clk)
Path Group: asynchronous
Path Type: max

Fanout     Cap    Slew   Delay    Time   Description
-----------------------------------------------------------------------------
                          0.00    0.00   clock clk (rise edge)
                          0.00    0.00   clock network delay (propagated)
                          3.00    3.00 ^ input external delay
     1    0.01    0.04    0.03    3.03 ^ rst_n (in)
     2    0.06    0.06    0.09    3.12 ^ __inbuf_0/X (sky130_fd_sc_hd__buf_12)
     2    0.12    0.25    0.23    3.34 ^ __drvbuf_90/X (sky130_fd_sc_hd__buf_4)
     4    0.07    0.14    0.21    3.56 ^ rst_n_fobuf70/X (sky130_fd_sc_hd__buf_4)
     6    0.06    0.23    0.23    3.79 ^ __drvfix_2878/X (sky130_fd_sc_hd__buf_2)
     4    0.06    0.13    0.18    3.96 ^ rst_n_fobuf58/X (sky130_fd_sc_hd__buf_4)
     8    0.07    0.25    0.24    4.21 ^ __drvfix_2833/X (sky130_fd_sc_hd__buf_2)
                  0.25    0.00    4.21 ^ reg_data_in_1[2]/RESET_B (sky130_fd_sc_hd__dfrtp_4)
                                  4.21   data arrival time

                         15.00   15.00   clock clk (rise edge)
                          0.00   15.00   clock source latency
     2    0.04    0.14    0.10   15.10 ^ clk (in)
     1    0.08    0.11    0.16   15.26 ^ __drvfix_5357/X (sky130_fd_sc_hd__clkbuf_8)
     3    0.06    0.06    0.14   15.40 ^ clkbuf_3_290/X (sky130_fd_sc_hd__clkbuf_16)
     2    0.12    0.16    0.18   15.58 ^ __drvfix_5359/X (sky130_fd_sc_hd__clkbuf_8)
     8    0.16    0.13    0.19   15.77 ^ clkbuf_2_288/X (sky130_fd_sc_hd__clkbuf_16)
     8    0.11    0.10    0.17   15.94 ^ clkbuf_1_266/X (sky130_fd_sc_hd__clkbuf_16)
     8    0.03    0.04    0.11   16.05 ^ clkbuf_0_83/X (sky130_fd_sc_hd__clkbuf_16)
                  0.04    0.00   16.06 ^ reg_data_in_1[2]/CLK (sky130_fd_sc_hd__dfrtp_4)
                         -0.25   15.81   clock uncertainty
                          0.00   15.81   clock reconvergence pessimism
                          0.06   15.87   library recovery time
                                 15.87   data required time
-----------------------------------------------------------------------------
                                 15.87   data required time
                                 -4.21   data arrival time
-----------------------------------------------------------------------------
                                 11.66   slack (MET)


Startpoint: HICG_L1_5_latch (positive level-sensitive latch clocked by clk')
Endpoint: HICG_L1_5_sky130_fd_sc_hd__sdlclkp_1
          (rising clock gating-check end-point clocked by clk)
Path Group: gated clock
Path Type: max

Fanout     Cap    Slew   Delay    Time   Description
-----------------------------------------------------------------------------
                          7.50    7.50   clock clk' (rise edge)
                          0.00    7.50   clock source latency
     2    0.04    0.06    0.04    7.54 v clk (in)
     1    0.08    0.07    0.14    7.69 v __drvfix_5357/X (sky130_fd_sc_hd__clkbuf_8)
     3    0.06    0.04    0.14    7.82 v clkbuf_3_290/X (sky130_fd_sc_hd__clkbuf_16)
     3    0.10    0.08    0.14    7.97 v __drvfix_5360/X (sky130_fd_sc_hd__clkbuf_8)
     1    0.00    0.03    0.05    8.02 ^ HICG_L1_5_inv/Y (sky130_fd_sc_hd__clkinv_1)
     1    0.00    0.03    0.12    8.14 ^ HICG_L1_5_gdly/X (sky130_fd_sc_hd__dlygate4sd1_1)
                  0.03    0.00    8.14 ^ HICG_L1_5_latch/GATE (sky130_fd_sc_hd__dlxtp_1)
     1    0.00    0.03    0.19    8.33 ^ HICG_L1_5_latch/Q (sky130_fd_sc_hd__dlxtp_1)
     1    0.00    0.04    0.37    8.70 ^ __holdfix_230/X (sky130_fd_sc_hd__dlygate4sd3_1)
                  0.04    0.00    8.70 ^ HICG_L1_5_sky130_fd_sc_hd__sdlclkp_1/B (sky130_fd_sc_hd__and2_1)
                                  8.70   data arrival time

                         15.00   15.00   clock clk (rise edge)
                          0.00   15.00   clock source latency
     2    0.04    0.14    0.10   15.10 ^ clk (in)
     1    0.08    0.11    0.16   15.26 ^ __drvfix_5357/X (sky130_fd_sc_hd__clkbuf_8)
     3    0.06    0.06    0.14   15.40 ^ clkbuf_3_290/X (sky130_fd_sc_hd__clkbuf_16)
     3    0.10    0.13    0.16   15.56 ^ __drvfix_5360/X (sky130_fd_sc_hd__clkbuf_8)
                  0.14    0.01   15.57 ^ HICG_L1_5_sky130_fd_sc_hd__sdlclkp_1/A (sky130_fd_sc_hd__and2_1)
                         -0.25   15.32   clock uncertainty
                          0.00   15.32   clock reconvergence pessimism
                          0.00   15.32   clock gating setup time
                                 15.32   data required time
-----------------------------------------------------------------------------
                                 15.32   data required time
                                 -8.70   data arrival time
-----------------------------------------------------------------------------
                                  6.63   slack (MET)


Startpoint: HICG_L0_1_latch (positive level-sensitive latch clocked by clk')
Endpoint: HICG_L0_1_sky130_fd_sc_hd__sdlclkp_1
          (rising clock gating-check end-point clocked by clk)
Path Group: gated clock
Path Type: max

Fanout     Cap    Slew   Delay    Time   Description
-----------------------------------------------------------------------------
                          7.50    7.50   clock clk' (rise edge)
                          0.00    7.50   clock source latency
     2    0.04    0.06    0.04    7.54 v clk (in)
     1    0.08    0.07    0.14    7.69 v __drvfix_5357/X (sky130_fd_sc_hd__clkbuf_8)
     3    0.06    0.04    0.14    7.82 v clkbuf_3_290/X (sky130_fd_sc_hd__clkbuf_16)
     6    0.13    0.10    0.17    7.99 v __drvfix_5358/X (sky130_fd_sc_hd__clkbuf_8)
     1    0.00    0.03    0.05    8.04 ^ HICG_L0_1_inv/Y (sky130_fd_sc_hd__clkinv_1)
     1    0.00    0.03    0.12    8.16 ^ HICG_L0_1_gdly/X (sky130_fd_sc_hd__dlygate4sd1_1)
                  0.03    0.00    8.16 ^ HICG_L0_1_latch/GATE (sky130_fd_sc_hd__dlxtp_1)
     1    0.00    0.03    0.18    8.34 ^ HICG_L0_1_latch/Q (sky130_fd_sc_hd__dlxtp_1)
     1    0.00    0.04    0.38    8.71 ^ __holdfix_231/X (sky130_fd_sc_hd__dlygate4sd3_1)
                  0.04    0.00    8.71 ^ HICG_L0_1_sky130_fd_sc_hd__sdlclkp_1/B (sky130_fd_sc_hd__and2_2)
                                  8.71   data arrival time

                         15.00   15.00   clock clk (rise edge)
                          0.00   15.00   clock source latency
     2    0.04    0.14    0.10   15.10 ^ clk (in)
     1    0.08    0.11    0.16   15.26 ^ __drvfix_5357/X (sky130_fd_sc_hd__clkbuf_8)
     3    0.06    0.06    0.14   15.40 ^ clkbuf_3_290/X (sky130_fd_sc_hd__clkbuf_16)
     6    0.14    0.18    0.20   15.60 ^ __drvfix_5358/X (sky130_fd_sc_hd__clkbuf_8)
                  0.18    0.00   15.60 ^ HICG_L0_1_sky130_fd_sc_hd__sdlclkp_1/A (sky130_fd_sc_hd__and2_2)
                         -0.25   15.35   clock uncertainty
                          0.00   15.35   clock reconvergence pessimism
                          0.00   15.35   clock gating setup time
                                 15.35   data required time
-----------------------------------------------------------------------------
                                 15.35   data required time
                                 -8.71   data arrival time
-----------------------------------------------------------------------------
                                  6.64   slack (MET)


Startpoint: HICG_L0_4_latch (positive level-sensitive latch clocked by clk')
Endpoint: HICG_L0_4_sky130_fd_sc_hd__sdlclkp_1
          (rising clock gating-check end-point clocked by clk)
Path Group: gated clock
Path Type: max

Fanout     Cap    Slew   Delay    Time   Description
-----------------------------------------------------------------------------
                          7.50    7.50   clock clk' (rise edge)
                          0.00    7.50   clock source latency
     2    0.04    0.06    0.04    7.54 v clk (in)
     1    0.08    0.07    0.14    7.69 v __drvfix_5357/X (sky130_fd_sc_hd__clkbuf_8)
     3    0.06    0.04    0.14    7.82 v clkbuf_3_290/X (sky130_fd_sc_hd__clkbuf_16)
     6    0.13    0.10    0.17    7.99 v __drvfix_5358/X (sky130_fd_sc_hd__clkbuf_8)
     1    0.00    0.03    0.05    8.04 ^ HICG_L0_4_inv/Y (sky130_fd_sc_hd__clkinv_1)
     1    0.00    0.03    0.12    8.16 ^ HICG_L0_4_gdly/X (sky130_fd_sc_hd__dlygate4sd1_1)
                  0.03    0.00    8.16 ^ HICG_L0_4_latch/GATE (sky130_fd_sc_hd__dlxtp_1)
     1    0.00    0.03    0.18    8.34 ^ HICG_L0_4_latch/Q (sky130_fd_sc_hd__dlxtp_1)
     1    0.00    0.03    0.36    8.71 ^ __holdfix_234/X (sky130_fd_sc_hd__dlygate4sd3_1)
                  0.03    0.00    8.71 ^ HICG_L0_4_sky130_fd_sc_hd__sdlclkp_1/B (sky130_fd_sc_hd__and2_2)
                                  8.71   data arrival time

                         15.00   15.00   clock clk (rise edge)
                          0.00   15.00   clock source latency
     2    0.04    0.14    0.10   15.10 ^ clk (in)
     1    0.08    0.11    0.16   15.26 ^ __drvfix_5357/X (sky130_fd_sc_hd__clkbuf_8)
     3    0.06    0.06    0.14   15.40 ^ clkbuf_3_290/X (sky130_fd_sc_hd__clkbuf_16)
     6    0.14    0.18    0.20   15.60 ^ __drvfix_5358/X (sky130_fd_sc_hd__clkbuf_8)
                  0.18    0.01   15.60 ^ HICG_L0_4_sky130_fd_sc_hd__sdlclkp_1/A (sky130_fd_sc_hd__and2_2)
                         -0.25   15.35   clock uncertainty
                          0.00   15.35   clock reconvergence pessimism
                          0.00   15.35   clock gating setup time
                                 15.35   data required time
-----------------------------------------------------------------------------
                                 15.35   data required time
                                 -8.71   data arrival time
-----------------------------------------------------------------------------
                                  6.65   slack (MET)


Startpoint: HICG_L0_0_latch (positive level-sensitive latch clocked by clk')
Endpoint: HICG_L0_0_sky130_fd_sc_hd__sdlclkp_1
          (rising clock gating-check end-point clocked by clk)
Path Group: gated clock
Path Type: max

Fanout     Cap    Slew   Delay    Time   Description
-----------------------------------------------------------------------------
                          7.50    7.50   clock clk' (rise edge)
                          0.00    7.50   clock source latency
     2    0.04    0.06    0.04    7.54 v clk (in)
     1    0.08    0.07    0.14    7.69 v __drvfix_5357/X (sky130_fd_sc_hd__clkbuf_8)
     3    0.06    0.04    0.14    7.82 v clkbuf_3_290/X (sky130_fd_sc_hd__clkbuf_16)
     2    0.12    0.09    0.16    7.98 v __drvfix_5359/X (sky130_fd_sc_hd__clkbuf_8)
     8    0.15    0.08    0.18    8.16 v clkbuf_2_288/X (sky130_fd_sc_hd__clkbuf_16)
     1    0.00    0.03    0.04    8.20 ^ HICG_L0_0_inv/Y (sky130_fd_sc_hd__clkinv_1)
     1    0.00    0.03    0.12    8.32 ^ HICG_L0_0_gdly/X (sky130_fd_sc_hd__dlygate4sd1_1)
                  0.03    0.00    8.32 ^ HICG_L0_0_latch/GATE (sky130_fd_sc_hd__dlxtp_1)
     1    0.00    0.03    0.18    8.51 ^ HICG_L0_0_latch/Q (sky130_fd_sc_hd__dlxtp_1)
     1    0.00    0.04    0.37    8.87 ^ __holdfix_229/X (sky130_fd_sc_hd__dlygate4sd3_1)
                  0.04    0.00    8.87 ^ HICG_L0_0_sky130_fd_sc_hd__sdlclkp_1/B (sky130_fd_sc_hd__and2_1)
                                  8.87   data arrival time

                         15.00   15.00   clock clk (rise edge)
                          0.00   15.00   clock source latency
     2    0.04    0.14    0.10   15.10 ^ clk (in)
     1    0.08    0.11    0.16   15.26 ^ __drvfix_5357/X (sky130_fd_sc_hd__clkbuf_8)
     3    0.06    0.06    0.14   15.40 ^ clkbuf_3_290/X (sky130_fd_sc_hd__clkbuf_16)
     2    0.12    0.16    0.18   15.58 ^ __drvfix_5359/X (sky130_fd_sc_hd__clkbuf_8)
     8    0.16    0.13    0.19   15.77 ^ clkbuf_2_288/X (sky130_fd_sc_hd__clkbuf_16)
                  0.13    0.00   15.78 ^ HICG_L0_0_sky130_fd_sc_hd__sdlclkp_1/A (sky130_fd_sc_hd__and2_1)
                         -0.25   15.53   clock uncertainty
                          0.00   15.53   clock reconvergence pessimism
                          0.00   15.53   clock gating setup time
                                 15.53   data required time
-----------------------------------------------------------------------------
                                 15.53   data required time
                                 -8.87   data arrival time
-----------------------------------------------------------------------------
                                  6.65   slack (MET)


Startpoint: HICG_L0_2_latch (positive level-sensitive latch clocked by clk')
Endpoint: HICG_L0_2_sky130_fd_sc_hd__sdlclkp_1
          (rising clock gating-check end-point clocked by clk)
Path Group: gated clock
Path Type: max

Fanout     Cap    Slew   Delay    Time   Description
-----------------------------------------------------------------------------
                          7.50    7.50   clock clk' (rise edge)
                          0.00    7.50   clock source latency
     2    0.04    0.06    0.04    7.54 v clk (in)
     1    0.08    0.07    0.14    7.69 v __drvfix_5357/X (sky130_fd_sc_hd__clkbuf_8)
     3    0.06    0.04    0.14    7.82 v clkbuf_3_290/X (sky130_fd_sc_hd__clkbuf_16)
     3    0.10    0.08    0.14    7.97 v __drvfix_5360/X (sky130_fd_sc_hd__clkbuf_8)
     1    0.03    0.10    0.18    8.15 v HICG_L1_5_sky130_fd_sc_hd__sdlclkp_1/X (sky130_fd_sc_hd__and2_1)
     4    0.06    0.04    0.15    8.30 v clkbuf_0_276/X (sky130_fd_sc_hd__clkbuf_16)
     1    0.00    0.02    0.03    8.33 ^ HICG_L0_2_inv/Y (sky130_fd_sc_hd__clkinv_1)
     1    0.00    0.03    0.12    8.45 ^ HICG_L0_2_gdly/X (sky130_fd_sc_hd__dlygate4sd1_1)
                  0.03    0.00    8.45 ^ HICG_L0_2_latch/GATE (sky130_fd_sc_hd__dlxtp_1)
     1    0.00    0.04    0.19    8.64 ^ HICG_L0_2_latch/Q (sky130_fd_sc_hd__dlxtp_1)
     1    0.00    0.03    0.37    9.01 ^ __holdfix_233/X (sky130_fd_sc_hd__dlygate4sd3_1)
                  0.03    0.00    9.01 ^ HICG_L0_2_sky130_fd_sc_hd__sdlclkp_1/B (sky130_fd_sc_hd__and2_2)
                                  9.01   data arrival time

                         15.00   15.00   clock clk (rise edge)
                          0.00   15.00   clock source latency
     2    0.04    0.14    0.10   15.10 ^ clk (in)
     1    0.08    0.11    0.16   15.26 ^ __drvfix_5357/X (sky130_fd_sc_hd__clkbuf_8)
     3    0.06    0.06    0.14   15.40 ^ clkbuf_3_290/X (sky130_fd_sc_hd__clkbuf_16)
     3    0.10    0.13    0.16   15.56 ^ __drvfix_5360/X (sky130_fd_sc_hd__clkbuf_8)
     1    0.03    0.21    0.23   15.79 ^ HICG_L1_5_sky130_fd_sc_hd__sdlclkp_1/X (sky130_fd_sc_hd__and2_1)
     4    0.06    0.06    0.15   15.93 ^ clkbuf_0_276/X (sky130_fd_sc_hd__clkbuf_16)
                  0.06    0.00   15.94 ^ HICG_L0_2_sky130_fd_sc_hd__sdlclkp_1/A (sky130_fd_sc_hd__and2_2)
                         -0.25   15.69   clock uncertainty
                          0.00   15.69   clock reconvergence pessimism
                          0.00   15.69   clock gating setup time
                                 15.69   data required time
-----------------------------------------------------------------------------
                                 15.69   data required time
                                 -9.01   data arrival time
-----------------------------------------------------------------------------
                                  6.68   slack (MET)


Startpoint: rst_n (input port clocked by clk)
Endpoint: HICG_L0_1_latch (positive level-sensitive latch clocked by clk')
Path Group: clk
Path Type: max

Fanout     Cap    Slew   Delay    Time   Description
-----------------------------------------------------------------------------
                          0.00    0.00   clock clk (rise edge)
                          0.00    0.00   clock network delay (propagated)
                          3.00    3.00 ^ input external delay
     1    0.01    0.04    0.03    3.03 ^ rst_n (in)
     2    0.06    0.06    0.09    3.12 ^ __inbuf_0/X (sky130_fd_sc_hd__buf_12)
     2    0.12    0.25    0.23    3.34 ^ __drvbuf_90/X (sky130_fd_sc_hd__buf_4)
     4    0.07    0.14    0.21    3.56 ^ rst_n_fobuf70/X (sky130_fd_sc_hd__buf_4)
     6    0.03    0.29    0.24    3.80 ^ __drvfix_2880/X (sky130_fd_sc_hd__buf_1)
     4    0.05    0.12    0.17    3.97 ^ rst_n_fobuf0/X (sky130_fd_sc_hd__buf_4)
     8    0.05    0.17    0.19    4.16 ^ __drvfix_2598/X (sky130_fd_sc_hd__buf_2)
     1    0.06    0.11    0.11    4.27 v INV_2/Y (sky130_fd_sc_hd__inv_2)
     3    0.08    0.22    0.22    4.49 ^ sky130_fd_sc_hd__nor2_8_i4723/Y (sky130_fd_sc_hd__nor2_8)
     4    0.05    0.10    0.16    4.65 ^ n4723_fobuf148/X (sky130_fd_sc_hd__buf_4)
     5    0.04    0.16    0.18    4.82 ^ __drvfix_3135/X (sky130_fd_sc_hd__buf_2)
     1    0.00    0.04    0.08    4.91 ^ HICG_L0_1_latch_TE_OR/X (sky130_fd_sc_hd__or2_1)
                  0.04    0.00    4.91 ^ HICG_L0_1_latch/D (sky130_fd_sc_hd__dlxtp_1)
                                  4.91   data arrival time

                          7.50    7.50   clock clk' (rise edge)
                          0.00    7.50   clock source latency
     2    0.04    0.06    0.04    7.54 v clk (in)
     1    0.08    0.07    0.14    7.69 v __drvfix_5357/X (sky130_fd_sc_hd__clkbuf_8)
     3    0.06    0.04    0.14    7.82 v clkbuf_3_290/X (sky130_fd_sc_hd__clkbuf_16)
     6    0.13    0.10    0.17    7.99 v __drvfix_5358/X (sky130_fd_sc_hd__clkbuf_8)
     1    0.00    0.03    0.05    8.04 ^ HICG_L0_1_inv/Y (sky130_fd_sc_hd__clkinv_1)
     1    0.00    0.03    0.12    8.16 ^ HICG_L0_1_gdly/X (sky130_fd_sc_hd__dlygate4sd1_1)
                  0.03    0.00    8.16 ^ HICG_L0_1_latch/GATE (sky130_fd_sc_hd__dlxtp_1)
                         -0.25    7.91   clock uncertainty
                          0.00    7.91   clock reconvergence pessimism
                          0.00    7.91   time borrowed from endpoint
                                  7.91   data required time
-----------------------------------------------------------------------------
                                  7.91   data required time
                                 -4.91   data arrival time
-----------------------------------------------------------------------------
                                  3.00   slack (MET)

Time Borrowing Information
--------------------------------------------
clk' nominal pulse width                7.50
clock latency difference                0.13
library setup time                     -0.12
--------------------------------------------
max time borrow                         7.52
actual time borrow                      0.00
--------------------------------------------


Startpoint: scan_enable (input port clocked by clk)
Endpoint: HICG_L1_5_latch (positive level-sensitive latch clocked by clk')
Path Group: clk
Path Type: max

Fanout     Cap    Slew   Delay    Time   Description
-----------------------------------------------------------------------------
                          0.00    0.00   clock clk (rise edge)
                          0.00    0.00   clock network delay (propagated)
                          3.00    3.00 ^ input external delay
     1    0.00    0.01    0.01    3.01 ^ scan_enable (in)
     3    0.11    0.24    0.20    3.21 ^ __inbuf_62/X (sky130_fd_sc_hd__buf_4)
     4    0.03    0.07    0.15    3.35 ^ scan_enable_fobuf661/X (sky130_fd_sc_hd__buf_4)
     6    0.04    0.14    0.16    3.51 ^ __drvfix_5156/X (sky130_fd_sc_hd__buf_2)
     4    0.04    0.08    0.13    3.64 ^ scan_enable_fobuf591/X (sky130_fd_sc_hd__buf_4)
     8    0.11    0.24    0.23    3.87 ^ __drvfix_4872/X (sky130_fd_sc_hd__buf_4)
     1    0.00    0.04    0.09    3.96 ^ HICG_L1_5_latch_TE_OR/X (sky130_fd_sc_hd__or2_1)
                  0.04    0.00    3.96 ^ HICG_L1_5_latch/D (sky130_fd_sc_hd__dlxtp_1)
                                  3.96   data arrival time

                          7.50    7.50   clock clk' (rise edge)
                          0.00    7.50   clock source latency
     2    0.04    0.06    0.04    7.54 v clk (in)
     1    0.08    0.07    0.14    7.69 v __drvfix_5357/X (sky130_fd_sc_hd__clkbuf_8)
     3    0.06    0.04    0.14    7.82 v clkbuf_3_290/X (sky130_fd_sc_hd__clkbuf_16)
     3    0.10    0.08    0.14    7.97 v __drvfix_5360/X (sky130_fd_sc_hd__clkbuf_8)
     1    0.00    0.03    0.05    8.02 ^ HICG_L1_5_inv/Y (sky130_fd_sc_hd__clkinv_1)
     1    0.00    0.03    0.12    8.14 ^ HICG_L1_5_gdly/X (sky130_fd_sc_hd__dlygate4sd1_1)
                  0.03    0.00    8.14 ^ HICG_L1_5_latch/GATE (sky130_fd_sc_hd__dlxtp_1)
                         -0.25    7.89   clock uncertainty
                          0.00    7.89   clock reconvergence pessimism
                          0.00    7.89   time borrowed from endpoint
                                  7.89   data required time
-----------------------------------------------------------------------------
                                  7.89   data required time
                                 -3.96   data arrival time
-----------------------------------------------------------------------------
                                  3.93   slack (MET)

Time Borrowing Information
--------------------------------------------
clk' nominal pulse width                7.50
clock latency difference                0.12
library setup time                     -0.11
--------------------------------------------
max time borrow                         7.50
actual time borrow                      0.00
--------------------------------------------


Startpoint: scan_enable (input port clocked by clk)
Endpoint: HICG_L0_4_latch (positive level-sensitive latch clocked by clk')
Path Group: clk
Path Type: max

Fanout     Cap    Slew   Delay    Time   Description
-----------------------------------------------------------------------------
                          0.00    0.00   clock clk (rise edge)
                          0.00    0.00   clock network delay (propagated)
                          3.00    3.00 ^ input external delay
     1    0.00    0.01    0.01    3.01 ^ scan_enable (in)
     3    0.11    0.24    0.20    3.21 ^ __inbuf_62/X (sky130_fd_sc_hd__buf_4)
     4    0.03    0.07    0.15    3.35 ^ scan_enable_fobuf661/X (sky130_fd_sc_hd__buf_4)
     6    0.04    0.14    0.16    3.51 ^ __drvfix_5156/X (sky130_fd_sc_hd__buf_2)
     4    0.04    0.08    0.13    3.64 ^ scan_enable_fobuf591/X (sky130_fd_sc_hd__buf_4)
     8    0.12    0.26    0.23    3.88 ^ __drvfix_4875/X (sky130_fd_sc_hd__buf_4)
     1    0.00    0.03    0.10    3.97 ^ HICG_L0_4_latch_TE_OR/X (sky130_fd_sc_hd__or2_1)
                  0.03    0.00    3.97 ^ HICG_L0_4_latch/D (sky130_fd_sc_hd__dlxtp_1)
                                  3.97   data arrival time

                          7.50    7.50   clock clk' (rise edge)
                          0.00    7.50   clock source latency
     2    0.04    0.06    0.04    7.54 v clk (in)
     1    0.08    0.07    0.14    7.69 v __drvfix_5357/X (sky130_fd_sc_hd__clkbuf_8)
     3    0.06    0.04    0.14    7.82 v clkbuf_3_290/X (sky130_fd_sc_hd__clkbuf_16)
     6    0.13    0.10    0.17    7.99 v __drvfix_5358/X (sky130_fd_sc_hd__clkbuf_8)
     1    0.00    0.03    0.05    8.04 ^ HICG_L0_4_inv/Y (sky130_fd_sc_hd__clkinv_1)
     1    0.00    0.03    0.12    8.16 ^ HICG_L0_4_gdly/X (sky130_fd_sc_hd__dlygate4sd1_1)
                  0.03    0.00    8.16 ^ HICG_L0_4_latch/GATE (sky130_fd_sc_hd__dlxtp_1)
                         -0.25    7.91   clock uncertainty
                          0.00    7.91   clock reconvergence pessimism
                          0.00    7.91   time borrowed from endpoint
                                  7.91   data required time
-----------------------------------------------------------------------------
                                  7.91   data required time
                                 -3.97   data arrival time
-----------------------------------------------------------------------------
                                  3.94   slack (MET)

Time Borrowing Information
--------------------------------------------
clk' nominal pulse width                7.50
clock latency difference                0.13
library setup time                     -0.11
--------------------------------------------
max time borrow                         7.51
actual time borrow                      0.00
--------------------------------------------


Startpoint: scan_enable (input port clocked by clk)
Endpoint: HICG_L0_0_latch (positive level-sensitive latch clocked by clk')
Path Group: clk
Path Type: max

Fanout     Cap    Slew   Delay    Time   Description
-----------------------------------------------------------------------------
                          0.00    0.00   clock clk (rise edge)
                          0.00    0.00   clock network delay (propagated)
                          3.00    3.00 ^ input external delay
     1    0.00    0.01    0.01    3.01 ^ scan_enable (in)
     3    0.11    0.24    0.20    3.21 ^ __inbuf_62/X (sky130_fd_sc_hd__buf_4)
     4    0.03    0.07    0.15    3.35 ^ scan_enable_fobuf661/X (sky130_fd_sc_hd__buf_4)
     6    0.04    0.14    0.16    3.51 ^ __drvfix_5156/X (sky130_fd_sc_hd__buf_2)
     4    0.04    0.08    0.13    3.64 ^ scan_enable_fobuf591/X (sky130_fd_sc_hd__buf_4)
     8    0.13    0.28    0.25    3.89 ^ __drvfix_4874/X (sky130_fd_sc_hd__buf_4)
     1    0.00    0.04    0.10    3.99 ^ HICG_L0_0_latch_TE_OR/X (sky130_fd_sc_hd__or2_1)
                  0.04    0.00    3.99 ^ HICG_L0_0_latch/D (sky130_fd_sc_hd__dlxtp_1)
                                  3.99   data arrival time

                          7.50    7.50   clock clk' (rise edge)
                          0.00    7.50   clock source latency
     2    0.04    0.06    0.04    7.54 v clk (in)
     1    0.08    0.07    0.14    7.69 v __drvfix_5357/X (sky130_fd_sc_hd__clkbuf_8)
     3    0.06    0.04    0.14    7.82 v clkbuf_3_290/X (sky130_fd_sc_hd__clkbuf_16)
     2    0.12    0.09    0.16    7.98 v __drvfix_5359/X (sky130_fd_sc_hd__clkbuf_8)
     8    0.15    0.08    0.18    8.16 v clkbuf_2_288/X (sky130_fd_sc_hd__clkbuf_16)
     1    0.00    0.03    0.04    8.20 ^ HICG_L0_0_inv/Y (sky130_fd_sc_hd__clkinv_1)
     1    0.00    0.03    0.12    8.32 ^ HICG_L0_0_gdly/X (sky130_fd_sc_hd__dlygate4sd1_1)
                  0.03    0.00    8.32 ^ HICG_L0_0_latch/GATE (sky130_fd_sc_hd__dlxtp_1)
                         -0.25    8.07   clock uncertainty
                          0.00    8.07   clock reconvergence pessimism
                          0.00    8.07   time borrowed from endpoint
                                  8.07   data required time
-----------------------------------------------------------------------------
                                  8.07   data required time
                                 -3.99   data arrival time
-----------------------------------------------------------------------------
                                  4.08   slack (MET)

Time Borrowing Information
--------------------------------------------
clk' nominal pulse width                7.50
clock latency difference                0.14
library setup time                     -0.12
--------------------------------------------
max time borrow                         7.53
actual time borrow                      0.00
--------------------------------------------


Startpoint: scan_enable (input port clocked by clk)
Endpoint: HICG_L0_3_latch (positive level-sensitive latch clocked by clk')
Path Group: clk
Path Type: max

Fanout     Cap    Slew   Delay    Time   Description
-----------------------------------------------------------------------------
                          0.00    0.00   clock clk (rise edge)
                          0.00    0.00   clock network delay (propagated)
                          3.00    3.00 ^ input external delay
     1    0.00    0.01    0.01    3.01 ^ scan_enable (in)
     3    0.11    0.24    0.20    3.21 ^ __inbuf_62/X (sky130_fd_sc_hd__buf_4)
     4    0.03    0.07    0.15    3.35 ^ scan_enable_fobuf661/X (sky130_fd_sc_hd__buf_4)
     6    0.04    0.14    0.16    3.51 ^ __drvfix_5156/X (sky130_fd_sc_hd__buf_2)
     4    0.04    0.08    0.13    3.64 ^ scan_enable_fobuf591/X (sky130_fd_sc_hd__buf_4)
     8    0.11    0.24    0.23    3.87 ^ __drvfix_4872/X (sky130_fd_sc_hd__buf_4)
     1    0.00    0.04    0.09    3.96 ^ HICG_L0_3_latch_TE_OR/X (sky130_fd_sc_hd__or2_1)
                  0.04    0.00    3.96 ^ HICG_L0_3_latch/D (sky130_fd_sc_hd__dlxtp_1)
                                  3.96   data arrival time

                          7.50    7.50   clock clk' (rise edge)
                          0.00    7.50   clock source latency
     2    0.04    0.06    0.04    7.54 v clk (in)
     1    0.08    0.07    0.14    7.69 v __drvfix_5357/X (sky130_fd_sc_hd__clkbuf_8)
     3    0.06    0.04    0.14    7.82 v clkbuf_3_290/X (sky130_fd_sc_hd__clkbuf_16)
     3    0.10    0.08    0.14    7.97 v __drvfix_5360/X (sky130_fd_sc_hd__clkbuf_8)
     1    0.03    0.10    0.18    8.15 v HICG_L1_5_sky130_fd_sc_hd__sdlclkp_1/X (sky130_fd_sc_hd__and2_1)
     4    0.06    0.04    0.15    8.30 v clkbuf_0_276/X (sky130_fd_sc_hd__clkbuf_16)
     1    0.00    0.02    0.03    8.33 ^ HICG_L0_3_inv/Y (sky130_fd_sc_hd__clkinv_1)
     1    0.00    0.03    0.12    8.45 ^ HICG_L0_3_gdly/X (sky130_fd_sc_hd__dlygate4sd1_1)
                  0.03    0.00    8.45 ^ HICG_L0_3_latch/GATE (sky130_fd_sc_hd__dlxtp_1)
                         -0.25    8.20   clock uncertainty
                          0.00    8.20   clock reconvergence pessimism
                          0.00    8.20   time borrowed from endpoint
                                  8.20   data required time
-----------------------------------------------------------------------------
                                  8.20   data required time
                                 -3.96   data arrival time
-----------------------------------------------------------------------------
                                  4.24   slack (MET)

Time Borrowing Information
--------------------------------------------
clk' nominal pulse width                7.50
clock latency difference                0.16
library setup time                     -0.12
--------------------------------------------
max time borrow                         7.55
actual time borrow                      0.00
--------------------------------------------


