Startpoint: rst_n (input port clocked by clk)
Endpoint: reg_rk_9[77] (removal check against rising-edge clock clk)
Path Group: asynchronous
Path Type: min

Fanout     Cap    Slew   Delay    Time   Description
-----------------------------------------------------------------------------
                          0.00    0.00   clock clk (rise edge)
                          0.00    0.00   clock network delay (propagated)
                          3.00    3.00 ^ input external delay
     1    0.01    0.04    0.03    3.03 ^ rst_n (in)
     2    0.06    0.06    0.09    3.12 ^ __inbuf_0/X (sky130_fd_sc_hd__buf_12)
     5    0.10    0.20    0.21    3.32 ^ rst_n_fobuf69/X (sky130_fd_sc_hd__buf_4)
     6    0.05    0.19    0.21    3.53 ^ __drvfix_2875/X (sky130_fd_sc_hd__buf_2)
     4    0.05    0.10    0.15    3.68 ^ rst_n_fobuf50/X (sky130_fd_sc_hd__buf_4)
     8    0.04    0.14    0.17    3.85 ^ __drvfix_2799/X (sky130_fd_sc_hd__buf_2)
                  0.14    0.00    3.85 ^ reg_rk_9[77]/RESET_B (sky130_fd_sc_hd__dfrtp_1)
                                  3.85   data arrival time

                          0.00    0.00   clock clk (rise edge)
                          0.00    0.00   clock source latency
     2    0.04    0.14    0.10    0.10 ^ clk (in)
     1    0.08    0.11    0.16    0.26 ^ __drvfix_5357/X (sky130_fd_sc_hd__clkbuf_8)
     3    0.06    0.06    0.14    0.40 ^ clkbuf_3_290/X (sky130_fd_sc_hd__clkbuf_16)
     3    0.10    0.13    0.16    0.56 ^ __drvfix_5360/X (sky130_fd_sc_hd__clkbuf_8)
     1    0.03    0.21    0.23    0.79 ^ HICG_L1_5_sky130_fd_sc_hd__sdlclkp_1/X (sky130_fd_sc_hd__and2_1)
     4    0.06    0.06    0.15    0.93 ^ clkbuf_0_276/X (sky130_fd_sc_hd__clkbuf_16)
     1    0.04    0.27    0.24    1.18 ^ HICG_L0_3_sky130_fd_sc_hd__sdlclkp_1/X (sky130_fd_sc_hd__and2_1)
     6    0.12    0.11    0.18    1.36 ^ clkbuf_1_7/X (sky130_fd_sc_hd__clkbuf_16)
     7    0.03    0.11    0.15    1.50 ^ clkbuf_0_268/X (sky130_fd_sc_hd__clkbuf_2)
                  0.11    0.00    1.50 ^ reg_rk_9[77]/CLK (sky130_fd_sc_hd__dfrtp_1)
                          0.25    1.75   clock uncertainty
                          0.00    1.75   clock reconvergence pessimism
                          0.24    1.99   library removal time
                                  1.99   data required time
-----------------------------------------------------------------------------
                                  1.99   data required time
                                 -3.85   data arrival time
-----------------------------------------------------------------------------
                                  1.86   slack (MET)


Startpoint: rst_n (input port clocked by clk)
Endpoint: reg_rk_9[76] (removal check against rising-edge clock clk)
Path Group: asynchronous
Path Type: min

Fanout     Cap    Slew   Delay    Time   Description
-----------------------------------------------------------------------------
                          0.00    0.00   clock clk (rise edge)
                          0.00    0.00   clock network delay (propagated)
                          3.00    3.00 ^ input external delay
     1    0.01    0.04    0.03    3.03 ^ rst_n (in)
     2    0.06    0.06    0.09    3.12 ^ __inbuf_0/X (sky130_fd_sc_hd__buf_12)
     5    0.10    0.20    0.21    3.32 ^ rst_n_fobuf69/X (sky130_fd_sc_hd__buf_4)
     6    0.05    0.19    0.21    3.53 ^ __drvfix_2875/X (sky130_fd_sc_hd__buf_2)
     4    0.05    0.10    0.15    3.68 ^ rst_n_fobuf50/X (sky130_fd_sc_hd__buf_4)
     8    0.04    0.14    0.17    3.85 ^ __drvfix_2799/X (sky130_fd_sc_hd__buf_2)
                  0.14    0.00    3.85 ^ reg_rk_9[76]/RESET_B (sky130_fd_sc_hd__dfrtp_1)
                                  3.85   data arrival time

                          0.00    0.00   clock clk (rise edge)
                          0.00    0.00   clock source latency
     2    0.04    0.14    0.10    0.10 ^ clk (in)
     1    0.08    0.11    0.16    0.26 ^ __drvfix_5357/X (sky130_fd_sc_hd__clkbuf_8)
     3    0.06    0.06    0.14    0.40 ^ clkbuf_3_290/X (sky130_fd_sc_hd__clkbuf_16)
     3    0.10    0.13    0.16    0.56 ^ __drvfix_5360/X (sky130_fd_sc_hd__clkbuf_8)
     1    0.03    0.21    0.23    0.79 ^ HICG_L1_5_sky130_fd_sc_hd__sdlclkp_1/X (sky130_fd_sc_hd__and2_1)
     4    0.06    0.06    0.15    0.93 ^ clkbuf_0_276/X (sky130_fd_sc_hd__clkbuf_16)
     1    0.04    0.27    0.24    1.18 ^ HICG_L0_3_sky130_fd_sc_hd__sdlclkp_1/X (sky130_fd_sc_hd__and2_1)
     6    0.12    0.11    0.18    1.36 ^ clkbuf_1_7/X (sky130_fd_sc_hd__clkbuf_16)
     7    0.03    0.11    0.15    1.50 ^ clkbuf_0_268/X (sky130_fd_sc_hd__clkbuf_2)
                  0.11    0.00    1.50 ^ reg_rk_9[76]/CLK (sky130_fd_sc_hd__dfrtp_1)
                          0.25    1.75   clock uncertainty
                          0.00    1.75   clock reconvergence pessimism
                          0.24    1.99   library removal time
                                  1.99   data required time
-----------------------------------------------------------------------------
                                  1.99   data required time
                                 -3.85   data arrival time
-----------------------------------------------------------------------------
                                  1.86   slack (MET)


Startpoint: rst_n (input port clocked by clk)
Endpoint: reg_rk_9[71] (removal check against rising-edge clock clk)
Path Group: asynchronous
Path Type: min

Fanout     Cap    Slew   Delay    Time   Description
-----------------------------------------------------------------------------
                          0.00    0.00   clock clk (rise edge)
                          0.00    0.00   clock network delay (propagated)
                          3.00    3.00 ^ input external delay
     1    0.01    0.04    0.03    3.03 ^ rst_n (in)
     2    0.06    0.06    0.09    3.12 ^ __inbuf_0/X (sky130_fd_sc_hd__buf_12)
     5    0.10    0.20    0.21    3.32 ^ rst_n_fobuf69/X (sky130_fd_sc_hd__buf_4)
     6    0.05    0.19    0.21    3.53 ^ __drvfix_2875/X (sky130_fd_sc_hd__buf_2)
     4    0.05    0.10    0.15    3.68 ^ rst_n_fobuf50/X (sky130_fd_sc_hd__buf_4)
     8    0.04    0.15    0.17    3.86 ^ __drvfix_2798/X (sky130_fd_sc_hd__buf_2)
                  0.15    0.00    3.86 ^ reg_rk_9[71]/RESET_B (sky130_fd_sc_hd__dfrtp_1)
                                  3.86   data arrival time

                          0.00    0.00   clock clk (rise edge)
                          0.00    0.00   clock source latency
     2    0.04    0.14    0.10    0.10 ^ clk (in)
     1    0.08    0.11    0.16    0.26 ^ __drvfix_5357/X (sky130_fd_sc_hd__clkbuf_8)
     3    0.06    0.06    0.14    0.40 ^ clkbuf_3_290/X (sky130_fd_sc_hd__clkbuf_16)
     3    0.10    0.13    0.16    0.56 ^ __drvfix_5360/X (sky130_fd_sc_hd__clkbuf_8)
     1    0.03    0.21    0.23    0.79 ^ HICG_L1_5_sky130_fd_sc_hd__sdlclkp_1/X (sky130_fd_sc_hd__and2_1)
     4    0.06    0.06    0.15    0.93 ^ clkbuf_0_276/X (sky130_fd_sc_hd__clkbuf_16)
     1    0.04    0.27    0.24    1.18 ^ HICG_L0_3_sky130_fd_sc_hd__sdlclkp_1/X (sky130_fd_sc_hd__and2_1)
     6    0.12    0.11    0.18    1.36 ^ clkbuf_1_7/X (sky130_fd_sc_hd__clkbuf_16)
     7    0.03    0.11    0.15    1.50 ^ clkbuf_0_268/X (sky130_fd_sc_hd__clkbuf_2)
                  0.11    0.00    1.50 ^ reg_rk_9[71]/CLK (sky130_fd_sc_hd__dfrtp_1)
                          0.25    1.75   clock uncertainty
                          0.00    1.75   clock reconvergence pessimism
                          0.24    1.99   library removal time
                                  1.99   data required time
-----------------------------------------------------------------------------
                                  1.99   data required time
                                 -3.86   data arrival time
-----------------------------------------------------------------------------
                                  1.86   slack (MET)


Startpoint: rst_n (input port clocked by clk)
Endpoint: reg_rk_9[72] (removal check against rising-edge clock clk)
Path Group: asynchronous
Path Type: min

Fanout     Cap    Slew   Delay    Time   Description
-----------------------------------------------------------------------------
                          0.00    0.00   clock clk (rise edge)
                          0.00    0.00   clock network delay (propagated)
                          3.00    3.00 ^ input external delay
     1    0.01    0.04    0.03    3.03 ^ rst_n (in)
     2    0.06    0.06    0.09    3.12 ^ __inbuf_0/X (sky130_fd_sc_hd__buf_12)
     5    0.10    0.20    0.21    3.32 ^ rst_n_fobuf69/X (sky130_fd_sc_hd__buf_4)
     6    0.05    0.19    0.21    3.53 ^ __drvfix_2875/X (sky130_fd_sc_hd__buf_2)
     4    0.05    0.10    0.15    3.68 ^ rst_n_fobuf50/X (sky130_fd_sc_hd__buf_4)
     8    0.04    0.15    0.17    3.86 ^ __drvfix_2798/X (sky130_fd_sc_hd__buf_2)
                  0.15    0.00    3.86 ^ reg_rk_9[72]/RESET_B (sky130_fd_sc_hd__dfrtp_1)
                                  3.86   data arrival time

                          0.00    0.00   clock clk (rise edge)
                          0.00    0.00   clock source latency
     2    0.04    0.14    0.10    0.10 ^ clk (in)
     1    0.08    0.11    0.16    0.26 ^ __drvfix_5357/X (sky130_fd_sc_hd__clkbuf_8)
     3    0.06    0.06    0.14    0.40 ^ clkbuf_3_290/X (sky130_fd_sc_hd__clkbuf_16)
     3    0.10    0.13    0.16    0.56 ^ __drvfix_5360/X (sky130_fd_sc_hd__clkbuf_8)
     1    0.03    0.21    0.23    0.79 ^ HICG_L1_5_sky130_fd_sc_hd__sdlclkp_1/X (sky130_fd_sc_hd__and2_1)
     4    0.06    0.06    0.15    0.93 ^ clkbuf_0_276/X (sky130_fd_sc_hd__clkbuf_16)
     1    0.04    0.27    0.24    1.18 ^ HICG_L0_3_sky130_fd_sc_hd__sdlclkp_1/X (sky130_fd_sc_hd__and2_1)
     6    0.12    0.11    0.18    1.36 ^ clkbuf_1_7/X (sky130_fd_sc_hd__clkbuf_16)
     7    0.03    0.11    0.15    1.50 ^ clkbuf_0_268/X (sky130_fd_sc_hd__clkbuf_2)
                  0.11    0.00    1.50 ^ reg_rk_9[72]/CLK (sky130_fd_sc_hd__dfrtp_1)
                          0.25    1.75   clock uncertainty
                          0.00    1.75   clock reconvergence pessimism
                          0.24    1.99   library removal time
                                  1.99   data required time
-----------------------------------------------------------------------------
                                  1.99   data required time
                                 -3.86   data arrival time
-----------------------------------------------------------------------------
                                  1.86   slack (MET)


Startpoint: rst_n (input port clocked by clk)
Endpoint: reg_rk_9[73] (removal check against rising-edge clock clk)
Path Group: asynchronous
Path Type: min

Fanout     Cap    Slew   Delay    Time   Description
-----------------------------------------------------------------------------
                          0.00    0.00   clock clk (rise edge)
                          0.00    0.00   clock network delay (propagated)
                          3.00    3.00 ^ input external delay
     1    0.01    0.04    0.03    3.03 ^ rst_n (in)
     2    0.06    0.06    0.09    3.12 ^ __inbuf_0/X (sky130_fd_sc_hd__buf_12)
     5    0.10    0.20    0.21    3.32 ^ rst_n_fobuf69/X (sky130_fd_sc_hd__buf_4)
     6    0.05    0.19    0.21    3.53 ^ __drvfix_2875/X (sky130_fd_sc_hd__buf_2)
     4    0.05    0.10    0.15    3.68 ^ rst_n_fobuf50/X (sky130_fd_sc_hd__buf_4)
     8    0.04    0.15    0.17    3.86 ^ __drvfix_2798/X (sky130_fd_sc_hd__buf_2)
                  0.15    0.00    3.86 ^ reg_rk_9[73]/RESET_B (sky130_fd_sc_hd__dfrtp_1)
                                  3.86   data arrival time

                          0.00    0.00   clock clk (rise edge)
                          0.00    0.00   clock source latency
     2    0.04    0.14    0.10    0.10 ^ clk (in)
     1    0.08    0.11    0.16    0.26 ^ __drvfix_5357/X (sky130_fd_sc_hd__clkbuf_8)
     3    0.06    0.06    0.14    0.40 ^ clkbuf_3_290/X (sky130_fd_sc_hd__clkbuf_16)
     3    0.10    0.13    0.16    0.56 ^ __drvfix_5360/X (sky130_fd_sc_hd__clkbuf_8)
     1    0.03    0.21    0.23    0.79 ^ HICG_L1_5_sky130_fd_sc_hd__sdlclkp_1/X (sky130_fd_sc_hd__and2_1)
     4    0.06    0.06    0.15    0.93 ^ clkbuf_0_276/X (sky130_fd_sc_hd__clkbuf_16)
     1    0.04    0.27    0.24    1.18 ^ HICG_L0_3_sky130_fd_sc_hd__sdlclkp_1/X (sky130_fd_sc_hd__and2_1)
     6    0.12    0.11    0.18    1.36 ^ clkbuf_1_7/X (sky130_fd_sc_hd__clkbuf_16)
     7    0.03    0.11    0.15    1.50 ^ clkbuf_0_268/X (sky130_fd_sc_hd__clkbuf_2)
                  0.11    0.00    1.50 ^ reg_rk_9[73]/CLK (sky130_fd_sc_hd__dfrtp_1)
                          0.25    1.75   clock uncertainty
                          0.00    1.75   clock reconvergence pessimism
                          0.24    1.99   library removal time
                                  1.99   data required time
-----------------------------------------------------------------------------
                                  1.99   data required time
                                 -3.86   data arrival time
-----------------------------------------------------------------------------
                                  1.86   slack (MET)


Startpoint: HICG_L0_3_latch (positive level-sensitive latch clocked by clk')
Endpoint: HICG_L0_3_sky130_fd_sc_hd__sdlclkp_1
          (rising clock gating-check end-point clocked by clk)
Path Group: gated clock
Path Type: min

Fanout     Cap    Slew   Delay    Time   Description
-----------------------------------------------------------------------------
                          7.50    7.50   clock clk' (rise edge)
                          0.00    7.50   clock source latency
     2    0.04    0.06    0.04    7.54 v clk (in)
     1    0.08    0.07    0.14    7.69 v __drvfix_5357/X (sky130_fd_sc_hd__clkbuf_8)
     3    0.06    0.04    0.14    7.82 v clkbuf_3_290/X (sky130_fd_sc_hd__clkbuf_16)
     3    0.10    0.08    0.14    7.97 v __drvfix_5360/X (sky130_fd_sc_hd__clkbuf_8)
     1    0.03    0.10    0.18    8.15 v HICG_L1_5_sky130_fd_sc_hd__sdlclkp_1/X (sky130_fd_sc_hd__and2_1)
     4    0.06    0.04    0.15    8.30 v clkbuf_0_276/X (sky130_fd_sc_hd__clkbuf_16)
     1    0.00    0.02    0.03    8.33 ^ HICG_L0_3_inv/Y (sky130_fd_sc_hd__clkinv_1)
     1    0.00    0.03    0.12    8.45 ^ HICG_L0_3_gdly/X (sky130_fd_sc_hd__dlygate4sd1_1)
                  0.03    0.00    8.45 ^ HICG_L0_3_latch/GATE (sky130_fd_sc_hd__dlxtp_1)
     1    0.00    0.02    0.16    8.61 v HICG_L0_3_latch/Q (sky130_fd_sc_hd__dlxtp_1)
     1    0.00    0.04    0.35    8.96 v __holdfix_232/X (sky130_fd_sc_hd__dlygate4sd3_1)
                  0.04    0.00    8.96 v HICG_L0_3_sky130_fd_sc_hd__sdlclkp_1/B (sky130_fd_sc_hd__and2_1)
                                  8.96   data arrival time

                          7.50    7.50   clock clk (fall edge)
                          0.00    7.50   clock source latency
     2    0.04    0.06    0.04    7.54 v clk (in)
     1    0.08    0.07    0.14    7.69 v __drvfix_5357/X (sky130_fd_sc_hd__clkbuf_8)
     3    0.06    0.04    0.14    7.82 v clkbuf_3_290/X (sky130_fd_sc_hd__clkbuf_16)
     3    0.10    0.08    0.14    7.97 v __drvfix_5360/X (sky130_fd_sc_hd__clkbuf_8)
     1    0.03    0.10    0.18    8.15 v HICG_L1_5_sky130_fd_sc_hd__sdlclkp_1/X (sky130_fd_sc_hd__and2_1)
     4    0.06    0.04    0.15    8.30 v clkbuf_0_276/X (sky130_fd_sc_hd__clkbuf_16)
                  0.04    0.00    8.30 v HICG_L0_3_sky130_fd_sc_hd__sdlclkp_1/A (sky130_fd_sc_hd__and2_1)
                          0.25    8.55   clock uncertainty
                          0.00    8.55   clock reconvergence pessimism
                          0.00    8.55   clock gating hold time
                                  8.55   data required time
-----------------------------------------------------------------------------
                                  8.55   data required time
                                 -8.96   data arrival time
-----------------------------------------------------------------------------
                                  0.41   slack (MET)


Startpoint: HICG_L0_2_latch (positive level-sensitive latch clocked by clk')
Endpoint: HICG_L0_2_sky130_fd_sc_hd__sdlclkp_1
          (rising clock gating-check end-point clocked by clk)
Path Group: gated clock
Path Type: min

Fanout     Cap    Slew   Delay    Time   Description
-----------------------------------------------------------------------------
                          7.50    7.50   clock clk' (rise edge)
                          0.00    7.50   clock source latency
     2    0.04    0.06    0.04    7.54 v clk (in)
     1    0.08    0.07    0.14    7.69 v __drvfix_5357/X (sky130_fd_sc_hd__clkbuf_8)
     3    0.06    0.04    0.14    7.82 v clkbuf_3_290/X (sky130_fd_sc_hd__clkbuf_16)
     3    0.10    0.08    0.14    7.97 v __drvfix_5360/X (sky130_fd_sc_hd__clkbuf_8)
     1    0.03    0.10    0.18    8.15 v HICG_L1_5_sky130_fd_sc_hd__sdlclkp_1/X (sky130_fd_sc_hd__and2_1)
     4    0.06    0.04    0.15    8.30 v clkbuf_0_276/X (sky130_fd_sc_hd__clkbuf_16)
     1    0.00    0.02    0.03    8.33 ^ HICG_L0_2_inv/Y (sky130_fd_sc_hd__clkinv_1)
     1    0.00    0.03    0.12    8.45 ^ HICG_L0_2_gdly/X (sky130_fd_sc_hd__dlygate4sd1_1)
                  0.03    0.00    8.45 ^ HICG_L0_2_latch/GATE (sky130_fd_sc_hd__dlxtp_1)
     1    0.00    0.02    0.17    8.62 v HICG_L0_2_latch/Q (sky130_fd_sc_hd__dlxtp_1)
     1    0.00    0.03    0.35    8.97 v __holdfix_233/X (sky130_fd_sc_hd__dlygate4sd3_1)
                  0.03    0.00    8.97 v HICG_L0_2_sky130_fd_sc_hd__sdlclkp_1/B (sky130_fd_sc_hd__and2_2)
                                  8.97   data arrival time

                          7.50    7.50   clock clk (fall edge)
                          0.00    7.50   clock source latency
     2    0.04    0.06    0.04    7.54 v clk (in)
     1    0.08    0.07    0.14    7.69 v __drvfix_5357/X (sky130_fd_sc_hd__clkbuf_8)
     3    0.06    0.04    0.14    7.82 v clkbuf_3_290/X (sky130_fd_sc_hd__clkbuf_16)
     3    0.10    0.08    0.14    7.97 v __drvfix_5360/X (sky130_fd_sc_hd__clkbuf_8)
     1    0.03    0.10    0.18    8.15 v HICG_L1_5_sky130_fd_sc_hd__sdlclkp_1/X (sky130_fd_sc_hd__and2_1)
     4    0.06    0.04    0.15    8.30 v clkbuf_0_276/X (sky130_fd_sc_hd__clkbuf_16)
                  0.04    0.00    8.30 v HICG_L0_2_sky130_fd_sc_hd__sdlclkp_1/A (sky130_fd_sc_hd__and2_2)
                          0.25    8.55   clock uncertainty
                          0.00    8.55   clock reconvergence pessimism
                          0.00    8.55   clock gating hold time
                                  8.55   data required time
-----------------------------------------------------------------------------
                                  8.55   data required time
                                 -8.97   data arrival time
-----------------------------------------------------------------------------
                                  0.42   slack (MET)


Startpoint: HICG_L0_4_latch (positive level-sensitive latch clocked by clk')
Endpoint: HICG_L0_4_sky130_fd_sc_hd__sdlclkp_1
          (rising clock gating-check end-point clocked by clk)
Path Group: gated clock
Path Type: min

Fanout     Cap    Slew   Delay    Time   Description
-----------------------------------------------------------------------------
                          7.50    7.50   clock clk' (rise edge)
                          0.00    7.50   clock source latency
     2    0.04    0.06    0.04    7.54 v clk (in)
     1    0.08    0.07    0.14    7.69 v __drvfix_5357/X (sky130_fd_sc_hd__clkbuf_8)
     3    0.06    0.04    0.14    7.82 v clkbuf_3_290/X (sky130_fd_sc_hd__clkbuf_16)
     6    0.13    0.10    0.17    7.99 v __drvfix_5358/X (sky130_fd_sc_hd__clkbuf_8)
     1    0.00    0.03    0.05    8.04 ^ HICG_L0_4_inv/Y (sky130_fd_sc_hd__clkinv_1)
     1    0.00    0.03    0.12    8.16 ^ HICG_L0_4_gdly/X (sky130_fd_sc_hd__dlygate4sd1_1)
                  0.03    0.00    8.16 ^ HICG_L0_4_latch/GATE (sky130_fd_sc_hd__dlxtp_1)
     1    0.00    0.02    0.16    8.32 v HICG_L0_4_latch/Q (sky130_fd_sc_hd__dlxtp_1)
     1    0.00    0.03    0.35    8.67 v __holdfix_234/X (sky130_fd_sc_hd__dlygate4sd3_1)
                  0.03    0.00    8.67 v HICG_L0_4_sky130_fd_sc_hd__sdlclkp_1/B (sky130_fd_sc_hd__and2_2)
                                  8.67   data arrival time

                          7.50    7.50   clock clk (fall edge)
                          0.00    7.50   clock source latency
     2    0.04    0.06    0.04    7.54 v clk (in)
     1    0.08    0.07    0.14    7.69 v __drvfix_5357/X (sky130_fd_sc_hd__clkbuf_8)
     3    0.06    0.04    0.14    7.82 v clkbuf_3_290/X (sky130_fd_sc_hd__clkbuf_16)
     6    0.13    0.10    0.17    7.99 v __drvfix_5358/X (sky130_fd_sc_hd__clkbuf_8)
                  0.10    0.01    8.00 v HICG_L0_4_sky130_fd_sc_hd__sdlclkp_1/A (sky130_fd_sc_hd__and2_2)
                          0.25    8.25   clock uncertainty
                          0.00    8.25   clock reconvergence pessimism
                          0.00    8.25   clock gating hold time
                                  8.25   data required time
-----------------------------------------------------------------------------
                                  8.25   data required time
                                 -8.67   data arrival time
-----------------------------------------------------------------------------
                                  0.43   slack (MET)


Startpoint: HICG_L0_0_latch (positive level-sensitive latch clocked by clk')
Endpoint: HICG_L0_0_sky130_fd_sc_hd__sdlclkp_1
          (rising clock gating-check end-point clocked by clk)
Path Group: gated clock
Path Type: min

Fanout     Cap    Slew   Delay    Time   Description
-----------------------------------------------------------------------------
                          7.50    7.50   clock clk' (rise edge)
                          0.00    7.50   clock source latency
     2    0.04    0.06    0.04    7.54 v clk (in)
     1    0.08    0.07    0.14    7.69 v __drvfix_5357/X (sky130_fd_sc_hd__clkbuf_8)
     3    0.06    0.04    0.14    7.82 v clkbuf_3_290/X (sky130_fd_sc_hd__clkbuf_16)
     2    0.12    0.09    0.16    7.98 v __drvfix_5359/X (sky130_fd_sc_hd__clkbuf_8)
     8    0.15    0.08    0.18    8.16 v clkbuf_2_288/X (sky130_fd_sc_hd__clkbuf_16)
     1    0.00    0.03    0.04    8.20 ^ HICG_L0_0_inv/Y (sky130_fd_sc_hd__clkinv_1)
     1    0.00    0.03    0.12    8.32 ^ HICG_L0_0_gdly/X (sky130_fd_sc_hd__dlygate4sd1_1)
                  0.03    0.00    8.32 ^ HICG_L0_0_latch/GATE (sky130_fd_sc_hd__dlxtp_1)
     1    0.00    0.02    0.16    8.49 v HICG_L0_0_latch/Q (sky130_fd_sc_hd__dlxtp_1)
     1    0.00    0.04    0.35    8.84 v __holdfix_229/X (sky130_fd_sc_hd__dlygate4sd3_1)
                  0.04    0.00    8.84 v HICG_L0_0_sky130_fd_sc_hd__sdlclkp_1/B (sky130_fd_sc_hd__and2_1)
                                  8.84   data arrival time

                          7.50    7.50   clock clk (fall edge)
                          0.00    7.50   clock source latency
     2    0.04    0.06    0.04    7.54 v clk (in)
     1    0.08    0.07    0.14    7.69 v __drvfix_5357/X (sky130_fd_sc_hd__clkbuf_8)
     3    0.06    0.04    0.14    7.82 v clkbuf_3_290/X (sky130_fd_sc_hd__clkbuf_16)
     2    0.12    0.09    0.16    7.98 v __drvfix_5359/X (sky130_fd_sc_hd__clkbuf_8)
     8    0.15    0.08    0.18    8.16 v clkbuf_2_288/X (sky130_fd_sc_hd__clkbuf_16)
                  0.08    0.00    8.16 v HICG_L0_0_sky130_fd_sc_hd__sdlclkp_1/A (sky130_fd_sc_hd__and2_1)
                          0.25    8.41   clock uncertainty
                          0.00    8.41   clock reconvergence pessimism
                          0.00    8.41   clock gating hold time
                                  8.41   data required time
-----------------------------------------------------------------------------
                                  8.41   data required time
                                 -8.84   data arrival time
-----------------------------------------------------------------------------
                                  0.43   slack (MET)


Startpoint: HICG_L1_5_latch (positive level-sensitive latch clocked by clk')
Endpoint: HICG_L1_5_sky130_fd_sc_hd__sdlclkp_1
          (rising clock gating-check end-point clocked by clk)
Path Group: gated clock
Path Type: min

Fanout     Cap    Slew   Delay    Time   Description
-----------------------------------------------------------------------------
                          7.50    7.50   clock clk' (rise edge)
                          0.00    7.50   clock source latency
     2    0.04    0.06    0.04    7.54 v clk (in)
     1    0.08    0.07    0.14    7.69 v __drvfix_5357/X (sky130_fd_sc_hd__clkbuf_8)
     3    0.06    0.04    0.14    7.82 v clkbuf_3_290/X (sky130_fd_sc_hd__clkbuf_16)
     3    0.10    0.08    0.14    7.97 v __drvfix_5360/X (sky130_fd_sc_hd__clkbuf_8)
     1    0.00    0.03    0.05    8.02 ^ HICG_L1_5_inv/Y (sky130_fd_sc_hd__clkinv_1)
     1    0.00    0.03    0.12    8.14 ^ HICG_L1_5_gdly/X (sky130_fd_sc_hd__dlygate4sd1_1)
                  0.03    0.00    8.14 ^ HICG_L1_5_latch/GATE (sky130_fd_sc_hd__dlxtp_1)
     1    0.00    0.02    0.17    8.31 v HICG_L1_5_latch/Q (sky130_fd_sc_hd__dlxtp_1)
     1    0.00    0.04    0.35    8.66 v __holdfix_230/X (sky130_fd_sc_hd__dlygate4sd3_1)
                  0.04    0.00    8.66 v HICG_L1_5_sky130_fd_sc_hd__sdlclkp_1/B (sky130_fd_sc_hd__and2_1)
                                  8.66   data arrival time

                          7.50    7.50   clock clk (fall edge)
                          0.00    7.50   clock source latency
     2    0.04    0.06    0.04    7.54 v clk (in)
     1    0.08    0.07    0.14    7.69 v __drvfix_5357/X (sky130_fd_sc_hd__clkbuf_8)
     3    0.06    0.04    0.14    7.82 v clkbuf_3_290/X (sky130_fd_sc_hd__clkbuf_16)
     3    0.10    0.08    0.14    7.97 v __drvfix_5360/X (sky130_fd_sc_hd__clkbuf_8)
                  0.08    0.01    7.98 v HICG_L1_5_sky130_fd_sc_hd__sdlclkp_1/A (sky130_fd_sc_hd__and2_1)
                          0.25    8.23   clock uncertainty
                          0.00    8.23   clock reconvergence pessimism
                          0.00    8.23   clock gating hold time
                                  8.23   data required time
-----------------------------------------------------------------------------
                                  8.23   data required time
                                 -8.66   data arrival time
-----------------------------------------------------------------------------
                                  0.43   slack (MET)


Startpoint: reg_rk_5[105] (rising edge-triggered flip-flop clocked by clk)
Endpoint: reg_rk_5[106] (rising edge-triggered flip-flop clocked by clk)
Path Group: clk
Path Type: min

Fanout     Cap    Slew   Delay    Time   Description
-----------------------------------------------------------------------------
                          0.00    0.00   clock clk (rise edge)
                          0.00    0.00   clock source latency
     2    0.04    0.14    0.10    0.10 ^ clk (in)
     1    0.08    0.11    0.16    0.26 ^ __drvfix_5357/X (sky130_fd_sc_hd__clkbuf_8)
     3    0.06    0.06    0.14    0.40 ^ clkbuf_3_290/X (sky130_fd_sc_hd__clkbuf_16)
     3    0.10    0.13    0.16    0.56 ^ __drvfix_5360/X (sky130_fd_sc_hd__clkbuf_8)
     6    0.17    0.14    0.21    0.77 ^ clkbuf_2_286/X (sky130_fd_sc_hd__clkbuf_16)
     8    0.10    0.09    0.17    0.93 ^ clkbuf_1_264/X (sky130_fd_sc_hd__clkbuf_16)
     8    0.03    0.04    0.11    1.04 ^ clkbuf_0_109/X (sky130_fd_sc_hd__clkbuf_16)
                  0.04    0.00    1.04 ^ reg_rk_5[105]/CLK (sky130_fd_sc_hd__dfrtp_1)
     3    0.01    0.08    0.24    1.28 ^ reg_rk_5[105]/Q (sky130_fd_sc_hd__dfrtp_1)
     1    0.00    0.03    0.08    1.37 ^ SCAN_MUX_1141/X (sky130_fd_sc_hd__mux2_1)
                  0.03    0.00    1.37 ^ reg_rk_5[106]/D (sky130_fd_sc_hd__dfrtp_1)
                                  1.37   data arrival time

                          0.00    0.00   clock clk (rise edge)
                          0.00    0.00   clock source latency
     2    0.04    0.14    0.10    0.10 ^ clk (in)
     1    0.08    0.11    0.16    0.26 ^ __drvfix_5357/X (sky130_fd_sc_hd__clkbuf_8)
     3    0.06    0.06    0.14    0.40 ^ clkbuf_3_290/X (sky130_fd_sc_hd__clkbuf_16)
     3    0.10    0.13    0.16    0.56 ^ __drvfix_5360/X (sky130_fd_sc_hd__clkbuf_8)
     6    0.17    0.14    0.21    0.77 ^ clkbuf_2_286/X (sky130_fd_sc_hd__clkbuf_16)
     8    0.12    0.11    0.18    0.94 ^ clkbuf_1_263/X (sky130_fd_sc_hd__clkbuf_16)
     8    0.03    0.04    0.12    1.06 ^ clkbuf_0_108/X (sky130_fd_sc_hd__clkbuf_16)
                  0.04    0.00    1.06 ^ reg_rk_5[106]/CLK (sky130_fd_sc_hd__dfrtp_1)
                          0.25    1.31   clock uncertainty
                          0.00    1.31   clock reconvergence pessimism
                         -0.02    1.29   library hold time
                                  1.29   data required time
-----------------------------------------------------------------------------
                                  1.29   data required time
                                 -1.37   data arrival time
-----------------------------------------------------------------------------
                                  0.07   slack (MET)


Startpoint: reg_rk_2[91] (rising edge-triggered flip-flop clocked by clk)
Endpoint: reg_rk_2[92] (rising edge-triggered flip-flop clocked by clk)
Path Group: clk
Path Type: min

Fanout     Cap    Slew   Delay    Time   Description
-----------------------------------------------------------------------------
                          0.00    0.00   clock clk (rise edge)
                          0.00    0.00   clock source latency
     2    0.04    0.14    0.10    0.10 ^ clk (in)
     1    0.08    0.11    0.16    0.26 ^ __drvfix_5357/X (sky130_fd_sc_hd__clkbuf_8)
     3    0.06    0.06    0.14    0.40 ^ clkbuf_3_290/X (sky130_fd_sc_hd__clkbuf_16)
     3    0.10    0.13    0.16    0.56 ^ __drvfix_5360/X (sky130_fd_sc_hd__clkbuf_8)
     6    0.17    0.14    0.21    0.77 ^ clkbuf_2_286/X (sky130_fd_sc_hd__clkbuf_16)
     8    0.11    0.10    0.17    0.93 ^ clkbuf_1_261/X (sky130_fd_sc_hd__clkbuf_16)
     8    0.03    0.04    0.11    1.05 ^ clkbuf_0_96/X (sky130_fd_sc_hd__clkbuf_16)
                  0.04    0.00    1.05 ^ reg_rk_2[91]/CLK (sky130_fd_sc_hd__dfrtp_1)
     3    0.01    0.08    0.24    1.29 ^ reg_rk_2[91]/Q (sky130_fd_sc_hd__dfrtp_1)
     1    0.00    0.03    0.09    1.38 ^ SCAN_MUX_743/X (sky130_fd_sc_hd__mux2_1)
                  0.03    0.00    1.38 ^ reg_rk_2[92]/D (sky130_fd_sc_hd__dfrtp_1)
                                  1.38   data arrival time

                          0.00    0.00   clock clk (rise edge)
                          0.00    0.00   clock source latency
     2    0.04    0.14    0.10    0.10 ^ clk (in)
     1    0.08    0.11    0.16    0.26 ^ __drvfix_5357/X (sky130_fd_sc_hd__clkbuf_8)
     3    0.06    0.06    0.14    0.40 ^ clkbuf_3_290/X (sky130_fd_sc_hd__clkbuf_16)
     3    0.10    0.13    0.16    0.56 ^ __drvfix_5360/X (sky130_fd_sc_hd__clkbuf_8)
     6    0.17    0.14    0.21    0.77 ^ clkbuf_2_286/X (sky130_fd_sc_hd__clkbuf_16)
     8    0.12    0.11    0.18    0.94 ^ clkbuf_1_263/X (sky130_fd_sc_hd__clkbuf_16)
     8    0.03    0.04    0.12    1.06 ^ clkbuf_0_99/X (sky130_fd_sc_hd__clkbuf_16)
                  0.04    0.00    1.06 ^ reg_rk_2[92]/CLK (sky130_fd_sc_hd__dfrtp_1)
                          0.25    1.31   clock uncertainty
                          0.00    1.31   clock reconvergence pessimism
                         -0.02    1.29   library hold time
                                  1.29   data required time
-----------------------------------------------------------------------------
                                  1.29   data required time
                                 -1.38   data arrival time
-----------------------------------------------------------------------------
                                  0.09   slack (MET)


Startpoint: reg_rk_4[91] (rising edge-triggered flip-flop clocked by clk)
Endpoint: reg_rk_4[92] (rising edge-triggered flip-flop clocked by clk)
Path Group: clk
Path Type: min

Fanout     Cap    Slew   Delay    Time   Description
-----------------------------------------------------------------------------
                          0.00    0.00   clock clk (rise edge)
                          0.00    0.00   clock source latency
     2    0.04    0.14    0.10    0.10 ^ clk (in)
     1    0.08    0.11    0.16    0.26 ^ __drvfix_5357/X (sky130_fd_sc_hd__clkbuf_8)
     3    0.06    0.06    0.14    0.40 ^ clkbuf_3_290/X (sky130_fd_sc_hd__clkbuf_16)
     3    0.10    0.13    0.16    0.56 ^ __drvfix_5360/X (sky130_fd_sc_hd__clkbuf_8)
     6    0.17    0.14    0.21    0.77 ^ clkbuf_2_286/X (sky130_fd_sc_hd__clkbuf_16)
     8    0.11    0.10    0.17    0.93 ^ clkbuf_1_261/X (sky130_fd_sc_hd__clkbuf_16)
     8    0.03    0.04    0.11    1.05 ^ clkbuf_0_96/X (sky130_fd_sc_hd__clkbuf_16)
                  0.04    0.00    1.05 ^ reg_rk_4[91]/CLK (sky130_fd_sc_hd__dfrtp_1)
     3    0.01    0.09    0.24    1.29 ^ reg_rk_4[91]/Q (sky130_fd_sc_hd__dfrtp_1)
     1    0.00    0.03    0.08    1.38 ^ SCAN_MUX_999/X (sky130_fd_sc_hd__mux2_1)
                  0.03    0.00    1.38 ^ reg_rk_4[92]/D (sky130_fd_sc_hd__dfrtp_1)
                                  1.38   data arrival time

                          0.00    0.00   clock clk (rise edge)
                          0.00    0.00   clock source latency
     2    0.04    0.14    0.10    0.10 ^ clk (in)
     1    0.08    0.11    0.16    0.26 ^ __drvfix_5357/X (sky130_fd_sc_hd__clkbuf_8)
     3    0.06    0.06    0.14    0.40 ^ clkbuf_3_290/X (sky130_fd_sc_hd__clkbuf_16)
     3    0.10    0.13    0.16    0.56 ^ __drvfix_5360/X (sky130_fd_sc_hd__clkbuf_8)
     6    0.17    0.14    0.21    0.77 ^ clkbuf_2_286/X (sky130_fd_sc_hd__clkbuf_16)
     8    0.12    0.11    0.18    0.94 ^ clkbuf_1_263/X (sky130_fd_sc_hd__clkbuf_16)
     8    0.03    0.04    0.12    1.06 ^ clkbuf_0_97/X (sky130_fd_sc_hd__clkbuf_16)
                  0.04    0.00    1.06 ^ reg_rk_4[92]/CLK (sky130_fd_sc_hd__dfrtp_1)
                          0.25    1.31   clock uncertainty
                          0.00    1.31   clock reconvergence pessimism
                         -0.02    1.29   library hold time
                                  1.29   data required time
-----------------------------------------------------------------------------
                                  1.29   data required time
                                 -1.38   data arrival time
-----------------------------------------------------------------------------
                                  0.09   slack (MET)


Startpoint: reg_rk_2[71] (rising edge-triggered flip-flop clocked by clk)
Endpoint: reg_rk_2[72] (rising edge-triggered flip-flop clocked by clk)
Path Group: clk
Path Type: min

Fanout     Cap    Slew   Delay    Time   Description
-----------------------------------------------------------------------------
                          0.00    0.00   clock clk (rise edge)
                          0.00    0.00   clock source latency
     2    0.04    0.14    0.10    0.10 ^ clk (in)
     1    0.08    0.11    0.16    0.26 ^ __drvfix_5357/X (sky130_fd_sc_hd__clkbuf_8)
     3    0.06    0.06    0.14    0.40 ^ clkbuf_3_290/X (sky130_fd_sc_hd__clkbuf_16)
     2    0.12    0.16    0.18    0.58 ^ __drvfix_5359/X (sky130_fd_sc_hd__clkbuf_8)
     2    0.05    0.05    0.15    0.73 ^ clkbuf_2_285/X (sky130_fd_sc_hd__clkbuf_16)
     4    0.12    0.16    0.19    0.91 ^ __drvfix_5364/X (sky130_fd_sc_hd__clkbuf_8)
     8    0.10    0.09    0.16    1.08 ^ clkbuf_1_255/X (sky130_fd_sc_hd__clkbuf_16)
     8    0.03    0.04    0.11    1.19 ^ clkbuf_0_18/X (sky130_fd_sc_hd__clkbuf_16)
                  0.04    0.00    1.19 ^ reg_rk_2[71]/CLK (sky130_fd_sc_hd__dfrtp_1)
     3    0.01    0.09    0.25    1.43 ^ reg_rk_2[71]/Q (sky130_fd_sc_hd__dfrtp_1)
     1    0.00    0.03    0.09    1.52 ^ SCAN_MUX_723/X (sky130_fd_sc_hd__mux2_1)
                  0.03    0.00    1.52 ^ reg_rk_2[72]/D (sky130_fd_sc_hd__dfrtp_1)
                                  1.52   data arrival time

                          0.00    0.00   clock clk (rise edge)
                          0.00    0.00   clock source latency
     2    0.04    0.14    0.10    0.10 ^ clk (in)
     1    0.08    0.11    0.16    0.26 ^ __drvfix_5357/X (sky130_fd_sc_hd__clkbuf_8)
     3    0.06    0.06    0.14    0.40 ^ clkbuf_3_290/X (sky130_fd_sc_hd__clkbuf_16)
     2    0.12    0.16    0.18    0.58 ^ __drvfix_5359/X (sky130_fd_sc_hd__clkbuf_8)
     2    0.05    0.05    0.15    0.73 ^ clkbuf_2_285/X (sky130_fd_sc_hd__clkbuf_16)
     4    0.12    0.16    0.19    0.91 ^ __drvfix_5364/X (sky130_fd_sc_hd__clkbuf_8)
     8    0.11    0.10    0.17    1.08 ^ clkbuf_1_256/X (sky130_fd_sc_hd__clkbuf_16)
     8    0.03    0.04    0.12    1.20 ^ clkbuf_0_27/X (sky130_fd_sc_hd__clkbuf_16)
                  0.04    0.00    1.20 ^ reg_rk_2[72]/CLK (sky130_fd_sc_hd__dfrtp_1)
                          0.25    1.45   clock uncertainty
                          0.00    1.45   clock reconvergence pessimism
                         -0.02    1.43   library hold time
                                  1.43   data required time
-----------------------------------------------------------------------------
                                  1.43   data required time
                                 -1.52   data arrival time
-----------------------------------------------------------------------------
                                  0.09   slack (MET)


Startpoint: reg_rk_3[102] (rising edge-triggered flip-flop clocked by clk)
Endpoint: reg_rk_3[103] (rising edge-triggered flip-flop clocked by clk)
Path Group: clk
Path Type: min

Fanout     Cap    Slew   Delay    Time   Description
-----------------------------------------------------------------------------
                          0.00    0.00   clock clk (rise edge)
                          0.00    0.00   clock source latency
     2    0.04    0.14    0.10    0.10 ^ clk (in)
     1    0.08    0.11    0.16    0.26 ^ __drvfix_5357/X (sky130_fd_sc_hd__clkbuf_8)
     3    0.06    0.06    0.14    0.40 ^ clkbuf_3_290/X (sky130_fd_sc_hd__clkbuf_16)
     3    0.10    0.13    0.16    0.56 ^ __drvfix_5360/X (sky130_fd_sc_hd__clkbuf_8)
     6    0.17    0.14    0.21    0.77 ^ clkbuf_2_286/X (sky130_fd_sc_hd__clkbuf_16)
     8    0.10    0.09    0.17    0.93 ^ clkbuf_1_264/X (sky130_fd_sc_hd__clkbuf_16)
     8    0.03    0.04    0.11    1.04 ^ clkbuf_0_120/X (sky130_fd_sc_hd__clkbuf_16)
                  0.04    0.00    1.04 ^ reg_rk_3[102]/CLK (sky130_fd_sc_hd__dfrtp_1)
     3    0.01    0.09    0.25    1.29 ^ reg_rk_3[102]/Q (sky130_fd_sc_hd__dfrtp_1)
     1    0.00    0.03    0.09    1.38 ^ SCAN_MUX_882/X (sky130_fd_sc_hd__mux2_1)
                  0.03    0.00    1.38 ^ reg_rk_3[103]/D (sky130_fd_sc_hd__dfrtp_1)
                                  1.38   data arrival time

                          0.00    0.00   clock clk (rise edge)
                          0.00    0.00   clock source latency
     2    0.04    0.14    0.10    0.10 ^ clk (in)
     1    0.08    0.11    0.16    0.26 ^ __drvfix_5357/X (sky130_fd_sc_hd__clkbuf_8)
     3    0.06    0.06    0.14    0.40 ^ clkbuf_3_290/X (sky130_fd_sc_hd__clkbuf_16)
     3    0.10    0.13    0.16    0.56 ^ __drvfix_5360/X (sky130_fd_sc_hd__clkbuf_8)
     6    0.17    0.14    0.21    0.77 ^ clkbuf_2_286/X (sky130_fd_sc_hd__clkbuf_16)
     8    0.12    0.11    0.18    0.94 ^ clkbuf_1_263/X (sky130_fd_sc_hd__clkbuf_16)
     8    0.03    0.04    0.12    1.06 ^ clkbuf_0_108/X (sky130_fd_sc_hd__clkbuf_16)
                  0.04    0.00    1.06 ^ reg_rk_3[103]/CLK (sky130_fd_sc_hd__dfrtp_1)
                          0.25    1.31   clock uncertainty
                          0.00    1.31   clock reconvergence pessimism
                         -0.02    1.29   library hold time
                                  1.29   data required time
-----------------------------------------------------------------------------
                                  1.29   data required time
                                 -1.38   data arrival time
-----------------------------------------------------------------------------
                                  0.09   slack (MET)


