Startpoint: rst_n (input port clocked by clk)
Endpoint: reg_data_in_1[4] (recovery check against rising-edge clock clk)
Path Group: asynchronous
Path Type: max

Fanout     Cap    Slew   Delay    Time   Description
-----------------------------------------------------------------------------
                          0.00    0.00   clock clk (rise edge)
                          0.00    0.00   clock network delay (propagated)
                          3.00    3.00 ^ input external delay
     1    0.01    0.08    0.05    3.05 ^ rst_n (in)
     2    0.06    0.13    0.23    3.29 ^ __inbuf_0/X (sky130_fd_sc_hd__buf_12)
     2    0.12    0.53    0.56    3.85 ^ __drvbuf_90/X (sky130_fd_sc_hd__buf_4)
     4    0.07    0.31    0.61    4.46 ^ rst_n_fobuf70/X (sky130_fd_sc_hd__buf_4)
     6    0.06    0.47    0.59    5.05 ^ __drvfix_2878/X (sky130_fd_sc_hd__buf_2)
     4    0.06    0.28    0.54    5.58 ^ rst_n_fobuf58/X (sky130_fd_sc_hd__buf_4)
     8    0.06    0.50    0.60    6.18 ^ __drvfix_2833/X (sky130_fd_sc_hd__buf_2)
                  0.50    0.00    6.19 ^ reg_data_in_1[4]/RESET_B (sky130_fd_sc_hd__dfrtp_4)
                                  6.19   data arrival time

                         15.00   15.00   clock clk (rise edge)
                          0.00   15.00   clock source latency
     2    0.04    0.30    0.21   15.21 ^ clk (in)
     1    0.08    0.22    0.44   15.65 ^ __drvfix_5357/X (sky130_fd_sc_hd__clkbuf_8)
     3    0.06    0.12    0.35   16.00 ^ clkbuf_3_290/X (sky130_fd_sc_hd__clkbuf_16)
     2    0.12    0.33    0.45   16.45 ^ __drvfix_5359/X (sky130_fd_sc_hd__clkbuf_8)
     8    0.16    0.26    0.50   16.94 ^ clkbuf_2_288/X (sky130_fd_sc_hd__clkbuf_16)
     8    0.11    0.20    0.42   17.36 ^ clkbuf_1_266/X (sky130_fd_sc_hd__clkbuf_16)
     8    0.03    0.08    0.29   17.66 ^ clkbuf_0_83/X (sky130_fd_sc_hd__clkbuf_16)
                  0.08    0.00   17.66 ^ reg_data_in_1[4]/CLK (sky130_fd_sc_hd__dfrtp_4)
                         -0.25   17.41   clock uncertainty
                          0.00   17.41   clock reconvergence pessimism
                          0.25   17.66   library recovery time
                                 17.66   data required time
-----------------------------------------------------------------------------
                                 17.66   data required time
                                 -6.19   data arrival time
-----------------------------------------------------------------------------
                                 11.47   slack (MET)


Startpoint: rst_n (input port clocked by clk)
Endpoint: reg_data_in_1[5] (recovery check against rising-edge clock clk)
Path Group: asynchronous
Path Type: max

Fanout     Cap    Slew   Delay    Time   Description
-----------------------------------------------------------------------------
                          0.00    0.00   clock clk (rise edge)
                          0.00    0.00   clock network delay (propagated)
                          3.00    3.00 ^ input external delay
     1    0.01    0.08    0.05    3.05 ^ rst_n (in)
     2    0.06    0.13    0.23    3.29 ^ __inbuf_0/X (sky130_fd_sc_hd__buf_12)
     2    0.12    0.53    0.56    3.85 ^ __drvbuf_90/X (sky130_fd_sc_hd__buf_4)
     4    0.07    0.31    0.61    4.46 ^ rst_n_fobuf70/X (sky130_fd_sc_hd__buf_4)
     6    0.06    0.47    0.59    5.05 ^ __drvfix_2878/X (sky130_fd_sc_hd__buf_2)
     4    0.06    0.28    0.54    5.58 ^ rst_n_fobuf58/X (sky130_fd_sc_hd__buf_4)
     8    0.06    0.50    0.60    6.18 ^ __drvfix_2833/X (sky130_fd_sc_hd__buf_2)
                  0.50    0.00    6.19 ^ reg_data_in_1[5]/RESET_B (sky130_fd_sc_hd__dfrtp_4)
                                  6.19   data arrival time

                         15.00   15.00   clock clk (rise edge)
                          0.00   15.00   clock source latency
     2    0.04    0.30    0.21   15.21 ^ clk (in)
     1    0.08    0.22    0.44   15.65 ^ __drvfix_5357/X (sky130_fd_sc_hd__clkbuf_8)
     3    0.06    0.12    0.35   16.00 ^ clkbuf_3_290/X (sky130_fd_sc_hd__clkbuf_16)
     2    0.12    0.33    0.45   16.45 ^ __drvfix_5359/X (sky130_fd_sc_hd__clkbuf_8)
     8    0.16    0.26    0.50   16.94 ^ clkbuf_2_288/X (sky130_fd_sc_hd__clkbuf_16)
     8    0.11    0.20    0.42   17.36 ^ clkbuf_1_266/X (sky130_fd_sc_hd__clkbuf_16)
     8    0.03    0.08    0.29   17.66 ^ clkbuf_0_83/X (sky130_fd_sc_hd__clkbuf_16)
                  0.08    0.00   17.66 ^ reg_data_in_1[5]/CLK (sky130_fd_sc_hd__dfrtp_4)
                         -0.25   17.41   clock uncertainty
                          0.00   17.41   clock reconvergence pessimism
                          0.25   17.66   library recovery time
                                 17.66   data required time
-----------------------------------------------------------------------------
                                 17.66   data required time
                                 -6.19   data arrival time
-----------------------------------------------------------------------------
                                 11.47   slack (MET)


Startpoint: rst_n (input port clocked by clk)
Endpoint: reg_data_in_1[2] (recovery check against rising-edge clock clk)
Path Group: asynchronous
Path Type: max

Fanout     Cap    Slew   Delay    Time   Description
-----------------------------------------------------------------------------
                          0.00    0.00   clock clk (rise edge)
                          0.00    0.00   clock network delay (propagated)
                          3.00    3.00 ^ input external delay
     1    0.01    0.08    0.05    3.05 ^ rst_n (in)
     2    0.06    0.13    0.23    3.29 ^ __inbuf_0/X (sky130_fd_sc_hd__buf_12)
     2    0.12    0.53    0.56    3.85 ^ __drvbuf_90/X (sky130_fd_sc_hd__buf_4)
     4    0.07    0.31    0.61    4.46 ^ rst_n_fobuf70/X (sky130_fd_sc_hd__buf_4)
     6    0.06    0.47    0.59    5.05 ^ __drvfix_2878/X (sky130_fd_sc_hd__buf_2)
     4    0.06    0.28    0.54    5.58 ^ rst_n_fobuf58/X (sky130_fd_sc_hd__buf_4)
     8    0.06    0.50    0.60    6.18 ^ __drvfix_2833/X (sky130_fd_sc_hd__buf_2)
                  0.50    0.00    6.19 ^ reg_data_in_1[2]/RESET_B (sky130_fd_sc_hd__dfrtp_4)
                                  6.19   data arrival time

                         15.00   15.00   clock clk (rise edge)
                          0.00   15.00   clock source latency
     2    0.04    0.30    0.21   15.21 ^ clk (in)
     1    0.08    0.22    0.44   15.65 ^ __drvfix_5357/X (sky130_fd_sc_hd__clkbuf_8)
     3    0.06    0.12    0.35   16.00 ^ clkbuf_3_290/X (sky130_fd_sc_hd__clkbuf_16)
     2    0.12    0.33    0.45   16.45 ^ __drvfix_5359/X (sky130_fd_sc_hd__clkbuf_8)
     8    0.16    0.26    0.50   16.94 ^ clkbuf_2_288/X (sky130_fd_sc_hd__clkbuf_16)
     8    0.11    0.20    0.42   17.36 ^ clkbuf_1_266/X (sky130_fd_sc_hd__clkbuf_16)
     8    0.03    0.08    0.29   17.66 ^ clkbuf_0_83/X (sky130_fd_sc_hd__clkbuf_16)
                  0.08    0.00   17.66 ^ reg_data_in_1[2]/CLK (sky130_fd_sc_hd__dfrtp_4)
                         -0.25   17.41   clock uncertainty
                          0.00   17.41   clock reconvergence pessimism
                          0.25   17.66   library recovery time
                                 17.66   data required time
-----------------------------------------------------------------------------
                                 17.66   data required time
                                 -6.19   data arrival time
-----------------------------------------------------------------------------
                                 11.47   slack (MET)


Startpoint: rst_n (input port clocked by clk)
Endpoint: reg_data_in_1[3] (recovery check against rising-edge clock clk)
Path Group: asynchronous
Path Type: max

Fanout     Cap    Slew   Delay    Time   Description
-----------------------------------------------------------------------------
                          0.00    0.00   clock clk (rise edge)
                          0.00    0.00   clock network delay (propagated)
                          3.00    3.00 ^ input external delay
     1    0.01    0.08    0.05    3.05 ^ rst_n (in)
     2    0.06    0.13    0.23    3.29 ^ __inbuf_0/X (sky130_fd_sc_hd__buf_12)
     2    0.12    0.53    0.56    3.85 ^ __drvbuf_90/X (sky130_fd_sc_hd__buf_4)
     4    0.07    0.31    0.61    4.46 ^ rst_n_fobuf70/X (sky130_fd_sc_hd__buf_4)
     6    0.06    0.47    0.59    5.05 ^ __drvfix_2878/X (sky130_fd_sc_hd__buf_2)
     4    0.06    0.28    0.54    5.58 ^ rst_n_fobuf58/X (sky130_fd_sc_hd__buf_4)
     8    0.06    0.50    0.60    6.18 ^ __drvfix_2833/X (sky130_fd_sc_hd__buf_2)
                  0.50    0.00    6.19 ^ reg_data_in_1[3]/RESET_B (sky130_fd_sc_hd__dfrtp_4)
                                  6.19   data arrival time

                         15.00   15.00   clock clk (rise edge)
                          0.00   15.00   clock source latency
     2    0.04    0.30    0.21   15.21 ^ clk (in)
     1    0.08    0.22    0.44   15.65 ^ __drvfix_5357/X (sky130_fd_sc_hd__clkbuf_8)
     3    0.06    0.12    0.35   16.00 ^ clkbuf_3_290/X (sky130_fd_sc_hd__clkbuf_16)
     2    0.12    0.33    0.45   16.45 ^ __drvfix_5359/X (sky130_fd_sc_hd__clkbuf_8)
     8    0.16    0.26    0.50   16.94 ^ clkbuf_2_288/X (sky130_fd_sc_hd__clkbuf_16)
     8    0.11    0.20    0.42   17.36 ^ clkbuf_1_266/X (sky130_fd_sc_hd__clkbuf_16)
     8    0.03    0.08    0.29   17.66 ^ clkbuf_0_83/X (sky130_fd_sc_hd__clkbuf_16)
                  0.08    0.00   17.66 ^ reg_data_in_1[3]/CLK (sky130_fd_sc_hd__dfrtp_4)
                         -0.25   17.41   clock uncertainty
                          0.00   17.41   clock reconvergence pessimism
                          0.25   17.66   library recovery time
                                 17.66   data required time
-----------------------------------------------------------------------------
                                 17.66   data required time
                                 -6.19   data arrival time
-----------------------------------------------------------------------------
                                 11.47   slack (MET)


Startpoint: rst_n (input port clocked by clk)
Endpoint: reg_data_in_1[1] (recovery check against rising-edge clock clk)
Path Group: asynchronous
Path Type: max

Fanout     Cap    Slew   Delay    Time   Description
-----------------------------------------------------------------------------
                          0.00    0.00   clock clk (rise edge)
                          0.00    0.00   clock network delay (propagated)
                          3.00    3.00 ^ input external delay
     1    0.01    0.08    0.05    3.05 ^ rst_n (in)
     2    0.06    0.13    0.23    3.29 ^ __inbuf_0/X (sky130_fd_sc_hd__buf_12)
     2    0.12    0.53    0.56    3.85 ^ __drvbuf_90/X (sky130_fd_sc_hd__buf_4)
     4    0.07    0.31    0.61    4.46 ^ rst_n_fobuf70/X (sky130_fd_sc_hd__buf_4)
     6    0.06    0.47    0.59    5.05 ^ __drvfix_2878/X (sky130_fd_sc_hd__buf_2)
     4    0.06    0.28    0.54    5.58 ^ rst_n_fobuf58/X (sky130_fd_sc_hd__buf_4)
     8    0.06    0.50    0.60    6.18 ^ __drvfix_2833/X (sky130_fd_sc_hd__buf_2)
                  0.50    0.00    6.19 ^ reg_data_in_1[1]/RESET_B (sky130_fd_sc_hd__dfrtp_4)
                                  6.19   data arrival time

                         15.00   15.00   clock clk (rise edge)
                          0.00   15.00   clock source latency
     2    0.04    0.30    0.21   15.21 ^ clk (in)
     1    0.08    0.22    0.44   15.65 ^ __drvfix_5357/X (sky130_fd_sc_hd__clkbuf_8)
     3    0.06    0.12    0.35   16.00 ^ clkbuf_3_290/X (sky130_fd_sc_hd__clkbuf_16)
     2    0.12    0.33    0.45   16.45 ^ __drvfix_5359/X (sky130_fd_sc_hd__clkbuf_8)
     8    0.16    0.26    0.50   16.94 ^ clkbuf_2_288/X (sky130_fd_sc_hd__clkbuf_16)
     8    0.11    0.20    0.42   17.36 ^ clkbuf_1_266/X (sky130_fd_sc_hd__clkbuf_16)
     8    0.03    0.08    0.29   17.66 ^ clkbuf_0_83/X (sky130_fd_sc_hd__clkbuf_16)
                  0.08    0.00   17.66 ^ reg_data_in_1[1]/CLK (sky130_fd_sc_hd__dfrtp_4)
                         -0.25   17.41   clock uncertainty
                          0.00   17.41   clock reconvergence pessimism
                          0.25   17.66   library recovery time
                                 17.66   data required time
-----------------------------------------------------------------------------
                                 17.66   data required time
                                 -6.19   data arrival time
-----------------------------------------------------------------------------
                                 11.47   slack (MET)


Startpoint: HICG_L1_5_latch (positive level-sensitive latch clocked by clk')
Endpoint: HICG_L1_5_sky130_fd_sc_hd__sdlclkp_1
          (rising clock gating-check end-point clocked by clk)
Path Group: gated clock
Path Type: max

Fanout     Cap    Slew   Delay    Time   Description
-----------------------------------------------------------------------------
                          7.50    7.50   clock clk' (rise edge)
                          0.00    7.50   clock source latency
     2    0.04    0.18    0.13    7.63 v clk (in)
     1    0.08    0.16    0.39    8.01 v __drvfix_5357/X (sky130_fd_sc_hd__clkbuf_8)
     3    0.06    0.09    0.35    8.36 v clkbuf_3_290/X (sky130_fd_sc_hd__clkbuf_16)
     3    0.10    0.19    0.37    8.73 v __drvfix_5360/X (sky130_fd_sc_hd__clkbuf_8)
     1    0.00    0.06    0.11    8.84 ^ HICG_L1_5_inv/Y (sky130_fd_sc_hd__clkinv_1)
     1    0.00    0.07    0.37    9.21 ^ HICG_L1_5_gdly/X (sky130_fd_sc_hd__dlygate4sd1_1)
                  0.07    0.00    9.21 ^ HICG_L1_5_latch/GATE (sky130_fd_sc_hd__dlxtp_1)
     1    0.00    0.07    0.63    9.85 ^ HICG_L1_5_latch/Q (sky130_fd_sc_hd__dlxtp_1)
     1    0.00    0.09    1.03   10.88 ^ __holdfix_230/X (sky130_fd_sc_hd__dlygate4sd3_1)
                  0.09    0.00   10.88 ^ HICG_L1_5_sky130_fd_sc_hd__sdlclkp_1/B (sky130_fd_sc_hd__and2_1)
                                 10.88   data arrival time

                         15.00   15.00   clock clk (rise edge)
                          0.00   15.00   clock source latency
     2    0.04    0.30    0.21   15.21 ^ clk (in)
     1    0.08    0.22    0.44   15.65 ^ __drvfix_5357/X (sky130_fd_sc_hd__clkbuf_8)
     3    0.06    0.12    0.35   16.00 ^ clkbuf_3_290/X (sky130_fd_sc_hd__clkbuf_16)
     3    0.10    0.28    0.41   16.41 ^ __drvfix_5360/X (sky130_fd_sc_hd__clkbuf_8)
                  0.28    0.01   16.42 ^ HICG_L1_5_sky130_fd_sc_hd__sdlclkp_1/A (sky130_fd_sc_hd__and2_1)
                         -0.25   16.17   clock uncertainty
                          0.00   16.17   clock reconvergence pessimism
                          0.00   16.17   clock gating setup time
                                 16.17   data required time
-----------------------------------------------------------------------------
                                 16.17   data required time
                                -10.88   data arrival time
-----------------------------------------------------------------------------
                                  5.29   slack (MET)


Startpoint: HICG_L0_1_latch (positive level-sensitive latch clocked by clk')
Endpoint: HICG_L0_1_sky130_fd_sc_hd__sdlclkp_1
          (rising clock gating-check end-point clocked by clk)
Path Group: gated clock
Path Type: max

Fanout     Cap    Slew   Delay    Time   Description
-----------------------------------------------------------------------------
                          7.50    7.50   clock clk' (rise edge)
                          0.00    7.50   clock source latency
     2    0.04    0.18    0.13    7.63 v clk (in)
     1    0.08    0.16    0.39    8.01 v __drvfix_5357/X (sky130_fd_sc_hd__clkbuf_8)
     3    0.06    0.09    0.35    8.36 v clkbuf_3_290/X (sky130_fd_sc_hd__clkbuf_16)
     6    0.13    0.24    0.43    8.78 v __drvfix_5358/X (sky130_fd_sc_hd__clkbuf_8)
     1    0.00    0.07    0.12    8.91 ^ HICG_L0_1_inv/Y (sky130_fd_sc_hd__clkinv_1)
     1    0.00    0.05    0.36    9.26 ^ HICG_L0_1_gdly/X (sky130_fd_sc_hd__dlygate4sd1_1)
                  0.05    0.00    9.26 ^ HICG_L0_1_latch/GATE (sky130_fd_sc_hd__dlxtp_1)
     1    0.00    0.06    0.62    9.88 ^ HICG_L0_1_latch/Q (sky130_fd_sc_hd__dlxtp_1)
     1    0.00    0.10    1.05   10.93 ^ __holdfix_231/X (sky130_fd_sc_hd__dlygate4sd3_1)
                  0.10    0.00   10.93 ^ HICG_L0_1_sky130_fd_sc_hd__sdlclkp_1/B (sky130_fd_sc_hd__and2_2)
                                 10.93   data arrival time

                         15.00   15.00   clock clk (rise edge)
                          0.00   15.00   clock source latency
     2    0.04    0.30    0.21   15.21 ^ clk (in)
     1    0.08    0.22    0.44   15.65 ^ __drvfix_5357/X (sky130_fd_sc_hd__clkbuf_8)
     3    0.06    0.12    0.35   16.00 ^ clkbuf_3_290/X (sky130_fd_sc_hd__clkbuf_16)
     6    0.13    0.36    0.48   16.48 ^ __drvfix_5358/X (sky130_fd_sc_hd__clkbuf_8)
                  0.36    0.00   16.48 ^ HICG_L0_1_sky130_fd_sc_hd__sdlclkp_1/A (sky130_fd_sc_hd__and2_2)
                         -0.25   16.23   clock uncertainty
                          0.00   16.23   clock reconvergence pessimism
                          0.00   16.23   clock gating setup time
                                 16.23   data required time
-----------------------------------------------------------------------------
                                 16.23   data required time
                                -10.93   data arrival time
-----------------------------------------------------------------------------
                                  5.31   slack (MET)


Startpoint: HICG_L0_4_latch (positive level-sensitive latch clocked by clk')
Endpoint: HICG_L0_4_sky130_fd_sc_hd__sdlclkp_1
          (rising clock gating-check end-point clocked by clk)
Path Group: gated clock
Path Type: max

Fanout     Cap    Slew   Delay    Time   Description
-----------------------------------------------------------------------------
                          7.50    7.50   clock clk' (rise edge)
                          0.00    7.50   clock source latency
     2    0.04    0.18    0.13    7.63 v clk (in)
     1    0.08    0.16    0.39    8.01 v __drvfix_5357/X (sky130_fd_sc_hd__clkbuf_8)
     3    0.06    0.09    0.35    8.36 v clkbuf_3_290/X (sky130_fd_sc_hd__clkbuf_16)
     6    0.13    0.24    0.43    8.78 v __drvfix_5358/X (sky130_fd_sc_hd__clkbuf_8)
     1    0.00    0.07    0.12    8.90 ^ HICG_L0_4_inv/Y (sky130_fd_sc_hd__clkinv_1)
     1    0.00    0.06    0.36    9.26 ^ HICG_L0_4_gdly/X (sky130_fd_sc_hd__dlygate4sd1_1)
                  0.06    0.00    9.26 ^ HICG_L0_4_latch/GATE (sky130_fd_sc_hd__dlxtp_1)
     1    0.00    0.06    0.62    9.89 ^ HICG_L0_4_latch/Q (sky130_fd_sc_hd__dlxtp_1)
     1    0.00    0.08    1.02   10.91 ^ __holdfix_234/X (sky130_fd_sc_hd__dlygate4sd3_1)
                  0.08    0.00   10.91 ^ HICG_L0_4_sky130_fd_sc_hd__sdlclkp_1/B (sky130_fd_sc_hd__and2_2)
                                 10.91   data arrival time

                         15.00   15.00   clock clk (rise edge)
                          0.00   15.00   clock source latency
     2    0.04    0.30    0.21   15.21 ^ clk (in)
     1    0.08    0.22    0.44   15.65 ^ __drvfix_5357/X (sky130_fd_sc_hd__clkbuf_8)
     3    0.06    0.12    0.35   16.00 ^ clkbuf_3_290/X (sky130_fd_sc_hd__clkbuf_16)
     6    0.13    0.36    0.48   16.48 ^ __drvfix_5358/X (sky130_fd_sc_hd__clkbuf_8)
                  0.36    0.01   16.48 ^ HICG_L0_4_sky130_fd_sc_hd__sdlclkp_1/A (sky130_fd_sc_hd__and2_2)
                         -0.25   16.23   clock uncertainty
                          0.00   16.23   clock reconvergence pessimism
                          0.00   16.23   clock gating setup time
                                 16.23   data required time
-----------------------------------------------------------------------------
                                 16.23   data required time
                                -10.91   data arrival time
-----------------------------------------------------------------------------
                                  5.33   slack (MET)


Startpoint: HICG_L0_0_latch (positive level-sensitive latch clocked by clk')
Endpoint: HICG_L0_0_sky130_fd_sc_hd__sdlclkp_1
          (rising clock gating-check end-point clocked by clk)
Path Group: gated clock
Path Type: max

Fanout     Cap    Slew   Delay    Time   Description
-----------------------------------------------------------------------------
                          7.50    7.50   clock clk' (rise edge)
                          0.00    7.50   clock source latency
     2    0.04    0.18    0.13    7.63 v clk (in)
     1    0.08    0.16    0.39    8.01 v __drvfix_5357/X (sky130_fd_sc_hd__clkbuf_8)
     3    0.06    0.09    0.35    8.36 v clkbuf_3_290/X (sky130_fd_sc_hd__clkbuf_16)
     2    0.12    0.23    0.40    8.76 v __drvfix_5359/X (sky130_fd_sc_hd__clkbuf_8)
     8    0.15    0.18    0.45    9.21 v clkbuf_2_288/X (sky130_fd_sc_hd__clkbuf_16)
     1    0.00    0.06    0.10    9.32 ^ HICG_L0_0_inv/Y (sky130_fd_sc_hd__clkinv_1)
     1    0.00    0.06    0.36    9.68 ^ HICG_L0_0_gdly/X (sky130_fd_sc_hd__dlygate4sd1_1)
                  0.06    0.00    9.68 ^ HICG_L0_0_latch/GATE (sky130_fd_sc_hd__dlxtp_1)
     1    0.00    0.06    0.63   10.30 ^ HICG_L0_0_latch/Q (sky130_fd_sc_hd__dlxtp_1)
     1    0.00    0.09    1.03   11.33 ^ __holdfix_229/X (sky130_fd_sc_hd__dlygate4sd3_1)
                  0.09    0.00   11.33 ^ HICG_L0_0_sky130_fd_sc_hd__sdlclkp_1/B (sky130_fd_sc_hd__and2_1)
                                 11.33   data arrival time

                         15.00   15.00   clock clk (rise edge)
                          0.00   15.00   clock source latency
     2    0.04    0.30    0.21   15.21 ^ clk (in)
     1    0.08    0.22    0.44   15.65 ^ __drvfix_5357/X (sky130_fd_sc_hd__clkbuf_8)
     3    0.06    0.12    0.35   16.00 ^ clkbuf_3_290/X (sky130_fd_sc_hd__clkbuf_16)
     2    0.12    0.33    0.45   16.45 ^ __drvfix_5359/X (sky130_fd_sc_hd__clkbuf_8)
     8    0.16    0.26    0.50   16.94 ^ clkbuf_2_288/X (sky130_fd_sc_hd__clkbuf_16)
                  0.26    0.00   16.95 ^ HICG_L0_0_sky130_fd_sc_hd__sdlclkp_1/A (sky130_fd_sc_hd__and2_1)
                         -0.25   16.70   clock uncertainty
                          0.00   16.70   clock reconvergence pessimism
                          0.00   16.70   clock gating setup time
                                 16.70   data required time
-----------------------------------------------------------------------------
                                 16.70   data required time
                                -11.33   data arrival time
-----------------------------------------------------------------------------
                                  5.37   slack (MET)


Startpoint: HICG_L0_2_latch (positive level-sensitive latch clocked by clk')
Endpoint: HICG_L0_2_sky130_fd_sc_hd__sdlclkp_1
          (rising clock gating-check end-point clocked by clk)
Path Group: gated clock
Path Type: max

Fanout     Cap    Slew   Delay    Time   Description
-----------------------------------------------------------------------------
                          7.50    7.50   clock clk' (rise edge)
                          0.00    7.50   clock source latency
     2    0.04    0.18    0.13    7.63 v clk (in)
     1    0.08    0.16    0.39    8.01 v __drvfix_5357/X (sky130_fd_sc_hd__clkbuf_8)
     3    0.06    0.09    0.35    8.36 v clkbuf_3_290/X (sky130_fd_sc_hd__clkbuf_16)
     3    0.10    0.19    0.37    8.73 v __drvfix_5360/X (sky130_fd_sc_hd__clkbuf_8)
     1    0.03    0.27    0.52    9.26 v HICG_L1_5_sky130_fd_sc_hd__sdlclkp_1/X (sky130_fd_sc_hd__and2_1)
     4    0.06    0.09    0.39    9.65 v clkbuf_0_276/X (sky130_fd_sc_hd__clkbuf_16)
     1    0.00    0.04    0.07    9.72 ^ HICG_L0_2_inv/Y (sky130_fd_sc_hd__clkinv_1)
     1    0.00    0.07    0.36   10.08 ^ HICG_L0_2_gdly/X (sky130_fd_sc_hd__dlygate4sd1_1)
                  0.07    0.00   10.08 ^ HICG_L0_2_latch/GATE (sky130_fd_sc_hd__dlxtp_1)
     1    0.00    0.08    0.65   10.73 ^ HICG_L0_2_latch/Q (sky130_fd_sc_hd__dlxtp_1)
     1    0.00    0.08    1.03   11.76 ^ __holdfix_233/X (sky130_fd_sc_hd__dlygate4sd3_1)
                  0.08    0.00   11.76 ^ HICG_L0_2_sky130_fd_sc_hd__sdlclkp_1/B (sky130_fd_sc_hd__and2_2)
                                 11.76   data arrival time

                         15.00   15.00   clock clk (rise edge)
                          0.00   15.00   clock source latency
     2    0.04    0.30    0.21   15.21 ^ clk (in)
     1    0.08    0.22    0.44   15.65 ^ __drvfix_5357/X (sky130_fd_sc_hd__clkbuf_8)
     3    0.06    0.12    0.35   16.00 ^ clkbuf_3_290/X (sky130_fd_sc_hd__clkbuf_16)
     3    0.10    0.28    0.41   16.41 ^ __drvfix_5360/X (sky130_fd_sc_hd__clkbuf_8)
     1    0.03    0.45    0.59   16.99 ^ HICG_L1_5_sky130_fd_sc_hd__sdlclkp_1/X (sky130_fd_sc_hd__and2_1)
     4    0.06    0.12    0.44   17.43 ^ clkbuf_0_276/X (sky130_fd_sc_hd__clkbuf_16)
                  0.12    0.00   17.43 ^ HICG_L0_2_sky130_fd_sc_hd__sdlclkp_1/A (sky130_fd_sc_hd__and2_2)
                         -0.25   17.18   clock uncertainty
                          0.00   17.18   clock reconvergence pessimism
                          0.00   17.18   clock gating setup time
                                 17.18   data required time
-----------------------------------------------------------------------------
                                 17.18   data required time
                                -11.76   data arrival time
-----------------------------------------------------------------------------
                                  5.43   slack (MET)


Startpoint: reg_st[104] (rising edge-triggered flip-flop clocked by clk)
Endpoint: reg_st[60] (rising edge-triggered flip-flop clocked by clk)
Path Group: clk
Path Type: max

Fanout     Cap    Slew   Delay    Time   Description
-----------------------------------------------------------------------------
                          0.00    0.00   clock clk (rise edge)
                          0.00    0.00   clock source latency
     2    0.04    0.30    0.21    0.21 ^ clk (in)
     1    0.08    0.22    0.44    0.65 ^ __drvfix_5357/X (sky130_fd_sc_hd__clkbuf_8)
     3    0.06    0.12    0.35    1.00 ^ clkbuf_3_290/X (sky130_fd_sc_hd__clkbuf_16)
     2    0.12    0.33    0.45    1.45 ^ __drvfix_5359/X (sky130_fd_sc_hd__clkbuf_8)
     8    0.16    0.26    0.50    1.94 ^ clkbuf_2_288/X (sky130_fd_sc_hd__clkbuf_16)
     8    0.11    0.19    0.41    2.36 ^ clkbuf_1_279/X (sky130_fd_sc_hd__clkbuf_16)
     8    0.03    0.08    0.29    2.65 ^ clkbuf_0_207/X (sky130_fd_sc_hd__clkbuf_16)
                  0.08    0.00    2.65 ^ reg_st[104]/CLK (sky130_fd_sc_hd__dfrtp_1)
     6    0.04    0.54    1.00    3.64 ^ reg_st[104]/Q (sky130_fd_sc_hd__dfrtp_1)
     2    0.09    0.24    0.48    4.12 ^ __drvfix_152/X (sky130_fd_sc_hd__buf_8)
     2    0.10    0.44    0.56    4.68 ^ __drvfix_5199/X (sky130_fd_sc_hd__buf_4)
     8    0.04    0.12    0.57    5.24 v sky130_fd_sc_hd__and2b_4_i28528/X (sky130_fd_sc_hd__and2b_4)
     4    0.02    0.20    0.81    6.06 v sky130_fd_sc_hd__or2_4_i28574/X (sky130_fd_sc_hd__or2_2)
     7    0.06    0.40    0.39    6.45 ^ INV_28574/Y (sky130_fd_sc_hd__inv_2)
     2    0.03    0.18    0.51    6.96 ^ sky130_fd_sc_hd__and2_4_i28575/X (sky130_fd_sc_hd__and2_4)
     5    0.05    0.37    0.47    7.42 ^ __drvfix_1440/X (sky130_fd_sc_hd__buf_2)
     3    0.01    0.10    0.18    7.60 v sky130_fd_sc_hd__nor2_2_i28707/Y (sky130_fd_sc_hd__nor2_2)
     1    0.01    0.19    1.19    8.79 v sky130_fd_sc_hd__mux4_2_i28719/X (sky130_fd_sc_hd__mux4_1)
     1    0.01    0.18    0.77    9.56 v sky130_fd_sc_hd__mux2_1_i28735/X (sky130_fd_sc_hd__mux2_1)
     4    0.05    0.41    1.41   10.97 v sky130_fd_sc_hd__mux4_2_i28816/X (sky130_fd_sc_hd__mux4_2)
     1    0.02    0.08    0.50   11.46 v sky130_fd_sc_hd__and2b_2_i28818/X (sky130_fd_sc_hd__and2b_4)
     2    0.02    0.15    0.17   11.63 ^ sky130_fd_sc_hd__nor2_8_i28819/Y (sky130_fd_sc_hd__nor2_8)
     5    0.07    0.54    0.57   12.20 ^ __drvfix_1469/X (sky130_fd_sc_hd__buf_2)
     2    0.01    0.25    0.38   12.58 ^ sky130_fd_sc_hd__xnor2_4_i32319/Y (sky130_fd_sc_hd__xnor2_2)
     2    0.02    0.46    0.50   13.08 ^ __drvfix_1514/X (sky130_fd_sc_hd__buf_1)
     1    0.01    0.26    0.35   13.43 ^ sky130_fd_sc_hd__xnor2_2_i32322/Y (sky130_fd_sc_hd__xnor2_2)
     1    0.01    0.14    0.21   13.65 v sky130_fd_sc_hd__xnor2_2_i32325/Y (sky130_fd_sc_hd__xnor2_2)
     1    0.02    0.42    0.45   14.10 ^ sky130_fd_sc_hd__xnor2_2_i32334/Y (sky130_fd_sc_hd__xnor2_2)
     1    0.02    0.15    0.29   14.39 v sky130_fd_sc_hd__xnor2_2_i32572/Y (sky130_fd_sc_hd__xnor2_4)
     1    0.03    0.19    0.33   14.72 v sky130_fd_sc_hd__xnor2_2_i32575/Y (sky130_fd_sc_hd__xnor2_4)
     1    0.01    0.18    1.12   15.84 v sky130_fd_sc_hd__mux4_2_i32915/X (sky130_fd_sc_hd__mux4_2)
     1    0.01    0.06    0.40   16.24 v sky130_fd_sc_hd__o21ba_2_i32927/X (sky130_fd_sc_hd__o21ba_4)
     1    0.01    0.12    0.59   16.82 v sky130_fd_sc_hd__mux2_1_i32930/X (sky130_fd_sc_hd__mux2_2)
     1    0.00    0.04    0.08   16.91 ^ OUT_INV_1781/Y (sky130_fd_sc_hd__inv_4)
     1    0.00    0.07    0.25   17.16 ^ SCAN_MUX_1739/X (sky130_fd_sc_hd__mux2_2)
                  0.07    0.00   17.16 ^ reg_st[60]/D (sky130_fd_sc_hd__dfrtp_1)
                                 17.16   data arrival time

                         15.00   15.00   clock clk (rise edge)
                          0.00   15.00   clock source latency
     2    0.04    0.30    0.21   15.21 ^ clk (in)
     1    0.08    0.22    0.44   15.65 ^ __drvfix_5357/X (sky130_fd_sc_hd__clkbuf_8)
     3    0.06    0.12    0.35   16.00 ^ clkbuf_3_290/X (sky130_fd_sc_hd__clkbuf_16)
     2    0.12    0.33    0.45   16.45 ^ __drvfix_5359/X (sky130_fd_sc_hd__clkbuf_8)
     2    0.05    0.11    0.39   16.84 ^ clkbuf_2_285/X (sky130_fd_sc_hd__clkbuf_16)
     3    0.07    0.19    0.34   17.18 ^ __drvfix_5363/X (sky130_fd_sc_hd__clkbuf_8)
     8    0.10    0.17    0.37   17.55 ^ clkbuf_1_253/X (sky130_fd_sc_hd__clkbuf_16)
     8    0.03    0.08    0.28   17.83 ^ clkbuf_0_3/X (sky130_fd_sc_hd__clkbuf_16)
                  0.08    0.00   17.83 ^ reg_st[60]/CLK (sky130_fd_sc_hd__dfrtp_1)
                         -0.25   17.58   clock uncertainty
                          0.00   17.58   clock reconvergence pessimism
                         -0.13   17.45   library setup time
                                 17.45   data required time
-----------------------------------------------------------------------------
                                 17.45   data required time
                                -17.16   data arrival time
-----------------------------------------------------------------------------
                                  0.30   slack (MET)


Startpoint: reg_st[104] (rising edge-triggered flip-flop clocked by clk)
Endpoint: reg_st[42] (rising edge-triggered flip-flop clocked by clk)
Path Group: clk
Path Type: max

Fanout     Cap    Slew   Delay    Time   Description
-----------------------------------------------------------------------------
                          0.00    0.00   clock clk (rise edge)
                          0.00    0.00   clock source latency
     2    0.04    0.30    0.21    0.21 ^ clk (in)
     1    0.08    0.22    0.44    0.65 ^ __drvfix_5357/X (sky130_fd_sc_hd__clkbuf_8)
     3    0.06    0.12    0.35    1.00 ^ clkbuf_3_290/X (sky130_fd_sc_hd__clkbuf_16)
     2    0.12    0.33    0.45    1.45 ^ __drvfix_5359/X (sky130_fd_sc_hd__clkbuf_8)
     8    0.16    0.26    0.50    1.94 ^ clkbuf_2_288/X (sky130_fd_sc_hd__clkbuf_16)
     8    0.11    0.19    0.41    2.36 ^ clkbuf_1_279/X (sky130_fd_sc_hd__clkbuf_16)
     8    0.03    0.08    0.29    2.65 ^ clkbuf_0_207/X (sky130_fd_sc_hd__clkbuf_16)
                  0.08    0.00    2.65 ^ reg_st[104]/CLK (sky130_fd_sc_hd__dfrtp_1)
     6    0.04    0.54    1.00    3.64 ^ reg_st[104]/Q (sky130_fd_sc_hd__dfrtp_1)
     2    0.09    0.24    0.48    4.12 ^ __drvfix_152/X (sky130_fd_sc_hd__buf_8)
     2    0.10    0.44    0.56    4.68 ^ __drvfix_5199/X (sky130_fd_sc_hd__buf_4)
     8    0.04    0.12    0.57    5.24 v sky130_fd_sc_hd__and2b_4_i28528/X (sky130_fd_sc_hd__and2b_4)
     4    0.02    0.20    0.81    6.06 v sky130_fd_sc_hd__or2_4_i28574/X (sky130_fd_sc_hd__or2_2)
     7    0.06    0.40    0.39    6.45 ^ INV_28574/Y (sky130_fd_sc_hd__inv_2)
     2    0.03    0.18    0.51    6.96 ^ sky130_fd_sc_hd__and2_4_i28575/X (sky130_fd_sc_hd__and2_4)
     5    0.05    0.37    0.47    7.42 ^ __drvfix_1440/X (sky130_fd_sc_hd__buf_2)
     3    0.01    0.10    0.18    7.60 v sky130_fd_sc_hd__nor2_2_i28707/Y (sky130_fd_sc_hd__nor2_2)
     1    0.01    0.19    1.19    8.79 v sky130_fd_sc_hd__mux4_2_i28719/X (sky130_fd_sc_hd__mux4_1)
     1    0.01    0.18    0.77    9.56 v sky130_fd_sc_hd__mux2_1_i28735/X (sky130_fd_sc_hd__mux2_1)
     4    0.05    0.41    1.41   10.97 v sky130_fd_sc_hd__mux4_2_i28816/X (sky130_fd_sc_hd__mux4_2)
     1    0.02    0.38    0.46   11.43 ^ sky130_fd_sc_hd__nor2_2_i28817/Y (sky130_fd_sc_hd__nor2_2)
     2    0.02    0.09    0.17   11.60 v sky130_fd_sc_hd__nor2_8_i28819/Y (sky130_fd_sc_hd__nor2_8)
     5    0.08    0.19    0.39   11.99 v __drvfix_1468/X (sky130_fd_sc_hd__buf_4)
     3    0.03    0.44    0.50   12.49 ^ sky130_fd_sc_hd__xnor2_4_i28951/Y (sky130_fd_sc_hd__xnor2_4)
     2    0.03    0.23    0.47   12.95 ^ __drvbuf_48/X (sky130_fd_sc_hd__buf_2)
     3    0.02    0.16    0.25   13.20 v sky130_fd_sc_hd__xnor2_2_i34514/Y (sky130_fd_sc_hd__xnor2_4)
     1    0.02    0.43    0.47   13.67 ^ sky130_fd_sc_hd__xnor2_2_i35938/Y (sky130_fd_sc_hd__xnor2_2)
     1    0.02    0.17    0.31   13.98 v sky130_fd_sc_hd__xnor2_2_i35947/Y (sky130_fd_sc_hd__xnor2_4)
     1    0.01    0.10    0.27   14.25 v sky130_fd_sc_hd__xnor2_2_i35950/Y (sky130_fd_sc_hd__xnor2_4)
     1    0.01    0.18    1.09   15.35 v sky130_fd_sc_hd__mux4_2_i35986/X (sky130_fd_sc_hd__mux4_2)
     2    0.08    0.21    0.57   15.91 v sky130_fd_sc_hd__o21ba_2_i35998/X (sky130_fd_sc_hd__o21ba_4)
     1    0.01    0.12    0.66   16.57 v sky130_fd_sc_hd__mux2_1_i36001/X (sky130_fd_sc_hd__mux2_2)
     1    0.00    0.04    0.08   16.65 ^ OUT_INV_1763/Y (sky130_fd_sc_hd__inv_4)
     1    0.00    0.07    0.25   16.90 ^ SCAN_MUX_1721/X (sky130_fd_sc_hd__mux2_2)
                  0.07    0.00   16.90 ^ reg_st[42]/D (sky130_fd_sc_hd__dfrtp_1)
                                 16.90   data arrival time

                         15.00   15.00   clock clk (rise edge)
                          0.00   15.00   clock source latency
     2    0.04    0.30    0.21   15.21 ^ clk (in)
     1    0.08    0.22    0.44   15.65 ^ __drvfix_5357/X (sky130_fd_sc_hd__clkbuf_8)
     3    0.06    0.12    0.35   16.00 ^ clkbuf_3_290/X (sky130_fd_sc_hd__clkbuf_16)
     3    0.10    0.28    0.41   16.41 ^ __drvfix_5360/X (sky130_fd_sc_hd__clkbuf_8)
     6    0.17    0.28    0.50   16.90 ^ clkbuf_2_286/X (sky130_fd_sc_hd__clkbuf_16)
     8    0.11    0.20    0.44   17.34 ^ clkbuf_1_267/X (sky130_fd_sc_hd__clkbuf_16)
     8    0.03    0.08    0.29   17.63 ^ clkbuf_0_89/X (sky130_fd_sc_hd__clkbuf_16)
                  0.08    0.00   17.63 ^ reg_st[42]/CLK (sky130_fd_sc_hd__dfrtp_1)
                         -0.25   17.38   clock uncertainty
                          0.00   17.38   clock reconvergence pessimism
                         -0.13   17.25   library setup time
                                 17.25   data required time
-----------------------------------------------------------------------------
                                 17.25   data required time
                                -16.90   data arrival time
-----------------------------------------------------------------------------
                                  0.34   slack (MET)


Startpoint: reg_st[17] (rising edge-triggered flip-flop clocked by clk)
Endpoint: reg_st[114] (rising edge-triggered flip-flop clocked by clk)
Path Group: clk
Path Type: max

Fanout     Cap    Slew   Delay    Time   Description
-----------------------------------------------------------------------------
                          0.00    0.00   clock clk (rise edge)
                          0.00    0.00   clock source latency
     2    0.04    0.30    0.21    0.21 ^ clk (in)
     1    0.08    0.22    0.44    0.65 ^ __drvfix_5357/X (sky130_fd_sc_hd__clkbuf_8)
     3    0.06    0.12    0.35    1.00 ^ clkbuf_3_290/X (sky130_fd_sc_hd__clkbuf_16)
     6    0.13    0.36    0.48    1.48 ^ __drvfix_5358/X (sky130_fd_sc_hd__clkbuf_8)
     2    0.06    0.12    0.40    1.88 ^ clkbuf_2_287/X (sky130_fd_sc_hd__clkbuf_16)
     4    0.13    0.34    0.46    2.34 ^ __drvfix_5362/X (sky130_fd_sc_hd__clkbuf_8)
     8    0.11    0.19    0.45    2.79 ^ clkbuf_1_269/X (sky130_fd_sc_hd__clkbuf_16)
     8    0.02    0.07    0.29    3.08 ^ clkbuf_0_127/X (sky130_fd_sc_hd__clkbuf_16)
                  0.07    0.00    3.08 ^ reg_st[17]/CLK (sky130_fd_sc_hd__dfrtp_1)
     2    0.01    0.20    0.74    3.82 ^ reg_st[17]/Q (sky130_fd_sc_hd__dfrtp_1)
     7    0.06    0.48    0.55    4.37 ^ __drvfix_82/X (sky130_fd_sc_hd__buf_2)
     5    0.03    0.26    0.59    4.96 ^ sky130_fd_sc_hd__and2b_4_i8632/X (sky130_fd_sc_hd__and2b_2)
     5    0.05    0.21    0.27    5.23 v INV_8632/Y (sky130_fd_sc_hd__inv_2)
     2    0.02    0.09    0.40    5.63 v sky130_fd_sc_hd__and2_4_i8745/X (sky130_fd_sc_hd__and2_4)
     6    0.05    0.25    0.42    6.05 v __drvfix_603/X (sky130_fd_sc_hd__buf_2)
     4    0.03    0.48    0.48    6.53 ^ sky130_fd_sc_hd__nor2_2_i9282/Y (sky130_fd_sc_hd__nor2_2)
     2    0.01    0.10    0.19    6.72 v INV_9282/Y (sky130_fd_sc_hd__inv_2)
     1    0.00    0.14    1.08    7.80 v sky130_fd_sc_hd__mux4_2_i9286/X (sky130_fd_sc_hd__mux4_1)
     1    0.01    0.22    0.80    8.60 v sky130_fd_sc_hd__mux2_1_i9302/X (sky130_fd_sc_hd__mux2_1)
     2    0.02    0.34    1.40   10.01 v sky130_fd_sc_hd__mux4_2_i9379/X (sky130_fd_sc_hd__mux4_1)
     1    0.14    0.31    0.59   10.59 v __drvfix_683/X (sky130_fd_sc_hd__buf_4)
     3    0.02    0.19    0.30   10.89 ^ INV_9379/Y (sky130_fd_sc_hd__inv_2)
     2    0.02    0.14    0.41   11.30 ^ sky130_fd_sc_hd__and2_2_i9380/X (sky130_fd_sc_hd__and2_4)
     2    0.03    0.10    0.11   11.41 v sky130_fd_sc_hd__nor2_8_i9382/Y (sky130_fd_sc_hd__nor2_8)
     6    0.09    0.21    0.42   11.83 v __drvfix_684/X (sky130_fd_sc_hd__buf_4)
     2    0.02    0.18    0.37   12.20 v sky130_fd_sc_hd__xnor2_2_i14623/Y (sky130_fd_sc_hd__xnor2_4)
     3    0.05    0.57    0.55   12.76 ^ sky130_fd_sc_hd__xnor2_4_i16138/Y (sky130_fd_sc_hd__xnor2_4)
     1    0.02    0.35    0.41   13.17 ^ sky130_fd_sc_hd__xnor2_2_i16141/Y (sky130_fd_sc_hd__xnor2_4)
     1    0.02    0.31    0.34   13.51 ^ sky130_fd_sc_hd__xnor2_2_i16144/Y (sky130_fd_sc_hd__xnor2_4)
     1    0.02    0.29    0.32   13.82 ^ sky130_fd_sc_hd__xnor2_2_i16147/Y (sky130_fd_sc_hd__xnor2_4)
     1    0.04    0.24    0.29   14.12 v sky130_fd_sc_hd__xnor2_2_i16150/Y (sky130_fd_sc_hd__xnor2_4)
     1    0.01    0.17    1.12   15.24 v sky130_fd_sc_hd__mux4_2_i16186/X (sky130_fd_sc_hd__mux4_2)
     2    0.09    0.23    0.57   15.81 v sky130_fd_sc_hd__o21ba_2_i16198/X (sky130_fd_sc_hd__o21ba_4)
     1    0.01    0.12    0.67   16.47 v sky130_fd_sc_hd__mux2_1_i16201/X (sky130_fd_sc_hd__mux2_2)
     1    0.00    0.04    0.08   16.55 ^ OUT_INV_1835/Y (sky130_fd_sc_hd__inv_4)
     1    0.00    0.08    0.26   16.81 ^ SCAN_MUX_1793/X (sky130_fd_sc_hd__mux2_2)
                  0.08    0.00   16.81 ^ reg_st[114]/D (sky130_fd_sc_hd__dfrtp_1)
                                 16.81   data arrival time

                         15.00   15.00   clock clk (rise edge)
                          0.00   15.00   clock source latency
     2    0.04    0.30    0.21   15.21 ^ clk (in)
     1    0.08    0.22    0.44   15.65 ^ __drvfix_5357/X (sky130_fd_sc_hd__clkbuf_8)
     3    0.06    0.12    0.35   16.00 ^ clkbuf_3_290/X (sky130_fd_sc_hd__clkbuf_16)
     3    0.10    0.28    0.41   16.41 ^ __drvfix_5360/X (sky130_fd_sc_hd__clkbuf_8)
     6    0.17    0.28    0.50   16.90 ^ clkbuf_2_286/X (sky130_fd_sc_hd__clkbuf_16)
     8    0.11    0.19    0.43   17.33 ^ clkbuf_1_261/X (sky130_fd_sc_hd__clkbuf_16)
     8    0.03    0.08    0.29   17.62 ^ clkbuf_0_94/X (sky130_fd_sc_hd__clkbuf_16)
                  0.08    0.00   17.62 ^ reg_st[114]/CLK (sky130_fd_sc_hd__dfrtp_1)
                         -0.25   17.37   clock uncertainty
                          0.00   17.37   clock reconvergence pessimism
                         -0.13   17.24   library setup time
                                 17.24   data required time
-----------------------------------------------------------------------------
                                 17.24   data required time
                                -16.81   data arrival time
-----------------------------------------------------------------------------
                                  0.43   slack (MET)


Startpoint: reg_st[17] (rising edge-triggered flip-flop clocked by clk)
Endpoint: reg_st[117] (rising edge-triggered flip-flop clocked by clk)
Path Group: clk
Path Type: max

Fanout     Cap    Slew   Delay    Time   Description
-----------------------------------------------------------------------------
                          0.00    0.00   clock clk (rise edge)
                          0.00    0.00   clock source latency
     2    0.04    0.30    0.21    0.21 ^ clk (in)
     1    0.08    0.22    0.44    0.65 ^ __drvfix_5357/X (sky130_fd_sc_hd__clkbuf_8)
     3    0.06    0.12    0.35    1.00 ^ clkbuf_3_290/X (sky130_fd_sc_hd__clkbuf_16)
     6    0.13    0.36    0.48    1.48 ^ __drvfix_5358/X (sky130_fd_sc_hd__clkbuf_8)
     2    0.06    0.12    0.40    1.88 ^ clkbuf_2_287/X (sky130_fd_sc_hd__clkbuf_16)
     4    0.13    0.34    0.46    2.34 ^ __drvfix_5362/X (sky130_fd_sc_hd__clkbuf_8)
     8    0.11    0.19    0.45    2.79 ^ clkbuf_1_269/X (sky130_fd_sc_hd__clkbuf_16)
     8    0.02    0.07    0.29    3.08 ^ clkbuf_0_127/X (sky130_fd_sc_hd__clkbuf_16)
                  0.07    0.00    3.08 ^ reg_st[17]/CLK (sky130_fd_sc_hd__dfrtp_1)
     2    0.01    0.20    0.74    3.82 ^ reg_st[17]/Q (sky130_fd_sc_hd__dfrtp_1)
     7    0.06    0.48    0.55    4.37 ^ __drvfix_82/X (sky130_fd_sc_hd__buf_2)
     5    0.03    0.26    0.59    4.96 ^ sky130_fd_sc_hd__and2b_4_i8632/X (sky130_fd_sc_hd__and2b_2)
     5    0.05    0.21    0.27    5.23 v INV_8632/Y (sky130_fd_sc_hd__inv_2)
     2    0.02    0.09    0.40    5.63 v sky130_fd_sc_hd__and2_4_i8745/X (sky130_fd_sc_hd__and2_4)
     6    0.05    0.25    0.42    6.05 v __drvfix_603/X (sky130_fd_sc_hd__buf_2)
     4    0.02    0.20    0.83    6.88 v sky130_fd_sc_hd__or2_2_i10987/X (sky130_fd_sc_hd__or2_2)
     1    0.01    0.21    1.24    8.12 v sky130_fd_sc_hd__mux4_2_i12235/X (sky130_fd_sc_hd__mux4_1)
     1    0.01    0.14    0.75    8.87 v sky130_fd_sc_hd__mux2_1_i12237/X (sky130_fd_sc_hd__mux2_1)
     2    0.03    0.29    1.29   10.16 v sky130_fd_sc_hd__mux4_2_i12241/X (sky130_fd_sc_hd__mux4_2)
     2    0.11    0.25    0.53   10.69 v __drvfix_848/X (sky130_fd_sc_hd__buf_4)
     2    0.01    0.10    0.32   11.01 v sky130_fd_sc_hd__xnor2_4_i12244/Y (sky130_fd_sc_hd__xnor2_4)
     2    0.08    0.20    0.40   11.41 v __drvfix_850/X (sky130_fd_sc_hd__buf_4)
     3    0.04    0.53    0.54   11.95 ^ sky130_fd_sc_hd__xnor2_4_i12247/Y (sky130_fd_sc_hd__xnor2_4)
     2    0.03    0.19    0.33   12.28 v sky130_fd_sc_hd__xnor2_2_i12250/Y (sky130_fd_sc_hd__xnor2_4)
     3    0.04    0.56    0.55   12.82 ^ sky130_fd_sc_hd__xnor2_4_i15823/Y (sky130_fd_sc_hd__xnor2_4)
     1    0.02    0.29    0.39   13.21 ^ sky130_fd_sc_hd__xnor2_2_i15826/Y (sky130_fd_sc_hd__xnor2_4)
     1    0.02    0.33    0.33   13.54 ^ sky130_fd_sc_hd__xnor2_2_i15829/Y (sky130_fd_sc_hd__xnor2_4)
     1    0.02    0.30    0.33   13.86 ^ sky130_fd_sc_hd__xnor2_2_i15832/Y (sky130_fd_sc_hd__xnor2_4)
     1    0.03    0.21    0.27   14.14 v sky130_fd_sc_hd__xnor2_2_i15835/Y (sky130_fd_sc_hd__xnor2_4)
     1    0.01    0.16    1.10   15.24 v sky130_fd_sc_hd__mux4_2_i15871/X (sky130_fd_sc_hd__mux4_2)
     2    0.11    0.27    0.60   15.84 v sky130_fd_sc_hd__o21ba_2_i15883/X (sky130_fd_sc_hd__o21ba_4)
     1    0.01    0.11    0.61   16.45 v sky130_fd_sc_hd__mux2_1_i15886/X (sky130_fd_sc_hd__mux2_4)
     1    0.00    0.04    0.08   16.53 ^ OUT_INV_1838/Y (sky130_fd_sc_hd__inv_6)
     1    0.00    0.07    0.26   16.79 ^ SCAN_MUX_1796/X (sky130_fd_sc_hd__mux2_4)
                  0.07    0.00   16.79 ^ reg_st[117]/D (sky130_fd_sc_hd__dfrtp_4)
                                 16.79   data arrival time

                         15.00   15.00   clock clk (rise edge)
                          0.00   15.00   clock source latency
     2    0.04    0.30    0.21   15.21 ^ clk (in)
     1    0.08    0.22    0.44   15.65 ^ __drvfix_5357/X (sky130_fd_sc_hd__clkbuf_8)
     3    0.06    0.12    0.35   16.00 ^ clkbuf_3_290/X (sky130_fd_sc_hd__clkbuf_16)
     3    0.10    0.28    0.41   16.41 ^ __drvfix_5360/X (sky130_fd_sc_hd__clkbuf_8)
     6    0.17    0.28    0.50   16.90 ^ clkbuf_2_286/X (sky130_fd_sc_hd__clkbuf_16)
     8    0.11    0.19    0.43   17.33 ^ clkbuf_1_261/X (sky130_fd_sc_hd__clkbuf_16)
     8    0.03    0.08    0.29   17.63 ^ clkbuf_0_68/X (sky130_fd_sc_hd__clkbuf_16)
                  0.08    0.00   17.63 ^ reg_st[117]/CLK (sky130_fd_sc_hd__dfrtp_4)
                         -0.25   17.38   clock uncertainty
                          0.00   17.38   clock reconvergence pessimism
                         -0.14   17.24   library setup time
                                 17.24   data required time
-----------------------------------------------------------------------------
                                 17.24   data required time
                                -16.79   data arrival time
-----------------------------------------------------------------------------
                                  0.45   slack (MET)


Startpoint: reg_st[17] (rising edge-triggered flip-flop clocked by clk)
Endpoint: reg_st[116] (rising edge-triggered flip-flop clocked by clk)
Path Group: clk
Path Type: max

Fanout     Cap    Slew   Delay    Time   Description
-----------------------------------------------------------------------------
                          0.00    0.00   clock clk (rise edge)
                          0.00    0.00   clock source latency
     2    0.04    0.30    0.21    0.21 ^ clk (in)
     1    0.08    0.22    0.44    0.65 ^ __drvfix_5357/X (sky130_fd_sc_hd__clkbuf_8)
     3    0.06    0.12    0.35    1.00 ^ clkbuf_3_290/X (sky130_fd_sc_hd__clkbuf_16)
     6    0.13    0.36    0.48    1.48 ^ __drvfix_5358/X (sky130_fd_sc_hd__clkbuf_8)
     2    0.06    0.12    0.40    1.88 ^ clkbuf_2_287/X (sky130_fd_sc_hd__clkbuf_16)
     4    0.13    0.34    0.46    2.34 ^ __drvfix_5362/X (sky130_fd_sc_hd__clkbuf_8)
     8    0.11    0.19    0.45    2.79 ^ clkbuf_1_269/X (sky130_fd_sc_hd__clkbuf_16)
     8    0.02    0.07    0.29    3.08 ^ clkbuf_0_127/X (sky130_fd_sc_hd__clkbuf_16)
                  0.07    0.00    3.08 ^ reg_st[17]/CLK (sky130_fd_sc_hd__dfrtp_1)
     2    0.01    0.20    0.74    3.82 ^ reg_st[17]/Q (sky130_fd_sc_hd__dfrtp_1)
     7    0.06    0.48    0.55    4.37 ^ __drvfix_82/X (sky130_fd_sc_hd__buf_2)
     5    0.03    0.26    0.59    4.96 ^ sky130_fd_sc_hd__and2b_4_i8632/X (sky130_fd_sc_hd__and2b_2)
     5    0.05    0.21    0.27    5.23 v INV_8632/Y (sky130_fd_sc_hd__inv_2)
     2    0.02    0.09    0.40    5.63 v sky130_fd_sc_hd__and2_4_i8745/X (sky130_fd_sc_hd__and2_4)
     6    0.05    0.25    0.42    6.05 v __drvfix_603/X (sky130_fd_sc_hd__buf_2)
     4    0.03    0.48    0.48    6.53 ^ sky130_fd_sc_hd__nor2_2_i9282/Y (sky130_fd_sc_hd__nor2_2)
     2    0.01    0.10    0.19    6.72 v INV_9282/Y (sky130_fd_sc_hd__inv_2)
     1    0.00    0.14    1.08    7.80 v sky130_fd_sc_hd__mux4_2_i9286/X (sky130_fd_sc_hd__mux4_1)
     1    0.01    0.22    0.80    8.60 v sky130_fd_sc_hd__mux2_1_i9302/X (sky130_fd_sc_hd__mux2_1)
     2    0.02    0.34    1.40   10.01 v sky130_fd_sc_hd__mux4_2_i9379/X (sky130_fd_sc_hd__mux4_1)
     1    0.14    0.31    0.59   10.59 v __drvfix_683/X (sky130_fd_sc_hd__buf_4)
     3    0.02    0.19    0.30   10.89 ^ INV_9379/Y (sky130_fd_sc_hd__inv_2)
     2    0.02    0.14    0.41   11.30 ^ sky130_fd_sc_hd__and2_2_i9380/X (sky130_fd_sc_hd__and2_4)
     2    0.03    0.10    0.11   11.41 v sky130_fd_sc_hd__nor2_8_i9382/Y (sky130_fd_sc_hd__nor2_8)
     6    0.09    0.21    0.42   11.83 v __drvfix_684/X (sky130_fd_sc_hd__buf_4)
     2    0.02    0.34    0.44   12.27 ^ sky130_fd_sc_hd__xnor2_4_i13311/Y (sky130_fd_sc_hd__xnor2_4)
     2    0.03    0.21    0.42   12.69 ^ __drvbuf_98/X (sky130_fd_sc_hd__buf_2)
     3    0.03    0.40    0.33   13.02 ^ sky130_fd_sc_hd__xnor2_4_i15929/Y (sky130_fd_sc_hd__xnor2_4)
     1    0.01    0.16    0.26   13.28 v sky130_fd_sc_hd__xnor2_2_i15932/Y (sky130_fd_sc_hd__xnor2_2)
     1    0.02    0.49    0.48   13.75 ^ sky130_fd_sc_hd__xnor2_2_i15935/Y (sky130_fd_sc_hd__xnor2_2)
     1    0.02    0.14    0.28   14.04 v sky130_fd_sc_hd__xnor2_2_i15938/Y (sky130_fd_sc_hd__xnor2_4)
     1    0.04    0.48    0.47   14.50 ^ sky130_fd_sc_hd__xnor2_2_i15941/Y (sky130_fd_sc_hd__xnor2_4)
     1    0.01    0.10    0.23   14.74 v sky130_fd_sc_hd__a21oi_2_i15982/Y (sky130_fd_sc_hd__a21oi_4)
     1    0.00    0.06    0.36   15.10 v sky130_fd_sc_hd__o21ba_2_i15984/X (sky130_fd_sc_hd__o21ba_4)
     2    0.11    0.27    0.59   15.69 v sky130_fd_sc_hd__o21ba_2_i15996/X (sky130_fd_sc_hd__o21ba_4)
     1    0.00    0.05    0.41   16.10 v sky130_fd_sc_hd__a21o_2_i15998/X (sky130_fd_sc_hd__a21o_4)
     1    0.00    0.10    0.54   16.64 v SCAN_MUX_1795/X (sky130_fd_sc_hd__mux2_2)
                  0.10    0.00   16.64 v reg_st[116]/D (sky130_fd_sc_hd__dfrtp_1)
                                 16.64   data arrival time

                         15.00   15.00   clock clk (rise edge)
                          0.00   15.00   clock source latency
     2    0.04    0.30    0.21   15.21 ^ clk (in)
     1    0.08    0.22    0.44   15.65 ^ __drvfix_5357/X (sky130_fd_sc_hd__clkbuf_8)
     3    0.06    0.12    0.35   16.00 ^ clkbuf_3_290/X (sky130_fd_sc_hd__clkbuf_16)
     3    0.10    0.28    0.41   16.41 ^ __drvfix_5360/X (sky130_fd_sc_hd__clkbuf_8)
     6    0.17    0.28    0.50   16.90 ^ clkbuf_2_286/X (sky130_fd_sc_hd__clkbuf_16)
     8    0.11    0.19    0.43   17.33 ^ clkbuf_1_261/X (sky130_fd_sc_hd__clkbuf_16)
     8    0.03    0.08    0.29   17.63 ^ clkbuf_0_68/X (sky130_fd_sc_hd__clkbuf_16)
                  0.08    0.00   17.63 ^ reg_st[116]/CLK (sky130_fd_sc_hd__dfrtp_1)
                         -0.25   17.38   clock uncertainty
                          0.00   17.38   clock reconvergence pessimism
                         -0.29   17.09   library setup time
                                 17.09   data required time
-----------------------------------------------------------------------------
                                 17.09   data required time
                                -16.64   data arrival time
-----------------------------------------------------------------------------
                                  0.45   slack (MET)


