Startpoint: rst_n (input port clocked by clk)
Endpoint: reg_r_data_r[0] (recovery check against rising-edge clock clk)
Path Group: asynchronous
Path Type: max

Fanout     Cap    Slew   Delay    Time   Description
-----------------------------------------------------------------------------
                          0.00    0.00   clock clk (rise edge)
                          0.00    0.00   clock network delay (propagated)
                          3.00    3.00 ^ input external delay
     1    0.01    0.05    0.03    3.03 ^ rst_n (in)
     2    0.06    0.08    0.13    3.17 ^ __inbuf_0/X (sky130_fd_sc_hd__buf_12)
     2    0.12    0.34    0.32    3.49 ^ __drvbuf_90/X (sky130_fd_sc_hd__buf_4)
     4    0.06    0.16    0.31    3.80 ^ rst_n_fobuf68/X (sky130_fd_sc_hd__buf_4)
     5    0.04    0.22    0.27    4.07 ^ __drvfix_2872/X (sky130_fd_sc_hd__buf_2)
     4    0.07    0.19    0.27    4.34 ^ rst_n_fobuf66/X (sky130_fd_sc_hd__buf_4)
     8    0.07    0.36    0.38    4.72 ^ __drvfix_2864/X (sky130_fd_sc_hd__buf_2)
                  0.36    0.00    4.73 ^ reg_r_data_r[0]/RESET_B (sky130_fd_sc_hd__dfrtp_1)
                                  4.73   data arrival time

                         15.00   15.00   clock clk (rise edge)
                          0.00   15.00   clock source latency
     2    0.04    0.19    0.13   15.13 ^ clk (in)
     1    0.08    0.14    0.25   15.38 ^ __drvfix_5357/X (sky130_fd_sc_hd__clkbuf_8)
     3    0.06    0.08    0.20   15.58 ^ clkbuf_3_290/X (sky130_fd_sc_hd__clkbuf_16)
     2    0.12    0.21    0.26   15.84 ^ __drvfix_5359/X (sky130_fd_sc_hd__clkbuf_8)
     8    0.16    0.17    0.28   16.12 ^ clkbuf_2_288/X (sky130_fd_sc_hd__clkbuf_16)
     1    0.00    0.05    0.16   16.28 ^ HICG_L0_0_sky130_fd_sc_hd__sdlclkp_1/X (sky130_fd_sc_hd__and2_1)
     3    0.01    0.13    0.14   16.42 ^ clkbuf_0_253/X (sky130_fd_sc_hd__clkbuf_1)
                  0.13    0.00   16.42 ^ reg_r_data_r[0]/CLK (sky130_fd_sc_hd__dfrtp_1)
                         -0.25   16.17   clock uncertainty
                          0.00   16.17   clock reconvergence pessimism
                          0.17   16.34   library recovery time
                                 16.34   data required time
-----------------------------------------------------------------------------
                                 16.34   data required time
                                 -4.73   data arrival time
-----------------------------------------------------------------------------
                                 11.62   slack (MET)


Startpoint: rst_n (input port clocked by clk)
Endpoint: reg_r_data_r[2] (recovery check against rising-edge clock clk)
Path Group: asynchronous
Path Type: max

Fanout     Cap    Slew   Delay    Time   Description
-----------------------------------------------------------------------------
                          0.00    0.00   clock clk (rise edge)
                          0.00    0.00   clock network delay (propagated)
                          3.00    3.00 ^ input external delay
     1    0.01    0.05    0.03    3.03 ^ rst_n (in)
     2    0.06    0.08    0.13    3.17 ^ __inbuf_0/X (sky130_fd_sc_hd__buf_12)
     2    0.12    0.34    0.32    3.49 ^ __drvbuf_90/X (sky130_fd_sc_hd__buf_4)
     4    0.06    0.16    0.31    3.80 ^ rst_n_fobuf68/X (sky130_fd_sc_hd__buf_4)
     5    0.04    0.22    0.27    4.07 ^ __drvfix_2872/X (sky130_fd_sc_hd__buf_2)
     4    0.07    0.19    0.27    4.34 ^ rst_n_fobuf66/X (sky130_fd_sc_hd__buf_4)
     8    0.07    0.36    0.38    4.72 ^ __drvfix_2864/X (sky130_fd_sc_hd__buf_2)
                  0.36    0.00    4.73 ^ reg_r_data_r[2]/RESET_B (sky130_fd_sc_hd__dfrtp_1)
                                  4.73   data arrival time

                         15.00   15.00   clock clk (rise edge)
                          0.00   15.00   clock source latency
     2    0.04    0.19    0.13   15.13 ^ clk (in)
     1    0.08    0.14    0.25   15.38 ^ __drvfix_5357/X (sky130_fd_sc_hd__clkbuf_8)
     3    0.06    0.08    0.20   15.58 ^ clkbuf_3_290/X (sky130_fd_sc_hd__clkbuf_16)
     2    0.12    0.21    0.26   15.84 ^ __drvfix_5359/X (sky130_fd_sc_hd__clkbuf_8)
     8    0.16    0.17    0.28   16.12 ^ clkbuf_2_288/X (sky130_fd_sc_hd__clkbuf_16)
     1    0.00    0.05    0.16   16.28 ^ HICG_L0_0_sky130_fd_sc_hd__sdlclkp_1/X (sky130_fd_sc_hd__and2_1)
     3    0.01    0.13    0.14   16.42 ^ clkbuf_0_253/X (sky130_fd_sc_hd__clkbuf_1)
                  0.13    0.00   16.42 ^ reg_r_data_r[2]/CLK (sky130_fd_sc_hd__dfrtp_1)
                         -0.25   16.17   clock uncertainty
                          0.00   16.17   clock reconvergence pessimism
                          0.17   16.34   library recovery time
                                 16.34   data required time
-----------------------------------------------------------------------------
                                 16.34   data required time
                                 -4.73   data arrival time
-----------------------------------------------------------------------------
                                 11.62   slack (MET)


Startpoint: rst_n (input port clocked by clk)
Endpoint: reg_data_in_1[4] (recovery check against rising-edge clock clk)
Path Group: asynchronous
Path Type: max

Fanout     Cap    Slew   Delay    Time   Description
-----------------------------------------------------------------------------
                          0.00    0.00   clock clk (rise edge)
                          0.00    0.00   clock network delay (propagated)
                          3.00    3.00 ^ input external delay
     1    0.01    0.05    0.03    3.03 ^ rst_n (in)
     2    0.06    0.08    0.13    3.17 ^ __inbuf_0/X (sky130_fd_sc_hd__buf_12)
     2    0.12    0.34    0.32    3.49 ^ __drvbuf_90/X (sky130_fd_sc_hd__buf_4)
     4    0.07    0.19    0.33    3.82 ^ rst_n_fobuf70/X (sky130_fd_sc_hd__buf_4)
     6    0.06    0.30    0.34    4.16 ^ __drvfix_2878/X (sky130_fd_sc_hd__buf_2)
     4    0.06    0.17    0.28    4.44 ^ rst_n_fobuf58/X (sky130_fd_sc_hd__buf_4)
     8    0.07    0.33    0.35    4.79 ^ __drvfix_2833/X (sky130_fd_sc_hd__buf_2)
                  0.33    0.00    4.79 ^ reg_data_in_1[4]/RESET_B (sky130_fd_sc_hd__dfrtp_4)
                                  4.79   data arrival time

                         15.00   15.00   clock clk (rise edge)
                          0.00   15.00   clock source latency
     2    0.04    0.19    0.13   15.13 ^ clk (in)
     1    0.08    0.14    0.25   15.38 ^ __drvfix_5357/X (sky130_fd_sc_hd__clkbuf_8)
     3    0.06    0.08    0.20   15.58 ^ clkbuf_3_290/X (sky130_fd_sc_hd__clkbuf_16)
     2    0.12    0.21    0.26   15.84 ^ __drvfix_5359/X (sky130_fd_sc_hd__clkbuf_8)
     8    0.16    0.17    0.28   16.12 ^ clkbuf_2_288/X (sky130_fd_sc_hd__clkbuf_16)
     8    0.11    0.13    0.24   16.37 ^ clkbuf_1_266/X (sky130_fd_sc_hd__clkbuf_16)
     8    0.03    0.05    0.17   16.53 ^ clkbuf_0_83/X (sky130_fd_sc_hd__clkbuf_16)
                  0.05    0.00   16.53 ^ reg_data_in_1[4]/CLK (sky130_fd_sc_hd__dfrtp_4)
                         -0.25   16.28   clock uncertainty
                          0.00   16.28   clock reconvergence pessimism
                          0.13   16.41   library recovery time
                                 16.41   data required time
-----------------------------------------------------------------------------
                                 16.41   data required time
                                 -4.79   data arrival time
-----------------------------------------------------------------------------
                                 11.62   slack (MET)


Startpoint: rst_n (input port clocked by clk)
Endpoint: reg_data_in_1[5] (recovery check against rising-edge clock clk)
Path Group: asynchronous
Path Type: max

Fanout     Cap    Slew   Delay    Time   Description
-----------------------------------------------------------------------------
                          0.00    0.00   clock clk (rise edge)
                          0.00    0.00   clock network delay (propagated)
                          3.00    3.00 ^ input external delay
     1    0.01    0.05    0.03    3.03 ^ rst_n (in)
     2    0.06    0.08    0.13    3.17 ^ __inbuf_0/X (sky130_fd_sc_hd__buf_12)
     2    0.12    0.34    0.32    3.49 ^ __drvbuf_90/X (sky130_fd_sc_hd__buf_4)
     4    0.07    0.19    0.33    3.82 ^ rst_n_fobuf70/X (sky130_fd_sc_hd__buf_4)
     6    0.06    0.30    0.34    4.16 ^ __drvfix_2878/X (sky130_fd_sc_hd__buf_2)
     4    0.06    0.17    0.28    4.44 ^ rst_n_fobuf58/X (sky130_fd_sc_hd__buf_4)
     8    0.07    0.33    0.35    4.79 ^ __drvfix_2833/X (sky130_fd_sc_hd__buf_2)
                  0.33    0.00    4.79 ^ reg_data_in_1[5]/RESET_B (sky130_fd_sc_hd__dfrtp_4)
                                  4.79   data arrival time

                         15.00   15.00   clock clk (rise edge)
                          0.00   15.00   clock source latency
     2    0.04    0.19    0.13   15.13 ^ clk (in)
     1    0.08    0.14    0.25   15.38 ^ __drvfix_5357/X (sky130_fd_sc_hd__clkbuf_8)
     3    0.06    0.08    0.20   15.58 ^ clkbuf_3_290/X (sky130_fd_sc_hd__clkbuf_16)
     2    0.12    0.21    0.26   15.84 ^ __drvfix_5359/X (sky130_fd_sc_hd__clkbuf_8)
     8    0.16    0.17    0.28   16.12 ^ clkbuf_2_288/X (sky130_fd_sc_hd__clkbuf_16)
     8    0.11    0.13    0.24   16.37 ^ clkbuf_1_266/X (sky130_fd_sc_hd__clkbuf_16)
     8    0.03    0.05    0.17   16.53 ^ clkbuf_0_83/X (sky130_fd_sc_hd__clkbuf_16)
                  0.05    0.00   16.53 ^ reg_data_in_1[5]/CLK (sky130_fd_sc_hd__dfrtp_4)
                         -0.25   16.28   clock uncertainty
                          0.00   16.28   clock reconvergence pessimism
                          0.13   16.41   library recovery time
                                 16.41   data required time
-----------------------------------------------------------------------------
                                 16.41   data required time
                                 -4.79   data arrival time
-----------------------------------------------------------------------------
                                 11.62   slack (MET)


Startpoint: rst_n (input port clocked by clk)
Endpoint: reg_data_in_1[2] (recovery check against rising-edge clock clk)
Path Group: asynchronous
Path Type: max

Fanout     Cap    Slew   Delay    Time   Description
-----------------------------------------------------------------------------
                          0.00    0.00   clock clk (rise edge)
                          0.00    0.00   clock network delay (propagated)
                          3.00    3.00 ^ input external delay
     1    0.01    0.05    0.03    3.03 ^ rst_n (in)
     2    0.06    0.08    0.13    3.17 ^ __inbuf_0/X (sky130_fd_sc_hd__buf_12)
     2    0.12    0.34    0.32    3.49 ^ __drvbuf_90/X (sky130_fd_sc_hd__buf_4)
     4    0.07    0.19    0.33    3.82 ^ rst_n_fobuf70/X (sky130_fd_sc_hd__buf_4)
     6    0.06    0.30    0.34    4.16 ^ __drvfix_2878/X (sky130_fd_sc_hd__buf_2)
     4    0.06    0.17    0.28    4.44 ^ rst_n_fobuf58/X (sky130_fd_sc_hd__buf_4)
     8    0.07    0.33    0.35    4.79 ^ __drvfix_2833/X (sky130_fd_sc_hd__buf_2)
                  0.33    0.00    4.79 ^ reg_data_in_1[2]/RESET_B (sky130_fd_sc_hd__dfrtp_4)
                                  4.79   data arrival time

                         15.00   15.00   clock clk (rise edge)
                          0.00   15.00   clock source latency
     2    0.04    0.19    0.13   15.13 ^ clk (in)
     1    0.08    0.14    0.25   15.38 ^ __drvfix_5357/X (sky130_fd_sc_hd__clkbuf_8)
     3    0.06    0.08    0.20   15.58 ^ clkbuf_3_290/X (sky130_fd_sc_hd__clkbuf_16)
     2    0.12    0.21    0.26   15.84 ^ __drvfix_5359/X (sky130_fd_sc_hd__clkbuf_8)
     8    0.16    0.17    0.28   16.12 ^ clkbuf_2_288/X (sky130_fd_sc_hd__clkbuf_16)
     8    0.11    0.13    0.24   16.37 ^ clkbuf_1_266/X (sky130_fd_sc_hd__clkbuf_16)
     8    0.03    0.05    0.17   16.53 ^ clkbuf_0_83/X (sky130_fd_sc_hd__clkbuf_16)
                  0.05    0.00   16.53 ^ reg_data_in_1[2]/CLK (sky130_fd_sc_hd__dfrtp_4)
                         -0.25   16.28   clock uncertainty
                          0.00   16.28   clock reconvergence pessimism
                          0.13   16.41   library recovery time
                                 16.41   data required time
-----------------------------------------------------------------------------
                                 16.41   data required time
                                 -4.79   data arrival time
-----------------------------------------------------------------------------
                                 11.62   slack (MET)


Startpoint: HICG_L1_5_latch (positive level-sensitive latch clocked by clk')
Endpoint: HICG_L1_5_sky130_fd_sc_hd__sdlclkp_1
          (rising clock gating-check end-point clocked by clk)
Path Group: gated clock
Path Type: max

Fanout     Cap    Slew   Delay    Time   Description
-----------------------------------------------------------------------------
                          7.50    7.50   clock clk' (rise edge)
                          0.00    7.50   clock source latency
     2    0.04    0.09    0.07    7.57 v clk (in)
     1    0.08    0.09    0.21    7.78 v __drvfix_5357/X (sky130_fd_sc_hd__clkbuf_8)
     3    0.06    0.06    0.20    7.97 v clkbuf_3_290/X (sky130_fd_sc_hd__clkbuf_16)
     3    0.10    0.11    0.21    8.19 v __drvfix_5360/X (sky130_fd_sc_hd__clkbuf_8)
     1    0.00    0.04    0.07    8.26 ^ HICG_L1_5_inv/Y (sky130_fd_sc_hd__clkinv_1)
     1    0.00    0.04    0.19    8.44 ^ HICG_L1_5_gdly/X (sky130_fd_sc_hd__dlygate4sd1_1)
                  0.04    0.00    8.44 ^ HICG_L1_5_latch/GATE (sky130_fd_sc_hd__dlxtp_1)
     1    0.00    0.04    0.30    8.75 ^ HICG_L1_5_latch/Q (sky130_fd_sc_hd__dlxtp_1)
     1    0.00    0.05    0.53    9.28 ^ __holdfix_230/X (sky130_fd_sc_hd__dlygate4sd3_1)
                  0.05    0.00    9.28 ^ HICG_L1_5_sky130_fd_sc_hd__sdlclkp_1/B (sky130_fd_sc_hd__and2_1)
                                  9.28   data arrival time

                         15.00   15.00   clock clk (rise edge)
                          0.00   15.00   clock source latency
     2    0.04    0.19    0.13   15.13 ^ clk (in)
     1    0.08    0.14    0.25   15.38 ^ __drvfix_5357/X (sky130_fd_sc_hd__clkbuf_8)
     3    0.06    0.08    0.20   15.58 ^ clkbuf_3_290/X (sky130_fd_sc_hd__clkbuf_16)
     3    0.10    0.18    0.23   15.81 ^ __drvfix_5360/X (sky130_fd_sc_hd__clkbuf_8)
                  0.18    0.01   15.82 ^ HICG_L1_5_sky130_fd_sc_hd__sdlclkp_1/A (sky130_fd_sc_hd__and2_1)
                         -0.25   15.57   clock uncertainty
                          0.00   15.57   clock reconvergence pessimism
                          0.00   15.57   clock gating setup time
                                 15.57   data required time
-----------------------------------------------------------------------------
                                 15.57   data required time
                                 -9.28   data arrival time
-----------------------------------------------------------------------------
                                  6.30   slack (MET)


Startpoint: HICG_L0_1_latch (positive level-sensitive latch clocked by clk')
Endpoint: HICG_L0_1_sky130_fd_sc_hd__sdlclkp_1
          (rising clock gating-check end-point clocked by clk)
Path Group: gated clock
Path Type: max

Fanout     Cap    Slew   Delay    Time   Description
-----------------------------------------------------------------------------
                          7.50    7.50   clock clk' (rise edge)
                          0.00    7.50   clock source latency
     2    0.04    0.09    0.07    7.57 v clk (in)
     1    0.08    0.09    0.21    7.78 v __drvfix_5357/X (sky130_fd_sc_hd__clkbuf_8)
     3    0.06    0.06    0.20    7.97 v clkbuf_3_290/X (sky130_fd_sc_hd__clkbuf_16)
     6    0.13    0.14    0.24    8.22 v __drvfix_5358/X (sky130_fd_sc_hd__clkbuf_8)
     1    0.00    0.04    0.07    8.29 ^ HICG_L0_1_inv/Y (sky130_fd_sc_hd__clkinv_1)
     1    0.00    0.03    0.18    8.47 ^ HICG_L0_1_gdly/X (sky130_fd_sc_hd__dlygate4sd1_1)
                  0.03    0.00    8.47 ^ HICG_L0_1_latch/GATE (sky130_fd_sc_hd__dlxtp_1)
     1    0.00    0.03    0.29    8.76 ^ HICG_L0_1_latch/Q (sky130_fd_sc_hd__dlxtp_1)
     1    0.00    0.06    0.54    9.30 ^ __holdfix_231/X (sky130_fd_sc_hd__dlygate4sd3_1)
                  0.06    0.00    9.30 ^ HICG_L0_1_sky130_fd_sc_hd__sdlclkp_1/B (sky130_fd_sc_hd__and2_2)
                                  9.30   data arrival time

                         15.00   15.00   clock clk (rise edge)
                          0.00   15.00   clock source latency
     2    0.04    0.19    0.13   15.13 ^ clk (in)
     1    0.08    0.14    0.25   15.38 ^ __drvfix_5357/X (sky130_fd_sc_hd__clkbuf_8)
     3    0.06    0.08    0.20   15.58 ^ clkbuf_3_290/X (sky130_fd_sc_hd__clkbuf_16)
     6    0.13    0.23    0.28   15.86 ^ __drvfix_5358/X (sky130_fd_sc_hd__clkbuf_8)
                  0.24    0.00   15.86 ^ HICG_L0_1_sky130_fd_sc_hd__sdlclkp_1/A (sky130_fd_sc_hd__and2_2)
                         -0.25   15.61   clock uncertainty
                          0.00   15.61   clock reconvergence pessimism
                          0.00   15.61   clock gating setup time
                                 15.61   data required time
-----------------------------------------------------------------------------
                                 15.61   data required time
                                 -9.30   data arrival time
-----------------------------------------------------------------------------
                                  6.31   slack (MET)


Startpoint: HICG_L0_4_latch (positive level-sensitive latch clocked by clk')
Endpoint: HICG_L0_4_sky130_fd_sc_hd__sdlclkp_1
          (rising clock gating-check end-point clocked by clk)
Path Group: gated clock
Path Type: max

Fanout     Cap    Slew   Delay    Time   Description
-----------------------------------------------------------------------------
                          7.50    7.50   clock clk' (rise edge)
                          0.00    7.50   clock source latency
     2    0.04    0.09    0.07    7.57 v clk (in)
     1    0.08    0.09    0.21    7.78 v __drvfix_5357/X (sky130_fd_sc_hd__clkbuf_8)
     3    0.06    0.06    0.20    7.97 v clkbuf_3_290/X (sky130_fd_sc_hd__clkbuf_16)
     6    0.13    0.14    0.24    8.22 v __drvfix_5358/X (sky130_fd_sc_hd__clkbuf_8)
     1    0.00    0.04    0.07    8.29 ^ HICG_L0_4_inv/Y (sky130_fd_sc_hd__clkinv_1)
     1    0.00    0.04    0.18    8.47 ^ HICG_L0_4_gdly/X (sky130_fd_sc_hd__dlygate4sd1_1)
                  0.04    0.00    8.47 ^ HICG_L0_4_latch/GATE (sky130_fd_sc_hd__dlxtp_1)
     1    0.00    0.04    0.30    8.77 ^ HICG_L0_4_latch/Q (sky130_fd_sc_hd__dlxtp_1)
     1    0.00    0.05    0.52    9.29 ^ __holdfix_234/X (sky130_fd_sc_hd__dlygate4sd3_1)
                  0.05    0.00    9.29 ^ HICG_L0_4_sky130_fd_sc_hd__sdlclkp_1/B (sky130_fd_sc_hd__and2_2)
                                  9.29   data arrival time

                         15.00   15.00   clock clk (rise edge)
                          0.00   15.00   clock source latency
     2    0.04    0.19    0.13   15.13 ^ clk (in)
     1    0.08    0.14    0.25   15.38 ^ __drvfix_5357/X (sky130_fd_sc_hd__clkbuf_8)
     3    0.06    0.08    0.20   15.58 ^ clkbuf_3_290/X (sky130_fd_sc_hd__clkbuf_16)
     6    0.13    0.23    0.28   15.86 ^ __drvfix_5358/X (sky130_fd_sc_hd__clkbuf_8)
                  0.24    0.01   15.86 ^ HICG_L0_4_sky130_fd_sc_hd__sdlclkp_1/A (sky130_fd_sc_hd__and2_2)
                         -0.25   15.61   clock uncertainty
                          0.00   15.61   clock reconvergence pessimism
                          0.00   15.61   clock gating setup time
                                 15.61   data required time
-----------------------------------------------------------------------------
                                 15.61   data required time
                                 -9.29   data arrival time
-----------------------------------------------------------------------------
                                  6.33   slack (MET)


Startpoint: HICG_L0_0_latch (positive level-sensitive latch clocked by clk')
Endpoint: HICG_L0_0_sky130_fd_sc_hd__sdlclkp_1
          (rising clock gating-check end-point clocked by clk)
Path Group: gated clock
Path Type: max

Fanout     Cap    Slew   Delay    Time   Description
-----------------------------------------------------------------------------
                          7.50    7.50   clock clk' (rise edge)
                          0.00    7.50   clock source latency
     2    0.04    0.09    0.07    7.57 v clk (in)
     1    0.08    0.09    0.21    7.78 v __drvfix_5357/X (sky130_fd_sc_hd__clkbuf_8)
     3    0.06    0.06    0.20    7.97 v clkbuf_3_290/X (sky130_fd_sc_hd__clkbuf_16)
     2    0.12    0.13    0.23    8.20 v __drvfix_5359/X (sky130_fd_sc_hd__clkbuf_8)
     8    0.15    0.11    0.26    8.46 v clkbuf_2_288/X (sky130_fd_sc_hd__clkbuf_16)
     1    0.00    0.04    0.06    8.52 ^ HICG_L0_0_inv/Y (sky130_fd_sc_hd__clkinv_1)
     1    0.00    0.04    0.18    8.71 ^ HICG_L0_0_gdly/X (sky130_fd_sc_hd__dlygate4sd1_1)
                  0.04    0.00    8.71 ^ HICG_L0_0_latch/GATE (sky130_fd_sc_hd__dlxtp_1)
     1    0.00    0.04    0.30    9.00 ^ HICG_L0_0_latch/Q (sky130_fd_sc_hd__dlxtp_1)
     1    0.00    0.05    0.53    9.53 ^ __holdfix_229/X (sky130_fd_sc_hd__dlygate4sd3_1)
                  0.05    0.00    9.53 ^ HICG_L0_0_sky130_fd_sc_hd__sdlclkp_1/B (sky130_fd_sc_hd__and2_1)
                                  9.53   data arrival time

                         15.00   15.00   clock clk (rise edge)
                          0.00   15.00   clock source latency
     2    0.04    0.19    0.13   15.13 ^ clk (in)
     1    0.08    0.14    0.25   15.38 ^ __drvfix_5357/X (sky130_fd_sc_hd__clkbuf_8)
     3    0.06    0.08    0.20   15.58 ^ clkbuf_3_290/X (sky130_fd_sc_hd__clkbuf_16)
     2    0.12    0.21    0.26   15.84 ^ __drvfix_5359/X (sky130_fd_sc_hd__clkbuf_8)
     8    0.16    0.17    0.28   16.12 ^ clkbuf_2_288/X (sky130_fd_sc_hd__clkbuf_16)
                  0.17    0.00   16.13 ^ HICG_L0_0_sky130_fd_sc_hd__sdlclkp_1/A (sky130_fd_sc_hd__and2_1)
                         -0.25   15.88   clock uncertainty
                          0.00   15.88   clock reconvergence pessimism
                          0.00   15.88   clock gating setup time
                                 15.88   data required time
-----------------------------------------------------------------------------
                                 15.88   data required time
                                 -9.53   data arrival time
-----------------------------------------------------------------------------
                                  6.34   slack (MET)


Startpoint: HICG_L0_2_latch (positive level-sensitive latch clocked by clk')
Endpoint: HICG_L0_2_sky130_fd_sc_hd__sdlclkp_1
          (rising clock gating-check end-point clocked by clk)
Path Group: gated clock
Path Type: max

Fanout     Cap    Slew   Delay    Time   Description
-----------------------------------------------------------------------------
                          7.50    7.50   clock clk' (rise edge)
                          0.00    7.50   clock source latency
     2    0.04    0.09    0.07    7.57 v clk (in)
     1    0.08    0.09    0.21    7.78 v __drvfix_5357/X (sky130_fd_sc_hd__clkbuf_8)
     3    0.06    0.06    0.20    7.97 v clkbuf_3_290/X (sky130_fd_sc_hd__clkbuf_16)
     3    0.10    0.11    0.21    8.19 v __drvfix_5360/X (sky130_fd_sc_hd__clkbuf_8)
     1    0.03    0.14    0.27    8.45 v HICG_L1_5_sky130_fd_sc_hd__sdlclkp_1/X (sky130_fd_sc_hd__and2_1)
     4    0.06    0.06    0.21    8.67 v clkbuf_0_276/X (sky130_fd_sc_hd__clkbuf_16)
     1    0.00    0.02    0.04    8.71 ^ HICG_L0_2_inv/Y (sky130_fd_sc_hd__clkinv_1)
     1    0.00    0.04    0.18    8.90 ^ HICG_L0_2_gdly/X (sky130_fd_sc_hd__dlygate4sd1_1)
                  0.04    0.00    8.90 ^ HICG_L0_2_latch/GATE (sky130_fd_sc_hd__dlxtp_1)
     1    0.00    0.05    0.31    9.21 ^ HICG_L0_2_latch/Q (sky130_fd_sc_hd__dlxtp_1)
     1    0.00    0.05    0.53    9.73 ^ __holdfix_233/X (sky130_fd_sc_hd__dlygate4sd3_1)
                  0.05    0.00    9.73 ^ HICG_L0_2_sky130_fd_sc_hd__sdlclkp_1/B (sky130_fd_sc_hd__and2_2)
                                  9.73   data arrival time

                         15.00   15.00   clock clk (rise edge)
                          0.00   15.00   clock source latency
     2    0.04    0.19    0.13   15.13 ^ clk (in)
     1    0.08    0.14    0.25   15.38 ^ __drvfix_5357/X (sky130_fd_sc_hd__clkbuf_8)
     3    0.06    0.08    0.20   15.58 ^ clkbuf_3_290/X (sky130_fd_sc_hd__clkbuf_16)
     3    0.10    0.18    0.23   15.81 ^ __drvfix_5360/X (sky130_fd_sc_hd__clkbuf_8)
     1    0.03    0.28    0.33   16.14 ^ HICG_L1_5_sky130_fd_sc_hd__sdlclkp_1/X (sky130_fd_sc_hd__and2_1)
     4    0.06    0.08    0.23   16.38 ^ clkbuf_0_276/X (sky130_fd_sc_hd__clkbuf_16)
                  0.08    0.00   16.38 ^ HICG_L0_2_sky130_fd_sc_hd__sdlclkp_1/A (sky130_fd_sc_hd__and2_2)
                         -0.25   16.13   clock uncertainty
                          0.00   16.13   clock reconvergence pessimism
                          0.00   16.13   clock gating setup time
                                 16.13   data required time
-----------------------------------------------------------------------------
                                 16.13   data required time
                                 -9.73   data arrival time
-----------------------------------------------------------------------------
                                  6.40   slack (MET)


Startpoint: rst_n (input port clocked by clk)
Endpoint: HICG_L0_1_latch (positive level-sensitive latch clocked by clk')
Path Group: clk
Path Type: max

Fanout     Cap    Slew   Delay    Time   Description
-----------------------------------------------------------------------------
                          0.00    0.00   clock clk (rise edge)
                          0.00    0.00   clock network delay (propagated)
                          3.00    3.00 ^ input external delay
     1    0.01    0.05    0.03    3.03 ^ rst_n (in)
     2    0.06    0.08    0.13    3.17 ^ __inbuf_0/X (sky130_fd_sc_hd__buf_12)
     2    0.12    0.34    0.32    3.49 ^ __drvbuf_90/X (sky130_fd_sc_hd__buf_4)
     4    0.07    0.19    0.33    3.82 ^ rst_n_fobuf70/X (sky130_fd_sc_hd__buf_4)
     6    0.03    0.39    0.36    4.18 ^ __drvfix_2880/X (sky130_fd_sc_hd__buf_1)
     4    0.05    0.16    0.28    4.46 ^ rst_n_fobuf0/X (sky130_fd_sc_hd__buf_4)
     8    0.05    0.22    0.28    4.73 ^ __drvfix_2598/X (sky130_fd_sc_hd__buf_2)
     1    0.06    0.14    0.18    4.91 v INV_2/Y (sky130_fd_sc_hd__inv_2)
     3    0.08    0.29    0.31    5.22 ^ sky130_fd_sc_hd__nor2_8_i4723/Y (sky130_fd_sc_hd__nor2_8)
     4    0.04    0.13    0.26    5.48 ^ n4723_fobuf148/X (sky130_fd_sc_hd__buf_4)
     5    0.04    0.21    0.26    5.74 ^ __drvfix_3135/X (sky130_fd_sc_hd__buf_2)
     1    0.00    0.05    0.14    5.87 ^ HICG_L0_1_latch_TE_OR/X (sky130_fd_sc_hd__or2_1)
                  0.05    0.00    5.87 ^ HICG_L0_1_latch/D (sky130_fd_sc_hd__dlxtp_1)
                                  5.87   data arrival time

                          7.50    7.50   clock clk' (rise edge)
                          0.00    7.50   clock source latency
     2    0.04    0.09    0.07    7.57 v clk (in)
     1    0.08    0.09    0.21    7.78 v __drvfix_5357/X (sky130_fd_sc_hd__clkbuf_8)
     3    0.06    0.06    0.20    7.97 v clkbuf_3_290/X (sky130_fd_sc_hd__clkbuf_16)
     6    0.13    0.14    0.24    8.22 v __drvfix_5358/X (sky130_fd_sc_hd__clkbuf_8)
     1    0.00    0.04    0.07    8.29 ^ HICG_L0_1_inv/Y (sky130_fd_sc_hd__clkinv_1)
     1    0.00    0.03    0.18    8.47 ^ HICG_L0_1_gdly/X (sky130_fd_sc_hd__dlygate4sd1_1)
                  0.03    0.00    8.47 ^ HICG_L0_1_latch/GATE (sky130_fd_sc_hd__dlxtp_1)
                         -0.25    8.22   clock uncertainty
                          0.00    8.22   clock reconvergence pessimism
                          0.00    8.22   time borrowed from endpoint
                                  8.22   data required time
-----------------------------------------------------------------------------
                                  8.22   data required time
                                 -5.87   data arrival time
-----------------------------------------------------------------------------
                                  2.35   slack (MET)

Time Borrowing Information
--------------------------------------------
clk' nominal pulse width                7.50
clock latency difference                0.21
library setup time                     -0.20
--------------------------------------------
max time borrow                         7.51
actual time borrow                      0.00
--------------------------------------------


Startpoint: reg_key_expanding (rising edge-triggered flip-flop clocked by clk)
Endpoint: HICG_L0_4_latch (positive level-sensitive latch clocked by clk')
Path Group: clk
Path Type: max

Fanout     Cap    Slew   Delay    Time   Description
-----------------------------------------------------------------------------
                          0.00    0.00   clock clk (rise edge)
                          0.00    0.00   clock source latency
     2    0.04    0.19    0.13    0.13 ^ clk (in)
     1    0.08    0.14    0.25    0.38 ^ __drvfix_5357/X (sky130_fd_sc_hd__clkbuf_8)
     3    0.06    0.08    0.20    0.58 ^ clkbuf_3_290/X (sky130_fd_sc_hd__clkbuf_16)
     6    0.13    0.23    0.28    0.86 ^ __drvfix_5358/X (sky130_fd_sc_hd__clkbuf_8)
     2    0.06    0.08    0.22    1.08 ^ clkbuf_2_287/X (sky130_fd_sc_hd__clkbuf_16)
     4    0.13    0.22    0.27    1.35 ^ __drvfix_5362/X (sky130_fd_sc_hd__clkbuf_8)
     8    0.12    0.13    0.27    1.61 ^ clkbuf_1_271/X (sky130_fd_sc_hd__clkbuf_16)
     8    0.03    0.05    0.17    1.78 ^ clkbuf_0_148/X (sky130_fd_sc_hd__clkbuf_16)
                  0.05    0.00    1.78 ^ reg_key_expanding/CLK (sky130_fd_sc_hd__dfrtp_1)
     2    0.01    0.10    0.37    2.15 ^ reg_key_expanding/Q (sky130_fd_sc_hd__dfrtp_1)
     6    0.03    0.15    0.20    2.35 ^ __drvfix_7/X (sky130_fd_sc_hd__buf_2)
     4    0.01    0.11    0.16    2.51 ^ sky130_fd_sc_hd__buf_1_204_0/X (sky130_fd_sc_hd__buf_1)
     7    0.06    0.29    0.30    2.81 ^ __drvfix_2030/X (sky130_fd_sc_hd__buf_2)
     2    0.01    0.07    0.08    2.90 v INV_205/Y (sky130_fd_sc_hd__inv_2)
     5    0.03    0.09    0.19    3.09 v __drvfix_277/X (sky130_fd_sc_hd__buf_2)
     2    0.03    0.34    0.32    3.40 ^ sky130_fd_sc_hd__nor2_8_i46016/Y (sky130_fd_sc_hd__nor2_2)
     3    0.11    0.32    0.38    3.78 ^ __drvfix_1735/X (sky130_fd_sc_hd__buf_4)
     3    0.08    0.21    0.31    4.10 ^ sky130_fd_sc_hd__buf_4_20345_2/X (sky130_fd_sc_hd__buf_4)
     4    0.03    0.10    0.21    4.30 ^ buf_n46016_2_fobuf472/X (sky130_fd_sc_hd__buf_4)
     8    0.04    0.22    0.25    4.55 ^ __drvfix_4394/X (sky130_fd_sc_hd__buf_2)
     1    0.00    0.04    0.13    4.69 ^ HICG_L0_4_latch_TE_OR/X (sky130_fd_sc_hd__or2_1)
                  0.04    0.00    4.69 ^ HICG_L0_4_latch/D (sky130_fd_sc_hd__dlxtp_1)
                                  4.69   data arrival time

                          7.50    7.50   clock clk' (rise edge)
                          0.00    7.50   clock source latency
     2    0.04    0.09    0.07    7.57 v clk (in)
     1    0.08    0.09    0.21    7.78 v __drvfix_5357/X (sky130_fd_sc_hd__clkbuf_8)
     3    0.06    0.06    0.20    7.97 v clkbuf_3_290/X (sky130_fd_sc_hd__clkbuf_16)
     6    0.13    0.14    0.24    8.22 v __drvfix_5358/X (sky130_fd_sc_hd__clkbuf_8)
     1    0.00    0.04    0.07    8.29 ^ HICG_L0_4_inv/Y (sky130_fd_sc_hd__clkinv_1)
     1    0.00    0.04    0.18    8.47 ^ HICG_L0_4_gdly/X (sky130_fd_sc_hd__dlygate4sd1_1)
                  0.04    0.00    8.47 ^ HICG_L0_4_latch/GATE (sky130_fd_sc_hd__dlxtp_1)
                         -0.25    8.22   clock uncertainty
                          0.00    8.22   clock reconvergence pessimism
                          0.00    8.22   time borrowed from endpoint
                                  8.22   data required time
-----------------------------------------------------------------------------
                                  8.22   data required time
                                 -4.69   data arrival time
-----------------------------------------------------------------------------
                                  3.53   slack (MET)

Time Borrowing Information
--------------------------------------------
clk' nominal pulse width                7.50
clock latency difference                0.21
library setup time                     -0.20
--------------------------------------------
max time borrow                         7.51
actual time borrow                      0.00
--------------------------------------------


Startpoint: scan_enable (input port clocked by clk)
Endpoint: HICG_L1_5_latch (positive level-sensitive latch clocked by clk')
Path Group: clk
Path Type: max

Fanout     Cap    Slew   Delay    Time   Description
-----------------------------------------------------------------------------
                          0.00    0.00   clock clk (rise edge)
                          0.00    0.00   clock network delay (propagated)
                          3.00    3.00 ^ input external delay
     1    0.00    0.02    0.01    3.01 ^ scan_enable (in)
     3    0.11    0.31    0.28    3.29 ^ __inbuf_62/X (sky130_fd_sc_hd__buf_4)
     4    0.03    0.09    0.24    3.53 ^ scan_enable_fobuf661/X (sky130_fd_sc_hd__buf_4)
     6    0.04    0.19    0.23    3.76 ^ __drvfix_5156/X (sky130_fd_sc_hd__buf_2)
     4    0.04    0.11    0.20    3.96 ^ scan_enable_fobuf591/X (sky130_fd_sc_hd__buf_4)
     8    0.11    0.31    0.32    4.28 ^ __drvfix_4872/X (sky130_fd_sc_hd__buf_4)
     1    0.00    0.05    0.16    4.44 ^ HICG_L1_5_latch_TE_OR/X (sky130_fd_sc_hd__or2_1)
                  0.05    0.00    4.44 ^ HICG_L1_5_latch/D (sky130_fd_sc_hd__dlxtp_1)
                                  4.44   data arrival time

                          7.50    7.50   clock clk' (rise edge)
                          0.00    7.50   clock source latency
     2    0.04    0.09    0.07    7.57 v clk (in)
     1    0.08    0.09    0.21    7.78 v __drvfix_5357/X (sky130_fd_sc_hd__clkbuf_8)
     3    0.06    0.06    0.20    7.97 v clkbuf_3_290/X (sky130_fd_sc_hd__clkbuf_16)
     3    0.10    0.11    0.21    8.19 v __drvfix_5360/X (sky130_fd_sc_hd__clkbuf_8)
     1    0.00    0.04    0.07    8.26 ^ HICG_L1_5_inv/Y (sky130_fd_sc_hd__clkinv_1)
     1    0.00    0.04    0.19    8.44 ^ HICG_L1_5_gdly/X (sky130_fd_sc_hd__dlygate4sd1_1)
                  0.04    0.00    8.44 ^ HICG_L1_5_latch/GATE (sky130_fd_sc_hd__dlxtp_1)
                         -0.25    8.19   clock uncertainty
                          0.00    8.19   clock reconvergence pessimism
                          0.00    8.19   time borrowed from endpoint
                                  8.19   data required time
-----------------------------------------------------------------------------
                                  8.19   data required time
                                 -4.44   data arrival time
-----------------------------------------------------------------------------
                                  3.75   slack (MET)

Time Borrowing Information
--------------------------------------------
clk' nominal pulse width                7.50
clock latency difference                0.18
library setup time                     -0.20
--------------------------------------------
max time borrow                         7.48
actual time borrow                      0.00
--------------------------------------------


Startpoint: reg_key_expanding (rising edge-triggered flip-flop clocked by clk)
Endpoint: HICG_L0_3_latch (positive level-sensitive latch clocked by clk')
Path Group: clk
Path Type: max

Fanout     Cap    Slew   Delay    Time   Description
-----------------------------------------------------------------------------
                          0.00    0.00   clock clk (rise edge)
                          0.00    0.00   clock source latency
     2    0.04    0.19    0.13    0.13 ^ clk (in)
     1    0.08    0.14    0.25    0.38 ^ __drvfix_5357/X (sky130_fd_sc_hd__clkbuf_8)
     3    0.06    0.08    0.20    0.58 ^ clkbuf_3_290/X (sky130_fd_sc_hd__clkbuf_16)
     6    0.13    0.23    0.28    0.86 ^ __drvfix_5358/X (sky130_fd_sc_hd__clkbuf_8)
     2    0.06    0.08    0.22    1.08 ^ clkbuf_2_287/X (sky130_fd_sc_hd__clkbuf_16)
     4    0.13    0.22    0.27    1.35 ^ __drvfix_5362/X (sky130_fd_sc_hd__clkbuf_8)
     8    0.12    0.13    0.27    1.61 ^ clkbuf_1_271/X (sky130_fd_sc_hd__clkbuf_16)
     8    0.03    0.05    0.17    1.78 ^ clkbuf_0_148/X (sky130_fd_sc_hd__clkbuf_16)
                  0.05    0.00    1.78 ^ reg_key_expanding/CLK (sky130_fd_sc_hd__dfrtp_1)
     2    0.01    0.10    0.37    2.15 ^ reg_key_expanding/Q (sky130_fd_sc_hd__dfrtp_1)
     6    0.03    0.15    0.20    2.35 ^ __drvfix_7/X (sky130_fd_sc_hd__buf_2)
     4    0.01    0.11    0.16    2.51 ^ sky130_fd_sc_hd__buf_1_204_0/X (sky130_fd_sc_hd__buf_1)
     7    0.06    0.29    0.30    2.81 ^ __drvfix_2030/X (sky130_fd_sc_hd__buf_2)
     2    0.01    0.07    0.08    2.90 v INV_205/Y (sky130_fd_sc_hd__inv_2)
     5    0.03    0.09    0.19    3.09 v __drvfix_277/X (sky130_fd_sc_hd__buf_2)
     2    0.03    0.34    0.32    3.40 ^ sky130_fd_sc_hd__nor2_8_i46016/Y (sky130_fd_sc_hd__nor2_2)
     2    0.12    0.34    0.38    3.78 ^ __drvfix_1734/X (sky130_fd_sc_hd__buf_4)
     3    0.08    0.21    0.34    4.12 ^ sky130_fd_sc_hd__buf_4_20345_1/X (sky130_fd_sc_hd__buf_4)
     4    0.04    0.11    0.22    4.35 ^ buf_n46016_1_fobuf469/X (sky130_fd_sc_hd__buf_4)
     7    0.07    0.33    0.33    4.68 ^ __drvfix_4380/X (sky130_fd_sc_hd__buf_2)
     1    0.00    0.05    0.16    4.84 ^ HICG_L0_3_latch_TE_OR/X (sky130_fd_sc_hd__or2_1)
                  0.05    0.00    4.84 ^ HICG_L0_3_latch/D (sky130_fd_sc_hd__dlxtp_1)
                                  4.84   data arrival time

                          7.50    7.50   clock clk' (rise edge)
                          0.00    7.50   clock source latency
     2    0.04    0.09    0.07    7.57 v clk (in)
     1    0.08    0.09    0.21    7.78 v __drvfix_5357/X (sky130_fd_sc_hd__clkbuf_8)
     3    0.06    0.06    0.20    7.97 v clkbuf_3_290/X (sky130_fd_sc_hd__clkbuf_16)
     3    0.10    0.11    0.21    8.19 v __drvfix_5360/X (sky130_fd_sc_hd__clkbuf_8)
     1    0.03    0.14    0.27    8.45 v HICG_L1_5_sky130_fd_sc_hd__sdlclkp_1/X (sky130_fd_sc_hd__and2_1)
     4    0.06    0.06    0.21    8.67 v clkbuf_0_276/X (sky130_fd_sc_hd__clkbuf_16)
     1    0.00    0.03    0.05    8.72 ^ HICG_L0_3_inv/Y (sky130_fd_sc_hd__clkinv_1)
     1    0.00    0.03    0.18    8.89 ^ HICG_L0_3_gdly/X (sky130_fd_sc_hd__dlygate4sd1_1)
                  0.03    0.00    8.89 ^ HICG_L0_3_latch/GATE (sky130_fd_sc_hd__dlxtp_1)
                         -0.25    8.64   clock uncertainty
                          0.00    8.64   clock reconvergence pessimism
                          0.00    8.64   time borrowed from endpoint
                                  8.64   data required time
-----------------------------------------------------------------------------
                                  8.64   data required time
                                 -4.84   data arrival time
-----------------------------------------------------------------------------
                                  3.80   slack (MET)

Time Borrowing Information
--------------------------------------------
clk' nominal pulse width                7.50
clock latency difference                0.26
library setup time                     -0.20
--------------------------------------------
max time borrow                         7.56
actual time borrow                      0.00
--------------------------------------------


Startpoint: reg_key_expanding (rising edge-triggered flip-flop clocked by clk)
Endpoint: HICG_L0_2_latch (positive level-sensitive latch clocked by clk')
Path Group: clk
Path Type: max

Fanout     Cap    Slew   Delay    Time   Description
-----------------------------------------------------------------------------
                          0.00    0.00   clock clk (rise edge)
                          0.00    0.00   clock source latency
     2    0.04    0.19    0.13    0.13 ^ clk (in)
     1    0.08    0.14    0.25    0.38 ^ __drvfix_5357/X (sky130_fd_sc_hd__clkbuf_8)
     3    0.06    0.08    0.20    0.58 ^ clkbuf_3_290/X (sky130_fd_sc_hd__clkbuf_16)
     6    0.13    0.23    0.28    0.86 ^ __drvfix_5358/X (sky130_fd_sc_hd__clkbuf_8)
     2    0.06    0.08    0.22    1.08 ^ clkbuf_2_287/X (sky130_fd_sc_hd__clkbuf_16)
     4    0.13    0.22    0.27    1.35 ^ __drvfix_5362/X (sky130_fd_sc_hd__clkbuf_8)
     8    0.12    0.13    0.27    1.61 ^ clkbuf_1_271/X (sky130_fd_sc_hd__clkbuf_16)
     8    0.03    0.05    0.17    1.78 ^ clkbuf_0_148/X (sky130_fd_sc_hd__clkbuf_16)
                  0.05    0.00    1.78 ^ reg_key_expanding/CLK (sky130_fd_sc_hd__dfrtp_1)
     2    0.01    0.10    0.37    2.15 ^ reg_key_expanding/Q (sky130_fd_sc_hd__dfrtp_1)
     6    0.03    0.15    0.20    2.35 ^ __drvfix_7/X (sky130_fd_sc_hd__buf_2)
     4    0.01    0.11    0.16    2.51 ^ sky130_fd_sc_hd__buf_1_204_0/X (sky130_fd_sc_hd__buf_1)
     7    0.06    0.29    0.30    2.81 ^ __drvfix_2030/X (sky130_fd_sc_hd__buf_2)
     2    0.01    0.07    0.08    2.90 v INV_205/Y (sky130_fd_sc_hd__inv_2)
     5    0.03    0.09    0.19    3.09 v __drvfix_277/X (sky130_fd_sc_hd__buf_2)
     2    0.03    0.34    0.32    3.40 ^ sky130_fd_sc_hd__nor2_8_i46016/Y (sky130_fd_sc_hd__nor2_2)
     3    0.11    0.32    0.38    3.78 ^ __drvfix_1735/X (sky130_fd_sc_hd__buf_4)
     3    0.10    0.28    0.36    4.15 ^ sky130_fd_sc_hd__buf_4_20345_0/X (sky130_fd_sc_hd__buf_4)
     4    0.04    0.13    0.25    4.40 ^ buf_n46016_0_fobuf465/X (sky130_fd_sc_hd__buf_4)
     8    0.09    0.25    0.29    4.69 ^ __drvfix_4364/X (sky130_fd_sc_hd__buf_4)
     1    0.00    0.05    0.16    4.84 ^ HICG_L0_2_latch_TE_OR/X (sky130_fd_sc_hd__or2_1)
                  0.05    0.00    4.84 ^ HICG_L0_2_latch/D (sky130_fd_sc_hd__dlxtp_1)
                                  4.84   data arrival time

                          7.50    7.50   clock clk' (rise edge)
                          0.00    7.50   clock source latency
     2    0.04    0.09    0.07    7.57 v clk (in)
     1    0.08    0.09    0.21    7.78 v __drvfix_5357/X (sky130_fd_sc_hd__clkbuf_8)
     3    0.06    0.06    0.20    7.97 v clkbuf_3_290/X (sky130_fd_sc_hd__clkbuf_16)
     3    0.10    0.11    0.21    8.19 v __drvfix_5360/X (sky130_fd_sc_hd__clkbuf_8)
     1    0.03    0.14    0.27    8.45 v HICG_L1_5_sky130_fd_sc_hd__sdlclkp_1/X (sky130_fd_sc_hd__and2_1)
     4    0.06    0.06    0.21    8.67 v clkbuf_0_276/X (sky130_fd_sc_hd__clkbuf_16)
     1    0.00    0.02    0.04    8.71 ^ HICG_L0_2_inv/Y (sky130_fd_sc_hd__clkinv_1)
     1    0.00    0.04    0.18    8.90 ^ HICG_L0_2_gdly/X (sky130_fd_sc_hd__dlygate4sd1_1)
                  0.04    0.00    8.90 ^ HICG_L0_2_latch/GATE (sky130_fd_sc_hd__dlxtp_1)
                         -0.25    8.65   clock uncertainty
                          0.00    8.65   clock reconvergence pessimism
                          0.00    8.65   time borrowed from endpoint
                                  8.65   data required time
-----------------------------------------------------------------------------
                                  8.65   data required time
                                 -4.84   data arrival time
-----------------------------------------------------------------------------
                                  3.80   slack (MET)

Time Borrowing Information
--------------------------------------------
clk' nominal pulse width                7.50
clock latency difference                0.26
library setup time                     -0.20
--------------------------------------------
max time borrow                         7.56
actual time borrow                      0.00
--------------------------------------------


